Component: ARM Compiler 5.06 update 5 (build 528) Tool: armlink [4d35e2]

==============================================================================

Section Cross References

    startup_stm32f407xx.o(STACK) refers (Special) to heapauxi.o(.text) for __use_two_region_memory
    startup_stm32f407xx.o(HEAP) refers (Special) to heapauxi.o(.text) for __use_two_region_memory
    startup_stm32f407xx.o(RESET) refers (Special) to heapauxi.o(.text) for __use_two_region_memory
    startup_stm32f407xx.o(RESET) refers to startup_stm32f407xx.o(STACK) for __initial_sp
    startup_stm32f407xx.o(RESET) refers to startup_stm32f407xx.o(.text) for Reset_Handler
    startup_stm32f407xx.o(RESET) refers to stm32f4xx_it.o(i.NMI_Handler) for NMI_Handler
    startup_stm32f407xx.o(RESET) refers to stm32f4xx_it.o(i.HardFault_Handler) for HardFault_Handler
    startup_stm32f407xx.o(RESET) refers to stm32f4xx_it.o(i.MemManage_Handler) for MemManage_Handler
    startup_stm32f407xx.o(RESET) refers to stm32f4xx_it.o(i.BusFault_Handler) for BusFault_Handler
    startup_stm32f407xx.o(RESET) refers to stm32f4xx_it.o(i.UsageFault_Handler) for UsageFault_Handler
    startup_stm32f407xx.o(RESET) refers to stm32f4xx_it.o(i.SVC_Handler) for SVC_Handler
    startup_stm32f407xx.o(RESET) refers to stm32f4xx_it.o(i.DebugMon_Handler) for DebugMon_Handler
    startup_stm32f407xx.o(RESET) refers to stm32f4xx_it.o(i.PendSV_Handler) for PendSV_Handler
    startup_stm32f407xx.o(RESET) refers to stm32f4xx_it.o(i.SysTick_Handler) for SysTick_Handler
    startup_stm32f407xx.o(RESET) refers to stm32f4xx_it.o(i.CAN1_RX0_IRQHandler) for CAN1_RX0_IRQHandler
    startup_stm32f407xx.o(RESET) refers to stm32f4xx_it.o(i.OTG_FS_IRQHandler) for OTG_FS_IRQHandler
    startup_stm32f407xx.o(.text) refers (Special) to heapauxi.o(.text) for __use_two_region_memory
    startup_stm32f407xx.o(.text) refers to system_stm32f4xx.o(i.SystemInit) for SystemInit
    startup_stm32f407xx.o(.text) refers to __main.o(!!!main) for __main
    startup_stm32f407xx.o(.text) refers to startup_stm32f407xx.o(HEAP) for Heap_Mem
    startup_stm32f407xx.o(.text) refers to startup_stm32f407xx.o(STACK) for Stack_Mem
    dm_d4340p.o(i.DM_D4340P_ClearError) refers to dm_d4340p.o(i.DM_D4340P_SendCommand) for DM_D4340P_SendCommand
    dm_d4340p.o(i.DM_D4340P_Disable) refers to dm_d4340p.o(i.DM_D4340P_SendCommand) for DM_D4340P_SendCommand
    dm_d4340p.o(i.DM_D4340P_Enable) refers to dm_d4340p.o(i.DM_D4340P_SendCommand) for DM_D4340P_SendCommand
    dm_d4340p.o(i.DM_D4340P_Init) refers to dm_d4340p.o(.data) for .data
    dm_d4340p.o(i.DM_D4340P_MitControl) refers to dm_d4340p.o(i.DM_D4340P_FloatToUint) for DM_D4340P_FloatToUint
    dm_d4340p.o(i.DM_D4340P_MitControl) refers to dm_d4340p.o(i.DM_D4340P_Send) for DM_D4340P_Send
    dm_d4340p.o(i.DM_D4340P_Send) refers to stm32f4xx_hal_can.o(i.HAL_CAN_GetTxMailboxesFreeLevel) for HAL_CAN_GetTxMailboxesFreeLevel
    dm_d4340p.o(i.DM_D4340P_Send) refers to stm32f4xx_hal_can.o(i.HAL_CAN_AddTxMessage) for HAL_CAN_AddTxMessage
    dm_d4340p.o(i.DM_D4340P_Send) refers to dm_d4340p.o(.data) for .data
    dm_d4340p.o(i.DM_D4340P_SendCommand) refers to dm_d4340p.o(i.DM_D4340P_Send) for DM_D4340P_Send
    dm_d4340p.o(i.DM_D4340P_SetZero) refers to dm_d4340p.o(i.DM_D4340P_SendCommand) for DM_D4340P_SendCommand
    dm_d4340p.o(i.HAL_CAN_RxFifo0MsgPendingCallback) refers to stm32f4xx_hal_can.o(i.HAL_CAN_GetRxMessage) for HAL_CAN_GetRxMessage
    dm_d4340p.o(i.HAL_CAN_RxFifo0MsgPendingCallback) refers to dm_d4340p.o(i.DM_D4340P_UintToFloat) for DM_D4340P_UintToFloat
    dm_d4340p.o(i.HAL_CAN_RxFifo0MsgPendingCallback) refers to dm_d4340p.o(.bss) for .bss
    usb_motor_comm.o(i.USB_MotorComm_GetCommand) refers to rt_memcpy_w.o(.text) for __aeabi_memcpy4
    usb_motor_comm.o(i.USB_MotorComm_GetCommand) refers to usb_motor_comm.o(.data) for .data
    usb_motor_comm.o(i.USB_MotorComm_GetCommand) refers to usb_motor_comm.o(.bss) for .bss
    usb_motor_comm.o(i.USB_MotorComm_ParseCommand) refers to rt_memcpy_w.o(.text) for __aeabi_memcpy4
    usb_motor_comm.o(i.USB_MotorComm_ParseCommand) refers to usb_motor_comm.o(.bss) for .bss
    usb_motor_comm.o(i.USB_MotorComm_ParseCommand) refers to usb_motor_comm.o(.data) for .data
    usb_motor_comm.o(i.USB_MotorComm_Receive) refers to usb_motor_comm.o(i.USB_MotorComm_Crc16) for USB_MotorComm_Crc16
    usb_motor_comm.o(i.USB_MotorComm_Receive) refers to usb_motor_comm.o(i.USB_MotorComm_ParseCommand) for USB_MotorComm_ParseCommand
    usb_motor_comm.o(i.USB_MotorComm_Receive) refers to usb_motor_comm.o(.bss) for .bss
    usb_motor_comm.o(i.USB_MotorComm_Receive) refers to usb_motor_comm.o(.data) for .data
    usb_motor_comm.o(i.USB_MotorComm_SendFeedback) refers to usb_motor_comm.o(i.USB_MotorComm_WriteUint16) for USB_MotorComm_WriteUint16
    usb_motor_comm.o(i.USB_MotorComm_SendFeedback) refers to usb_motor_comm.o(i.USB_MotorComm_Crc16) for USB_MotorComm_Crc16
[...]
    USBD_GetLen                              0x08002cc5   Thumb Code    20  usbd_ctlreq.o(i.USBD_GetLen)
    i.USBD_GetNextDesc                       0x08002cd8   Section        0  usbd_core.o(i.USBD_GetNextDesc)
    i.USBD_GetString                         0x08002ce6   Section        0  usbd_ctlreq.o(i.USBD_GetString)
    i.USBD_Get_USB_Status                    0x08002d34   Section        0  usbd_conf.o(i.USBD_Get_USB_Status)
    i.USBD_Init                              0x08002d4c   Section        0  usbd_core.o(i.USBD_Init)
    i.USBD_LL_ClearStallEP                   0x08002d72   Section        0  usbd_conf.o(i.USBD_LL_ClearStallEP)
    i.USBD_LL_CloseEP                        0x08002d84   Section        0  usbd_conf.o(i.USBD_LL_CloseEP)
    i.USBD_LL_DataInStage                    0x08002d96   Section        0  usbd_core.o(i.USBD_LL_DataInStage)
    i.USBD_LL_DataOutStage                   0x08002e4e   Section        0  usbd_core.o(i.USBD_LL_DataOutStage)
    i.USBD_LL_DevConnected                   0x08002ee2   Section        0  usbd_core.o(i.USBD_LL_DevConnected)
    i.USBD_LL_DevDisconnected                0x08002ee6   Section        0  usbd_core.o(i.USBD_LL_DevDisconnected)
    i.USBD_LL_GetRxDataSize                  0x08002f04   Section        0  usbd_conf.o(i.USBD_LL_GetRxDataSize)
    i.USBD_LL_Init                           0x08002f0c   Section        0  usbd_conf.o(i.USBD_LL_Init)
    i.USBD_LL_IsStallEP                      0x08002f6c   Section        0  usbd_conf.o(i.USBD_LL_IsStallEP)
    i.USBD_LL_IsoINIncomplete                0x08002f8a   Section        0  usbd_core.o(i.USBD_LL_IsoINIncomplete)
    i.USBD_LL_IsoOUTIncomplete               0x08002fb2   Section        0  usbd_core.o(i.USBD_LL_IsoOUTIncomplete)
    i.USBD_LL_OpenEP                         0x08002fda   Section        0  usbd_conf.o(i.USBD_LL_OpenEP)
    i.USBD_LL_PrepareReceive                 0x08002ff2   Section        0  usbd_conf.o(i.USBD_LL_PrepareReceive)
    i.USBD_LL_Reset                          0x08003004   Section        0  usbd_core.o(i.USBD_LL_Reset)
    i.USBD_LL_Resume                         0x08003062   Section        0  usbd_core.o(i.USBD_LL_Resume)
    i.USBD_LL_SOF                            0x08003076   Section        0  usbd_core.o(i.USBD_LL_SOF)
    i.USBD_LL_SetSpeed                       0x08003090   Section        0  usbd_core.o(i.USBD_LL_SetSpeed)
    i.USBD_LL_SetUSBAddress                  0x08003096   Section        0  usbd_conf.o(i.USBD_LL_SetUSBAddress)
    i.USBD_LL_SetupStage                     0x080030a8   Section        0  usbd_core.o(i.USBD_LL_SetupStage)
    i.USBD_LL_StallEP                        0x08003108   Section        0  usbd_conf.o(i.USBD_LL_StallEP)
    i.USBD_LL_Start                          0x0800311a   Section        0  usbd_conf.o(i.USBD_LL_Start)
    i.USBD_LL_Suspend                        0x0800312c   Section        0  usbd_core.o(i.USBD_LL_Suspend)
    i.USBD_LL_Transmit                       0x08003146   Section        0  usbd_conf.o(i.USBD_LL_Transmit)
    i.USBD_ParseSetupRequest                 0x08003158   Section        0  usbd_ctlreq.o(i.USBD_ParseSetupRequest)
    i.USBD_RegisterClass                     0x08003184   Section        0  usbd_core.o(i.USBD_RegisterClass)
    i.USBD_SetClassConfig                    0x080031be   Section        0  usbd_core.o(i.USBD_SetClassConfig)
    i.USBD_SetConfig                         0x080031d4   Section        0  usbd_ctlreq.o(i.USBD_SetConfig)
    USBD_SetConfig                           0x080031d5   Thumb Code   180  usbd_ctlreq.o(i.USBD_SetConfig)
    i.USBD_Start                             0x0800328c   Section        0  usbd_core.o(i.USBD_Start)
    i.USBD_StdDevReq                         0x08003290   Section        0  usbd_ctlreq.o(i.USBD_StdDevReq)
    i.USBD_StdEPReq                          0x080033bc   Section        0  usbd_ctlreq.o(i.USBD_StdEPReq)
    i.USBD_StdItfReq                         0x08003522   Section        0  usbd_ctlreq.o(i.USBD_StdItfReq)
    i.USBD_static_free                       0x08003594   Section        0  usbd_conf.o(i.USBD_static_free)
    i.USBD_static_malloc                     0x08003598   Section        0  usbd_conf.o(i.USBD_static_malloc)
    i.USB_ActivateEndpoint                   0x080035a0   Section        0  stm32f4xx_ll_usb.o(i.USB_ActivateEndpoint)
    i.USB_ActivateSetup                      0x08003620   Section        0  stm32f4xx_ll_usb.o(i.USB_ActivateSetup)
    i.USB_CoreInit                           0x0800363c   Section        0  stm32f4xx_ll_usb.o(i.USB_CoreInit)
    i.USB_CoreReset                          0x080036c0   Section        0  stm32f4xx_ll_usb.o(i.USB_CoreReset)
    USB_CoreReset                            0x080036c1   Thumb Code    68  stm32f4xx_ll_usb.o(i.USB_CoreReset)
    i.USB_DeactivateEndpoint                 0x08003704   Section        0  stm32f4xx_ll_usb.o(i.USB_DeactivateEndpoint)
    i.USB_DevConnect                         0x080037d0   Section        0  stm32f4xx_ll_usb.o(i.USB_DevConnect)
    i.USB_DevDisconnect                      0x080037ec   Section        0  stm32f4xx_ll_usb.o(i.USB_DevDisconnect)
    i.USB_DevInit                            0x08003808   Section        0  stm32f4xx_ll_usb.o(i.USB_DevInit)
    i.USB_DisableGlobalInt                   0x08003984   Section        0  stm32f4xx_ll_usb.o(i.USB_DisableGlobalInt)
    i.USB_EP0_OutStart                       0x08003990   Section        0  stm32f4xx_ll_usb.o(i.USB_EP0_OutStart)
    i.USB_EPClearStall                       0x080039e8   Section        0  stm32f4xx_ll_usb.o(i.USB_EPClearStall)
    i.USB_EPSetStall                         0x08003a40   Section        0  stm32f4xx_ll_usb.o(i.USB_EPSetStall)
    i.USB_EPStartXfer                        0x08003a98   Section        0  stm32f4xx_ll_usb.o(i.USB_EPStartXfer)
    i.USB_EPStopXfer                         0x08003cd0   Section        0  stm32f4xx_ll_usb.o(i.USB_EPStopXfer)
    i.USB_EnableGlobalInt                    0x08003d6e   Section        0  stm32f4xx_ll_usb.o(i.USB_EnableGlobalInt)
    i.USB_FlushRxFifo                        0x08003d7a   Section        0  stm32f4xx_ll_usb.o(i.USB_FlushRxFifo)
    i.USB_FlushTxFifo                        0x08003db2   Section        0  stm32f4xx_ll_usb.o(i.USB_FlushTxFifo)
    i.USB_GetDevSpeed                        0x08003dee   Section        0  stm32f4xx_ll_usb.o(i.USB_GetDevSpeed)
    i.USB_GetMode                            0x08003e08   Section        0  stm32f4xx_ll_usb.o(i.USB_GetMode)
    i.USB_MotorComm_GetCommand               0x08003e10   Section        0  usb_motor_comm.o(i.USB_MotorComm_GetCommand)
    i.USB_MotorComm_TransmitComplete         0x08003e44   Section        0  usb_motor_comm.o(i.USB_MotorComm_TransmitComplete)
    i.USB_ReadDevAllInEpInterrupt            0x08003e50   Section        0  stm32f4xx_ll_usb.o(i.USB_ReadDevAllInEpInterrupt)
    i.USB_ReadDevAllOutEpInterrupt           0x08003e5e   Section        0  stm32f4xx_ll_usb.o(i.USB_ReadDevAllOutEpInterrupt)
    i.USB_ReadDevInEPInterrupt               0x08003e6c   Section        0  stm32f4xx_ll_usb.o(i.USB_ReadDevInEPInterrupt)
    i.USB_ReadDevOutEPInterrupt              0x08003e90   Section        0  stm32f4xx_ll_usb.o(i.USB_ReadDevOutEPInterrupt)
    i.USB_ReadInterrupts                     0x08003ea0   Section        0  stm32f4xx_ll_usb.o(i.USB_ReadInterrupts)
    i.USB_ReadPacket                         0x08003ea8   Section        0  stm32f4xx_ll_usb.o(i.USB_ReadPacket)
    i.USB_SetCurrentMode                     0x08003ee6   Section        0  stm32f4xx_ll_usb.o(i.USB_SetCurrentMode)
    i.USB_SetDevAddress                      0x08003f42   Section        0  stm32f4xx_ll_usb.o(i.USB_SetDevAddress)
    i.USB_SetTurnaroundTime                  0x08003f64   Section        0  stm32f4xx_ll_usb.o(i.USB_SetTurnaroundTime)
    i.USB_WritePacket                        0x0800404c   Section        0  stm32f4xx_ll_usb.o(i.USB_WritePacket)
    i.UsageFault_Handler                     0x08004074   Section        0  stm32f4xx_it.o(i.UsageFault_Handler)
    i.__NVIC_SetPriority                     0x08004076   Section        0  stm32f4xx_hal_cortex.o(i.__NVIC_SetPriority)
    __NVIC_SetPriority                       0x08004077   Thumb Code    32  stm32f4xx_hal_cortex.o(i.__NVIC_SetPriority)
    i.main                                   0x08004098   Section        0  main.o(i.main)
    x$fpl$fpinit                             0x08004220   Section       10  fpinit.o(x$fpl$fpinit)
    $v0                                      0x08004220   Number         0  fpinit.o(x$fpl$fpinit)
    .constdata                               0x0800422a   Section       16  system_stm32f4xx.o(.constdata)
    .data                                    0x20000000   Section        4  dm_d4340p.o(.data)
    s_hcan                                   0x20000000   Data           4  dm_d4340p.o(.data)
    .data                                    0x20000004   Section        6  usb_motor_comm.o(.data)
    s_command_ready                          0x20000004   Data           1  usb_motor_comm.o(.data)
    s_tx_busy                                0x20000005   Data           1  usb_motor_comm.o(.data)
    s_rx_count                               0x20000006   Data           2  usb_motor_comm.o(.data)
    s_feedback_sequence                      0x20000008   Data           2  usb_motor_comm.o(.data)
    .data                                    0x2000000c   Section       12  main.o(.data)
    .data                                    0x20000018   Section       12  stm32f4xx_hal.o(.data)
    .data                                    0x20000024   Section        4  system_stm32f4xx.o(.data)
    .data                                    0x20000028   Section       28  usbd_desc.o(.data)
    .data                                    0x20000044   Section       50  usbd_desc.o(.data)
    .data                                    0x20000078   Section       20  usbd_cdc_if.o(.data)
    .data                                    0x2000008c   Section        1  usbd_ctlreq.o(.data)
    cfgidx                                   0x2000008c   Data           1  usbd_ctlreq.o(.data)
    .data                                    0x20000090   Section       83  usbd_cdc.o(.data)
    CDCInEpAdd                               0x20000090   Data           1  usbd_cdc.o(.data)
    CDCOutEpAdd                              0x20000091   Data           1  usbd_cdc.o(.data)
    CDCCmdEpAdd                              0x20000092   Data           1  usbd_cdc.o(.data)
    USBD_CDC_DeviceQualifierDesc             0x20000094   Data          10  usbd_cdc.o(.data)
    USBD_CDC_CfgDesc                         0x200000a0   Data          67  usbd_cdc.o(.data)
    .data                                    0x200000e4   Section       56  usbd_cdc.o(.data)
    .bss                                     0x2000011c   Section       96  dm_d4340p.o(.bss)
    .bss                                     0x2000017c   Section      265  usb_motor_comm.o(.bss)
    s_rx_frame                               0x2000017c   Data          93  usb_motor_comm.o(.bss)
    s_command                                0x200001dc   Data         100  usb_motor_comm.o(.bss)
    s_tx_frame                               0x20000240   Data          69  usb_motor_comm.o(.bss)
    .bss                                     0x20000288   Section      100  main.o(.bss)
    .bss                                     0x200002ec   Section       40  can.o(.bss)
    .bss                                     0x20000314   Section      732  usb_device.o(.bss)
    .bss                                     0x200005f0   Section      512  usbd_desc.o(.bss)
    .bss                                     0x200007f0   Section     4096  usbd_cdc_if.o(.bss)
    .bss                                     0x200017f0   Section     1796  usbd_conf.o(.bss)
    mem                                      0x200017f0   Data         544  usbd_conf.o(.bss)
    .bss                                     0x20001ef4   Section       96  libspace.o(.bss)
    HEAP                                     0x20001f58   Section      512  startup_stm32f407xx.o(HEAP)
    Heap_Mem                                 0x20001f58   Data         512  startup_stm32f407xx.o(HEAP)
    STACK                                    0x20002158   Section     1024  startup_stm32f407xx.o(STACK)
    Stack_Mem                                0x20002158   Data        1024  startup_stm32f407xx.o(STACK)
    __initial_sp                             0x20002558   Data           0  startup_stm32f407xx.o(STACK)

    Global Symbols

    Symbol Name                              Value     Ov Type        Size  Object(Section)

    BuildAttributes$$THM_ISAv4$E$P$D$K$B$S$7EM$VFPi3$EXTD16$VFPS$VFMA$PE$A:L22UL41UL21$X:L11$S22US41US21$IEEE1$IW$USESV6$~STKCKD$USESV7$~SHL$OSPACE$ROPI$EBA8$UX$STANDARDLIB$REQ8$PRES8$EABIv2 0x00000000   Number         0  anon$$obj.o ABSOLUTE
    __ARM_use_no_argv                        0x00000000   Number         0  main.o ABSOLUTE
    __ARM_exceptions_init                     - Undefined Weak Reference
    __alloca_initialize                       - Undefined Weak Reference
    __arm_preinit_                            - Undefined Weak Reference
    __cpp_initialize__aeabi_                  - Undefined Weak Reference
    __cxa_finalize                            - Undefined Weak Reference
    __rt_locale                               - Undefined Weak Reference
    __sigvec_lookup                           - Undefined Weak Reference
    _atexit_init                              - Undefined Weak Reference
    _call_atexit_fns                          - Undefined Weak Reference
    _clock_init                               - Undefined Weak Reference
    _fp_trap_init                             - Undefined Weak Reference
    _fp_trap_shutdown                         - Undefined Weak Reference
    _get_lc_collate                           - Undefined Weak Reference
    _get_lc_ctype                             - Undefined Weak Reference
    _get_lc_monetary                          - Undefined Weak Reference
    _get_lc_numeric                           - Undefined Weak Reference
    _get_lc_time                              - Undefined Weak Reference
    _getenv_init                              - Undefined Weak Reference
    _handle_redirection                       - Undefined Weak Reference
    _init_alloc                               - Undefined Weak Reference
    _init_user_alloc                          - Undefined Weak Reference
    _initio                                   - Undefined Weak Reference
    _rand_init                                - Undefined Weak Reference
    _signal_finish                            - Undefined Weak Reference
    _signal_init                              - Undefined Weak Reference
    _terminate_alloc                          - Undefined Weak Reference
    _terminate_user_alloc                     - Undefined Weak Reference
    _terminateio                              - Undefined Weak Reference
    __Vectors_Size                           0x00000188   Number         0  startup_stm32f407xx.o ABSOLUTE
    __Vectors                                0x08000000   Data           4  startup_stm32f407xx.o(RESET)
    __Vectors_End                            0x08000188   Data           0  startup_stm32f407xx.o(RESET)
    __main                                   0x08000189   Thumb Code     8  __main.o(!!!main)
    __scatterload                            0x08000191   Thumb Code     0  __scatter.o(!!!scatter)
    __scatterload_rt2                        0x08000191   Thumb Code    44  __scatter.o(!!!scatter)
    __scatterload_rt2_thumb_only             0x08000191   Thumb Code     0  __scatter.o(!!!scatter)
    __scatterload_null                       0x0800019f   Thumb Code     0  __scatter.o(!!!scatter)
    __scatterload_copy                       0x080001c5   Thumb Code    26  __scatter_copy.o(!!handler_copy)
    __scatterload_zeroinit                   0x080001e1   Thumb Code    28  __scatter_zi.o(!!handler_zi)
    __rt_lib_init                            0x080001fd   Thumb Code     0  libinit.o(.ARM.Collect$$libinit$$00000000)
    __rt_lib_init_fp_1                       0x080001ff   Thumb Code     0  libinit2.o(.ARM.Collect$$libinit$$00000001)
    __rt_lib_init_alloca_1                   0x08000203   Thumb Code     0  libinit2.o(.ARM.Collect$$libinit$$0000002E)
    __rt_lib_init_argv_1                     0x08000203   Thumb Code     0  libinit2.o(.ARM.Collect$$libinit$$0000002C)
    __rt_lib_init_atexit_1                   0x08000203   Thumb Code     0  libinit2.o(.ARM.Collect$$libinit$$0000001B)
    __rt_lib_init_clock_1                    0x08000203   Thumb Code     0  libinit2.o(.ARM.Collect$$libinit$$00000021)
    __rt_lib_init_cpp_1                      0x08000203   Thumb Code     0  libinit2.o(.ARM.Collect$$libinit$$00000032)
    __rt_lib_init_exceptions_1               0x08000203   Thumb Code     0  libinit2.o(.ARM.Collect$$libinit$$00000030)
    __rt_lib_init_fp_trap_1                  0x08000203   Thumb Code     0  libinit2.o(.ARM.Collect$$libinit$$0000001F)
    __rt_lib_init_getenv_1                   0x08000203   Thumb Code     0  libinit2.o(.ARM.Collect$$libinit$$00000023)
    __rt_lib_init_heap_1                     0x08000203   Thumb Code     0  libinit2.o(.ARM.Collect$$libinit$$0000000A)
    __rt_lib_init_lc_collate_1               0x08000203   Thumb Code     0  libinit2.o(.ARM.Collect$$libinit$$00000011)
    __rt_lib_init_lc_ctype_1                 0x08000203   Thumb Code     0  libinit2.o(.ARM.Collect$$libinit$$00000013)
    __rt_lib_init_lc_monetary_1              0x08000203   Thumb Code     0  libinit2.o(.ARM.Collect$$libinit$$00000015)
    __rt_lib_init_lc_numeric_1               0x08000203   Thumb Code     0  libinit2.o(.ARM.Collect$$libinit$$00000017)
    __rt_lib_init_lc_time_1                  0x08000203   Thumb Code     0  libinit2.o(.ARM.Collect$$libinit$$00000019)
    __rt_lib_init_preinit_1                  0x08000203   Thumb Code     0  libinit2.o(.ARM.Collect$$libinit$$00000004)
    __rt_lib_init_rand_1                     0x08000203   Thumb Code     0  libinit2.o(.ARM.Collect$$libinit$$0000000E)
    __rt_lib_init_return                     0x08000203   Thumb Code     0  libinit2.o(.ARM.Collect$$libinit$$00000033)
    __rt_lib_init_signal_1                   0x08000203   Thumb Code     0  libinit2.o(.ARM.Collect$$libinit$$0000001D)
    __rt_lib_init_stdio_1                    0x08000203   Thumb Code     0  libinit2.o(.ARM.Collect$$libinit$$00000025)
    __rt_lib_init_user_alloc_1               0x08000203   Thumb Code     0  libinit2.o(.ARM.Collect$$libinit$$0000000C)
    __rt_lib_shutdown                        0x08000205   Thumb Code     0  libshutdown.o(.ARM.Collect$$libshutdown$$00000000)
    __rt_lib_shutdown_cpp_1                  0x08000207   Thumb Code     0  libshutdown2.o(.ARM.Collect$$libshutdown$$00000002)
    __rt_lib_shutdown_fp_trap_1              0x08000207   Thumb Code     0  libshutdown2.o(.ARM.Collect$$libshutdown$$00000007)
    __rt_lib_shutdown_heap_1                 0x08000207   Thumb Code     0  libshutdown2.o(.ARM.Collect$$libshutdown$$0000000F)
    __rt_lib_shutdown_return                 0x08000207   Thumb Code     0  libshutdown2.o(.ARM.Collect$$libshutdown$$00000010)
    __rt_lib_shutdown_signal_1               0x08000207   Thumb Code     0  libshutdown2.o(.ARM.Collect$$libshutdown$$0000000A)
    __rt_lib_shutdown_stdio_1                0x08000207   Thumb Code     0  libshutdown2.o(.ARM.Collect$$libshutdown$$00000004)
    __rt_lib_shutdown_user_alloc_1           0x08000207   Thumb Code     0  libshutdown2.o(.ARM.Collect$$libshutdown$$0000000C)
    __rt_entry                               0x08000209   Thumb Code     0  __rtentry.o(.ARM.Collect$$rtentry$$00000000)
    __rt_entry_presh_1                       0x08000209   Thumb Code     0  __rtentry2.o(.ARM.Collect$$rtentry$$00000002)
    __rt_entry_sh                            0x08000209   Thumb Code     0  __rtentry4.o(.ARM.Collect$$rtentry$$00000004)
    __rt_entry_li                            0x0800020f   Thumb Code     0  __rtentry2.o(.ARM.Collect$$rtentry$$0000000A)
    __rt_entry_postsh_1                      0x0800020f   Thumb Code     0  __rtentry2.o(.ARM.Collect$$rtentry$$00000009)
    __rt_entry_main                          0x08000213   Thumb Code     0  __rtentry2.o(.ARM.Collect$$rtentry$$0000000D)
    __rt_entry_postli_1                      0x08000213   Thumb Code     0  __rtentry2.o(.ARM.Collect$$rtentry$$0000000C)
    __rt_exit                                0x0800021b   Thumb Code     0  rtexit.o(.ARM.Collect$$rtexit$$00000000)
    __rt_exit_ls                             0x0800021d   Thumb Code     0  rtexit2.o(.ARM.Collect$$rtexit$$00000003)
    __rt_exit_prels_1                        0x0800021d   Thumb Code     0  rtexit2.o(.ARM.Collect$$rtexit$$00000002)
    __rt_exit_exit                           0x08000221   Thumb Code     0  rtexit2.o(.ARM.Collect$$rtexit$$00000004)
    Reset_Handler                            0x08000229   Thumb Code     8  startup_stm32f407xx.o(.text)
    ADC_IRQHandler                           0x08000243   Thumb Code     0  startup_stm32f407xx.o(.text)
    CAN1_RX1_IRQHandler                      0x08000243   Thumb Code     0  startup_stm32f407xx.o(.text)
    CAN1_SCE_IRQHandler                      0x08000243   Thumb Code     0  startup_stm32f407xx.o(.text)
    CAN1_TX_IRQHandler                       0x08000243   Thumb Code     0  startup_stm32f407xx.o(.text)
    CAN2_RX0_IRQHandler                      0x08000243   Thumb Code     0  startup_stm32f407xx.o(.text)
    CAN2_RX1_IRQHandler                      0x08000243   Thumb Code     0  startup_stm32f407xx.o(.text)
    CAN2_SCE_IRQHandler                      0x08000243   Thumb Code     0  startup_stm32f407xx.o(.text)
    CAN2_TX_IRQHandler                       0x08000243   Thumb Code     0  startup_stm32f407xx.o(.text)
    DCMI_IRQHandler                          0x08000243   Thumb Code     0  startup_stm32f407xx.o(.text)
    DMA1_Stream0_IRQHandler                  0x08000243   Thumb Code     0  startup_stm32f407xx.o(.text)
    DMA1_Stream1_IRQHandler                  0x08000243   Thumb Code     0  startup_stm32f407xx.o(.text)
    DMA1_Stream2_IRQHandler                  0x08000243   Thumb Code     0  startup_stm32f407xx.o(.text)
    DMA1_Stream3_IRQHandler                  0x08000243   Thumb Code     0  startup_stm32f407xx.o(.text)
    DMA1_Stream4_IRQHandler                  0x08000243   Thumb Code     0  startup_stm32f407xx.o(.text)
    DMA1_Stream5_IRQHandler                  0x08000243   Thumb Code     0  startup_stm32f407xx.o(.text)
    DMA1_Stream6_IRQHandler                  0x08000243   Thumb Code     0  startup_stm32f407xx.o(.text)
    DMA1_Stream7_IRQHandler                  0x08000243   Thumb Code     0  startup_stm32f407xx.o(.text)
    DMA2_Stream0_IRQHandler                  0x08000243   Thumb Code     0  startup_stm32f407xx.o(.text)
    DMA2_Stream1_IRQHandler                  0x08000243   Thumb Code     0  startup_stm32f407xx.o(.text)
    DMA2_Stream2_IRQHandler                  0x08000243   Thumb Code     0  startup_stm32f407xx.o(.text)
    DMA2_Stream3_IRQHandler                  0x08000243   Thumb Code     0  startup_stm32f407xx.o(.text)
    DMA2_Stream4_IRQHandler                  0x08000243   Thumb Code     0  startup_stm32f407xx.o(.text)
    DMA2_Stream5_IRQHandler                  0x08000243   Thumb Code     0  startup_stm32f407xx.o(.text)
    DMA2_Stream6_IRQHandler                  0x08000243   Thumb Code     0  startup_stm32f407xx.o(.text)
    DMA2_Stream7_IRQHandler                  0x08000243   Thumb Code     0  startup_stm32f407xx.o(.text)
    ETH_IRQHandler                           0x08000243   Thumb Code     0  startup_stm32f407xx.o(.text)
    ETH_WKUP_IRQHandler                      0x08000243   Thumb Code     0  startup_stm32f407xx.o(.text)
    EXTI0_IRQHandler                         0x08000243   Thumb Code     0  startup_stm32f407xx.o(.text)
    EXTI15_10_IRQHandler                     0x08000243   Thumb Code     0  startup_stm32f407xx.o(.text)
    EXTI1_IRQHandler                         0x08000243   Thumb Code     0  startup_stm32f407xx.o(.text)
    EXTI2_IRQHandler                         0x08000243   Thumb Code     0  startup_stm32f407xx.o(.text)
    EXTI3_IRQHandler                         0x08000243   Thumb Code     0  startup_stm32f407xx.o(.text)
    EXTI4_IRQHandler                         0x08000243   Thumb Code     0  startup_stm32f407xx.o(.text)
    EXTI9_5_IRQHandler                       0x08000243   Thumb Code     0  startup_stm32f407xx.o(.text)
    FLASH_IRQHandler                         0x08000243   Thumb Code     0  startup_stm32f407xx.o(.text)
    FMC_IRQHandler                           0x08000243   Thumb Code     0  startup_stm32f407xx.o(.text)
    FPU_IRQHandler                           0x08000243   Thumb Code     0  startup_stm32f407xx.o(.text)
    HASH_RNG_IRQHandler                      0x08000243   Thumb Code     0  startup_stm32f407xx.o(.text)
    I2C1_ER_IRQHandler                       0x08000243   Thumb Code     0  startup_stm32f407xx.o(.text)
    I2C1_EV_IRQHandler                       0x08000243   Thumb Code     0  startup_stm32f407xx.o(.text)
    I2C2_ER_IRQHandler                       0x08000243   Thumb Code     0  startup_stm32f407xx.o(.text)
    I2C2_EV_IRQHandler                       0x08000243   Thumb Code     0  startup_stm32f407xx.o(.text)
    I2C3_ER_IRQHandler                       0x08000243   Thumb Code     0  startup_stm32f407xx.o(.text)
    I2C3_EV_IRQHandler                       0x08000243   Thumb Code     0  startup_stm32f407xx.o(.text)
    OTG_FS_WKUP_IRQHandler                   0x08000243   Thumb Code     0  startup_stm32f407xx.o(.text)
    OTG_HS_EP1_IN_IRQHandler                 0x08000243   Thumb Code     0  startup_stm32f407xx.o(.text)
    OTG_HS_EP1_OUT_IRQHandler                0x08000243   Thumb Code     0  startup_stm32f407xx.o(.text)
    OTG_HS_IRQHandler                        0x08000243   Thumb Code     0  startup_stm32f407xx.o(.text)
    OTG_HS_WKUP_IRQHandler                   0x08000243   Thumb Code     0  startup_stm32f407xx.o(.text)
    PVD_IRQHandler                           0x08000243   Thumb Code     0  startup_stm32f407xx.o(.text)
    RCC_IRQHandler                           0x08000243   Thumb Code     0  startup_stm32f407xx.o(.text)
    RTC_Alarm_IRQHandler                     0x08000243   Thumb Code     0  startup_stm32f407xx.o(.text)
    RTC_WKUP_IRQHandler                      0x08000243   Thumb Code     0  startup_stm32f407xx.o(.text)
    SDIO_IRQHandler                          0x08000243   Thumb Code     0  startup_stm32f407xx.o(.text)
    SPI1_IRQHandler                          0x08000243   Thumb Code     0  startup_stm32f407xx.o(.text)
    SPI2_IRQHandler                          0x08000243   Thumb Code     0  startup_stm32f407xx.o(.text)
    SPI3_IRQHandler                          0x08000243   Thumb Code     0  startup_stm32f407xx.o(.text)
    TAMP_STAMP_IRQHandler                    0x08000243   Thumb Code     0  startup_stm32f407xx.o(.text)
    TIM1_BRK_TIM9_IRQHandler                 0x08000243   Thumb Code     0  startup_stm32f407xx.o(.text)
    TIM1_CC_IRQHandler                       0x08000243   Thumb Code     0  startup_stm32f407xx.o(.text)
    TIM1_TRG_COM_TIM11_IRQHandler            0x08000243   Thumb Code     0  startup_stm32f407xx.o(.text)
    TIM1_UP_TIM10_IRQHandler                 0x08000243   Thumb Code     0  startup_stm32f407xx.o(.text)
    TIM2_IRQHandler                          0x08000243   Thumb Code     0  startup_stm32f407xx.o(.text)
    TIM3_IRQHandler                          0x08000243   Thumb Code     0  startup_stm32f407xx.o(.text)
    TIM4_IRQHandler                          0x08000243   Thumb Code     0  startup_stm32f407xx.o(.text)
    TIM5_IRQHandler                          0x08000243   Thumb Code     0  startup_stm32f407xx.o(.text)
    TIM6_DAC_IRQHandler                      0x08000243   Thumb Code     0  startup_stm32f407xx.o(.text)
    TIM7_IRQHandler                          0x08000243   Thumb Code     0  startup_stm32f407xx.o(.text)
    TIM8_BRK_TIM12_IRQHandler                0x08000243   Thumb Code     0  startup_stm32f407xx.o(.text)
    TIM8_CC_IRQHandler                       0x08000243   Thumb Code     0  startup_stm32f407xx.o(.text)
    TIM8_TRG_COM_TIM14_IRQHandler            0x08000243   Thumb Code     0  startup_stm32f407xx.o(.text)
    TIM8_UP_TIM13_IRQHandler                 0x08000243   Thumb Code     0  startup_stm32f407xx.o(.text)
    UART4_IRQHandler                         0x08000243   Thumb Code     0  startup_stm32f407xx.o(.text)
    UART5_IRQHandler                         0x08000243   Thumb Code     0  startup_stm32f407xx.o(.text)
    USART1_IRQHandler                        0x08000243   Thumb Code     0  startup_stm32f407xx.o(.text)
    USART2_IRQHandler                        0x08000243   Thumb Code     0  startup_stm32f407xx.o(.text)
    USART3_IRQHandler                        0x08000243   Thumb Code     0  startup_stm32f407xx.o(.text)
    USART6_IRQHandler                        0x08000243   Thumb Code     0  startup_stm32f407xx.o(.text)
    WWDG_IRQHandler                          0x08000243   Thumb Code     0  startup_stm32f407xx.o(.text)
    __user_initial_stackheap                 0x08000245   Thumb Code     0  startup_stm32f407xx.o(.text)
    __aeabi_uldivmod                         0x08000269   Thumb Code     0  lludivv7m.o(.text)
    _ll_udiv                                 0x08000269   Thumb Code   238  lludivv7m.o(.text)
    __aeabi_memcpy4                          0x08000357   Thumb Code     0  rt_memcpy_w.o(.text)
    __aeabi_memcpy8                          0x08000357   Thumb Code     0  rt_memcpy_w.o(.text)
    __rt_memcpy_w                            0x08000357   Thumb Code   100  rt_memcpy_w.o(.text)
    _memcpy_lastbytes_aligned                0x0800039f   Thumb Code     0  rt_memcpy_w.o(.text)
    __aeabi_memclr4                          0x080003bb   Thumb Code     0  rt_memclr_w.o(.text)
    __aeabi_memclr8                          0x080003bb   Thumb Code     0  rt_memclr_w.o(.text)
    __rt_memclr_w                            0x080003bb   Thumb Code    78  rt_memclr_w.o(.text)
    _memset_w                                0x080003bf   Thumb Code     0  rt_memclr_w.o(.text)
    __use_two_region_memory                  0x08000409   Thumb Code     2  heapauxi.o(.text)
    __rt_heap_escrow$2region                 0x0800040b   Thumb Code     2  heapauxi.o(.text)
    __rt_heap_expand$2region                 0x0800040d   Thumb Code     2  heapauxi.o(.text)
    __user_setup_stackheap                   0x0800040f   Thumb Code    74  sys_stackheap_outer.o(.text)
    exit                                     0x08000459   Thumb Code    18  exit.o(.text)
    __user_libspace                          0x0800046d   Thumb Code     8  libspace.o(.text)
    __user_perproc_libspace                  0x0800046d   Thumb Code     0  libspace.o(.text)
    __user_perthread_libspace                0x0800046d   Thumb Code     0  libspace.o(.text)
    _sys_exit                                0x08000475   Thumb Code     8  sys_exit.o(.text)
    __I$use$semihosting                      0x08000481   Thumb Code     0  use_no_semi.o(.text)
    __use_no_semihosting_swi                 0x08000481   Thumb Code     2  use_no_semi.o(.text)
    BusFault_Handler                         0x08000483   Thumb Code     2  stm32f4xx_it.o(i.BusFault_Handler)
    __semihosting_library_function           0x08000483   Thumb Code     0  indicate_semi.o(.text)
    CAN1_RX0_IRQHandler                      0x08000485   Thumb Code     6  stm32f4xx_it.o(i.CAN1_RX0_IRQHandler)
    CDC_Transmit_FS                          0x080004f9   Thumb Code    52  usbd_cdc_if.o(i.CDC_Transmit_FS)
    DM_D4340P_ClearError                     0x08000531   Thumb Code     6  dm_d4340p.o(i.DM_D4340P_ClearError)
    DM_D4340P_Disable                        0x08000537   Thumb Code     6  dm_d4340p.o(i.DM_D4340P_Disable)
    DM_D4340P_Enable                         0x0800053d   Thumb Code     6  dm_d4340p.o(i.DM_D4340P_Enable)
    DM_D4340P_Init                           0x08000589   Thumb Code    14  dm_d4340p.o(i.DM_D4340P_Init)
    DM_D4340P_MitControl                     0x0800059d   Thumb Code   204  dm_d4340p.o(i.DM_D4340P_MitControl)
    DM_D4340P_SetZero                        0x080006d1   Thumb Code     6  dm_d4340p.o(i.DM_D4340P_SetZero)
    DebugMon_Handler                         0x080006f9   Thumb Code     2  stm32f4xx_it.o(i.DebugMon_Handler)
    Error_Handler                            0x080006fb   Thumb Code     4  main.o(i.Error_Handler)
    HAL_CAN_ActivateNotification             0x080006ff   Thumb Code    36  stm32f4xx_hal_can.o(i.HAL_CAN_ActivateNotification)
    HAL_CAN_AddTxMessage                     0x08000723   Thumb Code   188  stm32f4xx_hal_can.o(i.HAL_CAN_AddTxMessage)
    HAL_CAN_ConfigFilter                     0x080007e1   Thumb Code   262  stm32f4xx_hal_can.o(i.HAL_CAN_ConfigFilter)
    HAL_CAN_ErrorCallback                    0x080008ed   Thumb Code     2  stm32f4xx_hal_can.o(i.HAL_CAN_ErrorCallback)
    HAL_CAN_GetRxMessage                     0x080008ef   Thumb Code   244  stm32f4xx_hal_can.o(i.HAL_CAN_GetRxMessage)
    HAL_CAN_GetTxMailboxesFreeLevel          0x080009e3   Thumb Code    44  stm32f4xx_hal_can.o(i.HAL_CAN_GetTxMailboxesFreeLevel)
    HAL_CAN_IRQHandler                       0x08000a0f   Thumb Code   508  stm32f4xx_hal_can.o(i.HAL_CAN_IRQHandler)
    HAL_CAN_Init                             0x08000c0b   Thumb Code   282  stm32f4xx_hal_can.o(i.HAL_CAN_Init)
    HAL_CAN_MspInit                          0x08000d25   Thumb Code   106  can.o(i.HAL_CAN_MspInit)
    HAL_CAN_RxFifo0FullCallback              0x08000d9d   Thumb Code     2  stm32f4xx_hal_can.o(i.HAL_CAN_RxFifo0FullCallback)
    HAL_CAN_RxFifo0MsgPendingCallback        0x08000da1   Thumb Code   212  dm_d4340p.o(i.HAL_CAN_RxFifo0MsgPendingCallback)
    HAL_CAN_RxFifo1FullCallback              0x08000e79   Thumb Code     2  stm32f4xx_hal_can.o(i.HAL_CAN_RxFifo1FullCallback)
    HAL_CAN_RxFifo1MsgPendingCallback        0x08000e7b   Thumb Code     2  stm32f4xx_hal_can.o(i.HAL_CAN_RxFifo1MsgPendingCallback)
    HAL_CAN_SleepCallback                    0x08000e7d   Thumb Code     2  stm32f4xx_hal_can.o(i.HAL_CAN_SleepCallback)
    HAL_CAN_Start                            0x08000e81   Thumb Code    88  stm32f4xx_hal_can.o(i.HAL_CAN_Start)
    HAL_CAN_TxMailbox0AbortCallback          0x08000ed9   Thumb Code     2  stm32f4xx_hal_can.o(i.HAL_CAN_TxMailbox0AbortCallback)
    HAL_CAN_TxMailbox0CompleteCallback       0x08000edb   Thumb Code     2  stm32f4xx_hal_can.o(i.HAL_CAN_TxMailbox0CompleteCallback)
    HAL_CAN_TxMailbox1AbortCallback          0x08000edd   Thumb Code     2  stm32f4xx_hal_can.o(i.HAL_CAN_TxMailbox1AbortCallback)
    HAL_CAN_TxMailbox1CompleteCallback       0x08000edf   Thumb Code     2  stm32f4xx_hal_can.o(i.HAL_CAN_TxMailbox1CompleteCallback)
    HAL_CAN_TxMailbox2AbortCallback          0x08000ee1   Thumb Code     2  stm32f4xx_hal_can.o(i.HAL_CAN_TxMailbox2AbortCallback)
    HAL_CAN_TxMailbox2CompleteCallback       0x08000ee3   Thumb Code     2  stm32f4xx_hal_can.o(i.HAL_CAN_TxMailbox2CompleteCallback)
    HAL_CAN_WakeUpFromRxMsgCallback          0x08000ee5   Thumb Code     2  stm32f4xx_hal_can.o(i.HAL_CAN_WakeUpFromRxMsgCallback)
    HAL_Delay                                0x08000ee9   Thumb Code    32  stm32f4xx_hal.o(i.HAL_Delay)
    HAL_GPIO_Init                            0x08000f0d   Thumb Code   450  stm32f4xx_hal_gpio.o(i.HAL_GPIO_Init)
    HAL_GetTick                              0x080010fd   Thumb Code     6  stm32f4xx_hal.o(i.HAL_GetTick)
    HAL_IncTick                              0x08001109   Thumb Code    12  stm32f4xx_hal.o(i.HAL_IncTick)
    HAL_Init                                 0x08001119   Thumb Code    48  stm32f4xx_hal.o(i.HAL_Init)
    HAL_InitTick                             0x0800114d   Thumb Code    54  stm32f4xx_hal.o(i.HAL_InitTick)
    HAL_MspInit                              0x0800118d   Thumb Code    42  stm32f4xx_hal_msp.o(i.HAL_MspInit)
    HAL_NVIC_EnableIRQ                       0x080011bd   Thumb Code    26  stm32f4xx_hal_cortex.o(i.HAL_NVIC_EnableIRQ)
    HAL_NVIC_SetPriority                     0x080011d9   Thumb Code    60  stm32f4xx_hal_cortex.o(i.HAL_NVIC_SetPriority)
    HAL_NVIC_SetPriorityGrouping             0x08001219   Thumb Code    26  stm32f4xx_hal_cortex.o(i.HAL_NVIC_SetPriorityGrouping)
    HAL_PCDEx_LPM_Callback                   0x0800123d   Thumb Code     2  stm32f4xx_hal_pcd_ex.o(i.HAL_PCDEx_LPM_Callback)
    HAL_PCDEx_SetRxFiFo                      0x0800123f   Thumb Code     8  stm32f4xx_hal_pcd_ex.o(i.HAL_PCDEx_SetRxFiFo)
    HAL_PCDEx_SetTxFiFo                      0x08001247   Thumb Code    68  stm32f4xx_hal_pcd_ex.o(i.HAL_PCDEx_SetTxFiFo)
    HAL_PCD_ConnectCallback                  0x0800128b   Thumb Code     8  usbd_conf.o(i.HAL_PCD_ConnectCallback)
    HAL_PCD_DataInStageCallback              0x08001293   Thumb Code    18  usbd_conf.o(i.HAL_PCD_DataInStageCallback)
    HAL_PCD_DataOutStageCallback             0x080012a5   Thumb Code    20  usbd_conf.o(i.HAL_PCD_DataOutStageCallback)
    HAL_PCD_DisconnectCallback               0x080012b9   Thumb Code     8  usbd_conf.o(i.HAL_PCD_DisconnectCallback)
    HAL_PCD_EP_Abort                         0x080012c1   Thumb Code    30  stm32f4xx_hal_pcd.o(i.HAL_PCD_EP_Abort)
    HAL_PCD_EP_Close                         0x080012df   Thumb Code    74  stm32f4xx_hal_pcd.o(i.HAL_PCD_EP_Close)
    HAL_PCD_EP_ClrStall                      0x08001329   Thumb Code    90  stm32f4xx_hal_pcd.o(i.HAL_PCD_EP_ClrStall)
    HAL_PCD_EP_GetRxCount                    0x08001383   Thumb Code    18  stm32f4xx_hal_pcd.o(i.HAL_PCD_EP_GetRxCount)
    HAL_PCD_EP_Open                          0x08001395   Thumb Code    98  stm32f4xx_hal_pcd.o(i.HAL_PCD_EP_Open)
    HAL_PCD_EP_Receive                       0x080013f7   Thumb Code    56  stm32f4xx_hal_pcd.o(i.HAL_PCD_EP_Receive)
    HAL_PCD_EP_SetStall                      0x0800142f   Thumb Code   114  stm32f4xx_hal_pcd.o(i.HAL_PCD_EP_SetStall)
    HAL_PCD_EP_Transmit                      0x080014a1   Thumb Code    50  stm32f4xx_hal_pcd.o(i.HAL_PCD_EP_Transmit)
    HAL_PCD_IRQHandler                       0x080014d5   Thumb Code  1372  stm32f4xx_hal_pcd.o(i.HAL_PCD_IRQHandler)
    HAL_PCD_ISOINIncompleteCallback          0x08001a31   Thumb Code     8  usbd_conf.o(i.HAL_PCD_ISOINIncompleteCallback)
    HAL_PCD_ISOOUTIncompleteCallback         0x08001a39   Thumb Code     8  usbd_conf.o(i.HAL_PCD_ISOOUTIncompleteCallback)
    HAL_PCD_Init                             0x08001a41   Thumb Code   204  stm32f4xx_hal_pcd.o(i.HAL_PCD_Init)
    HAL_PCD_MspInit                          0x08001b0d   Thumb Code   122  usbd_conf.o(i.HAL_PCD_MspInit)
    HAL_PCD_ResetCallback                    0x08001b91   Thumb Code    44  usbd_conf.o(i.HAL_PCD_ResetCallback)
    HAL_PCD_ResumeCallback                   0x08001bbd   Thumb Code     8  usbd_conf.o(i.HAL_PCD_ResumeCallback)
    HAL_PCD_SOFCallback                      0x08001bc5   Thumb Code     8  usbd_conf.o(i.HAL_PCD_SOFCallback)
    HAL_PCD_SetAddress                       0x08001bcd   Thumb Code    38  stm32f4xx_hal_pcd.o(i.HAL_PCD_SetAddress)
    HAL_PCD_SetupStageCallback               0x08001bf3   Thumb Code    14  usbd_conf.o(i.HAL_PCD_SetupStageCallback)
    HAL_PCD_Start                            0x08001c01   Thumb Code    66  stm32f4xx_hal_pcd.o(i.HAL_PCD_Start)
    HAL_PCD_SuspendCallback                  0x08001c45   Thumb Code    44  usbd_conf.o(i.HAL_PCD_SuspendCallback)
    HAL_RCC_ClockConfig                      0x08001c75   Thumb Code   288  stm32f4xx_hal_rcc.o(i.HAL_RCC_ClockConfig)
    HAL_RCC_GetHCLKFreq                      0x08001da9   Thumb Code     6  stm32f4xx_hal_rcc.o(i.HAL_RCC_GetHCLKFreq)
    HAL_RCC_GetSysClockFreq                  0x08001db5   Thumb Code    88  stm32f4xx_hal_rcc.o(i.HAL_RCC_GetSysClockFreq)
    HAL_RCC_OscConfig                        0x08001e15   Thumb Code   856  stm32f4xx_hal_rcc.o(i.HAL_RCC_OscConfig)
    HAL_SYSTICK_Config                       0x08002181   Thumb Code    40  stm32f4xx_hal_cortex.o(i.HAL_SYSTICK_Config)
    HardFault_Handler                        0x080021a9   Thumb Code     2  stm32f4xx_it.o(i.HardFault_Handler)
    MX_CAN1_Init                             0x080021e5   Thumb Code    62  can.o(i.MX_CAN1_Init)
    MX_GPIO_Init                             0x0800222d   Thumb Code    54  gpio.o(i.MX_GPIO_Init)
    MX_USB_DEVICE_Init                       0x08002269   Thumb Code    66  usb_device.o(i.MX_USB_DEVICE_Init)
    MemManage_Handler                        0x080022bd   Thumb Code     2  stm32f4xx_it.o(i.MemManage_Handler)
    NMI_Handler                              0x080022bf   Thumb Code     2  stm32f4xx_it.o(i.NMI_Handler)
    OTG_FS_IRQHandler                        0x080022c1   Thumb Code     6  stm32f4xx_it.o(i.OTG_FS_IRQHandler)
    PendSV_Handler                           0x0800243b   Thumb Code     2  stm32f4xx_it.o(i.PendSV_Handler)
    SVC_Handler                              0x0800243d   Thumb Code     2  stm32f4xx_it.o(i.SVC_Handler)
    SysTick_Handler                          0x08002449   Thumb Code     4  stm32f4xx_it.o(i.SysTick_Handler)
    SystemClock_Config                       0x0800244d   Thumb Code   140  main.o(i.SystemClock_Config)
    SystemInit                               0x080024e1   Thumb Code    12  system_stm32f4xx.o(i.SystemInit)
    USBD_CDC_GetDeviceQualifierDescriptor    0x08002671   Thumb Code     8  usbd_cdc.o(i.USBD_CDC_GetDeviceQualifierDescriptor)
    USBD_CDC_ReceivePacket                   0x08002855   Thumb Code    50  usbd_cdc.o(i.USBD_CDC_ReceivePacket)
    USBD_CDC_RegisterInterface               0x0800288d   Thumb Code    22  usbd_cdc.o(i.USBD_CDC_RegisterInterface)
    USBD_CDC_SetRxBuffer                     0x080028a3   Thumb Code    26  usbd_cdc.o(i.USBD_CDC_SetRxBuffer)
    USBD_CDC_SetTxBuffer                     0x080028bd   Thumb Code    30  usbd_cdc.o(i.USBD_CDC_SetTxBuffer)
    USBD_CDC_TransmitPacket                  0x080029b1   Thumb Code    76  usbd_cdc.o(i.USBD_CDC_TransmitPacket)
    USBD_ClrClassConfig                      0x08002a01   Thumb Code    20  usbd_core.o(i.USBD_ClrClassConfig)
    USBD_CoreFindEP                          0x08002a15   Thumb Code     4  usbd_core.o(i.USBD_CoreFindEP)
    USBD_CoreFindIF                          0x08002a19   Thumb Code     4  usbd_core.o(i.USBD_CoreFindIF)
    USBD_CtlContinueRx                       0x08002a1d   Thumb Code    16  usbd_ioreq.o(i.USBD_CtlContinueRx)
    USBD_CtlContinueSendData                 0x08002a2d   Thumb Code    16  usbd_ioreq.o(i.USBD_CtlContinueSendData)
    USBD_CtlError                            0x08002a3d   Thumb Code    22  usbd_ctlreq.o(i.USBD_CtlError)
    USBD_CtlPrepareRx                        0x08002a53   Thumb Code    34  usbd_ioreq.o(i.USBD_CtlPrepareRx)
    USBD_CtlReceiveStatus                    0x08002a75   Thumb Code    22  usbd_ioreq.o(i.USBD_CtlReceiveStatus)
    USBD_CtlSendData                         0x08002a8b   Thumb Code    28  usbd_ioreq.o(i.USBD_CtlSendData)
    USBD_CtlSendStatus                       0x08002aa7   Thumb Code    22  usbd_ioreq.o(i.USBD_CtlSendStatus)
    USBD_FS_ConfigStrDescriptor              0x08002abd   Thumb Code    16  usbd_desc.o(i.USBD_FS_ConfigStrDescriptor)
    USBD_FS_DeviceDescriptor                 0x08002add   Thumb Code     8  usbd_desc.o(i.USBD_FS_DeviceDescriptor)
    USBD_FS_InterfaceStrDescriptor           0x08002ae9   Thumb Code    16  usbd_desc.o(i.USBD_FS_InterfaceStrDescriptor)
    USBD_FS_LangIDStrDescriptor              0x08002b0d   Thumb Code     8  usbd_desc.o(i.USBD_FS_LangIDStrDescriptor)
    USBD_FS_ManufacturerStrDescriptor        0x08002b19   Thumb Code    16  usbd_desc.o(i.USBD_FS_ManufacturerStrDescriptor)
    USBD_FS_ProductStrDescriptor             0x08002b41   Thumb Code    16  usbd_desc.o(i.USBD_FS_ProductStrDescriptor)
    USBD_FS_SerialStrDescriptor              0x08002b6d   Thumb Code    48  usbd_desc.o(i.USBD_FS_SerialStrDescriptor)
    USBD_GetEpDesc                           0x08002c8b   Thumb Code    58  usbd_core.o(i.USBD_GetEpDesc)
    USBD_GetNextDesc                         0x08002cd9   Thumb Code    14  usbd_core.o(i.USBD_GetNextDesc)
    USBD_GetString                           0x08002ce7   Thumb Code    78  usbd_ctlreq.o(i.USBD_GetString)
    USBD_Get_USB_Status                      0x08002d35   Thumb Code    24  usbd_conf.o(i.USBD_Get_USB_Status)
    USBD_Init                                0x08002d4d   Thumb Code    38  usbd_core.o(i.USBD_Init)
    USBD_LL_ClearStallEP                     0x08002d73   Thumb Code    18  usbd_conf.o(i.USBD_LL_ClearStallEP)
    USBD_LL_CloseEP                          0x08002d85   Thumb Code    18  usbd_conf.o(i.USBD_LL_CloseEP)
    USBD_LL_DataInStage                      0x08002d97   Thumb Code   184  usbd_core.o(i.USBD_LL_DataInStage)
    USBD_LL_DataOutStage                     0x08002e4f   Thumb Code   148  usbd_core.o(i.USBD_LL_DataOutStage)
    USBD_LL_DevConnected                     0x08002ee3   Thumb Code     4  usbd_core.o(i.USBD_LL_DevConnected)
    USBD_LL_DevDisconnected                  0x08002ee7   Thumb Code    30  usbd_core.o(i.USBD_LL_DevDisconnected)
    USBD_LL_GetRxDataSize                    0x08002f05   Thumb Code     8  usbd_conf.o(i.USBD_LL_GetRxDataSize)
    USBD_LL_Init                             0x08002f0d   Thumb Code    90  usbd_conf.o(i.USBD_LL_Init)
    USBD_LL_IsStallEP                        0x08002f6d   Thumb Code    30  usbd_conf.o(i.USBD_LL_IsStallEP)
    USBD_LL_IsoINIncomplete                  0x08002f8b   Thumb Code    40  usbd_core.o(i.USBD_LL_IsoINIncomplete)
    USBD_LL_IsoOUTIncomplete                 0x08002fb3   Thumb Code    40  usbd_core.o(i.USBD_LL_IsoOUTIncomplete)
    USBD_LL_OpenEP                           0x08002fdb   Thumb Code    24  usbd_conf.o(i.USBD_LL_OpenEP)
    USBD_LL_PrepareReceive                   0x08002ff3   Thumb Code    18  usbd_conf.o(i.USBD_LL_PrepareReceive)
    USBD_LL_Reset                            0x08003005   Thumb Code    94  usbd_core.o(i.USBD_LL_Reset)
    USBD_LL_Resume                           0x08003063   Thumb Code    20  usbd_core.o(i.USBD_LL_Resume)
    USBD_LL_SOF                              0x08003077   Thumb Code    26  usbd_core.o(i.USBD_LL_SOF)
    USBD_LL_SetSpeed                         0x08003091   Thumb Code     6  usbd_core.o(i.USBD_LL_SetSpeed)
    USBD_LL_SetUSBAddress                    0x08003097   Thumb Code    18  usbd_conf.o(i.USBD_LL_SetUSBAddress)
    USBD_LL_SetupStage                       0x080030a9   Thumb Code    96  usbd_core.o(i.USBD_LL_SetupStage)
    USBD_LL_StallEP                          0x08003109   Thumb Code    18  usbd_conf.o(i.USBD_LL_StallEP)
    USBD_LL_Start                            0x0800311b   Thumb Code    18  usbd_conf.o(i.USBD_LL_Start)
    USBD_LL_Suspend                          0x0800312d   Thumb Code    26  usbd_core.o(i.USBD_LL_Suspend)
    USBD_LL_Transmit                         0x08003147   Thumb Code    18  usbd_conf.o(i.USBD_LL_Transmit)
    USBD_ParseSetupRequest                   0x08003159   Thumb Code    44  usbd_ctlreq.o(i.USBD_ParseSetupRequest)
    USBD_RegisterClass                       0x08003185   Thumb Code    58  usbd_core.o(i.USBD_RegisterClass)
    USBD_SetClassConfig                      0x080031bf   Thumb Code    20  usbd_core.o(i.USBD_SetClassConfig)
    USBD_Start                               0x0800328d   Thumb Code     4  usbd_core.o(i.USBD_Start)
    USBD_StdDevReq                           0x08003291   Thumb Code   300  usbd_ctlreq.o(i.USBD_StdDevReq)
    USBD_StdEPReq                            0x080033bd   Thumb Code   358  usbd_ctlreq.o(i.USBD_StdEPReq)
    USBD_StdItfReq                           0x08003523   Thumb Code   114  usbd_ctlreq.o(i.USBD_StdItfReq)
    USBD_static_free                         0x08003595   Thumb Code     2  usbd_conf.o(i.USBD_static_free)
    USBD_static_malloc                       0x08003599   Thumb Code     4  usbd_conf.o(i.USBD_static_malloc)
    USB_ActivateEndpoint                     0x080035a1   Thumb Code   122  stm32f4xx_ll_usb.o(i.USB_ActivateEndpoint)
    USB_ActivateSetup                        0x08003621   Thumb Code    28  stm32f4xx_ll_usb.o(i.USB_ActivateSetup)
    USB_CoreInit                             0x0800363d   Thumb Code   126  stm32f4xx_ll_usb.o(i.USB_CoreInit)
    USB_DeactivateEndpoint                   0x08003705   Thumb Code   194  stm32f4xx_ll_usb.o(i.USB_DeactivateEndpoint)
    USB_DevConnect                           0x080037d1   Thumb Code    28  stm32f4xx_ll_usb.o(i.USB_DevConnect)
    USB_DevDisconnect                        0x080037ed   Thumb Code    28  stm32f4xx_ll_usb.o(i.USB_DevDisconnect)
    USB_DevInit                              0x08003809   Thumb Code   370  stm32f4xx_ll_usb.o(i.USB_DevInit)
    USB_DisableGlobalInt                     0x08003985   Thumb Code    12  stm32f4xx_ll_usb.o(i.USB_DisableGlobalInt)
    USB_EP0_OutStart                         0x08003991   Thumb Code    84  stm32f4xx_ll_usb.o(i.USB_EP0_OutStart)
    USB_EPClearStall                         0x080039e9   Thumb Code    88  stm32f4xx_ll_usb.o(i.USB_EPClearStall)
    USB_EPSetStall                           0x08003a41   Thumb Code    88  stm32f4xx_ll_usb.o(i.USB_EPSetStall)
    USB_EPStartXfer                          0x08003a99   Thumb Code   562  stm32f4xx_ll_usb.o(i.USB_EPStartXfer)
    USB_EPStopXfer                           0x08003cd1   Thumb Code   158  stm32f4xx_ll_usb.o(i.USB_EPStopXfer)
    USB_EnableGlobalInt                      0x08003d6f   Thumb Code    12  stm32f4xx_ll_usb.o(i.USB_EnableGlobalInt)
    USB_FlushRxFifo                          0x08003d7b   Thumb Code    56  stm32f4xx_ll_usb.o(i.USB_FlushRxFifo)
    USB_FlushTxFifo                          0x08003db3   Thumb Code    60  stm32f4xx_ll_usb.o(i.USB_FlushTxFifo)
    USB_GetDevSpeed                          0x08003def   Thumb Code    26  stm32f4xx_ll_usb.o(i.USB_GetDevSpeed)
    USB_GetMode                              0x08003e09   Thumb Code     8  stm32f4xx_ll_usb.o(i.USB_GetMode)
    USB_MotorComm_GetCommand                 0x08003e11   Thumb Code    42  usb_motor_comm.o(i.USB_MotorComm_GetCommand)
    USB_MotorComm_TransmitComplete           0x08003e45   Thumb Code     8  usb_motor_comm.o(i.USB_MotorComm_TransmitComplete)
    USB_ReadDevAllInEpInterrupt              0x08003e51   Thumb Code    14  stm32f4xx_ll_usb.o(i.USB_ReadDevAllInEpInterrupt)
    USB_ReadDevAllOutEpInterrupt             0x08003e5f   Thumb Code    14  stm32f4xx_ll_usb.o(i.USB_ReadDevAllOutEpInterrupt)
    USB_ReadDevInEPInterrupt                 0x08003e6d   Thumb Code    36  stm32f4xx_ll_usb.o(i.USB_ReadDevInEPInterrupt)
    USB_ReadDevOutEPInterrupt                0x08003e91   Thumb Code    16  stm32f4xx_ll_usb.o(i.USB_ReadDevOutEPInterrupt)
    USB_ReadInterrupts                       0x08003ea1   Thumb Code     8  stm32f4xx_ll_usb.o(i.USB_ReadInterrupts)
    USB_ReadPacket                           0x08003ea9   Thumb Code    62  stm32f4xx_ll_usb.o(i.USB_ReadPacket)
    USB_SetCurrentMode                       0x08003ee7   Thumb Code    92  stm32f4xx_ll_usb.o(i.USB_SetCurrentMode)
    USB_SetDevAddress                        0x08003f43   Thumb Code    34  stm32f4xx_ll_usb.o(i.USB_SetDevAddress)
    USB_SetTurnaroundTime                    0x08003f65   Thumb Code   158  stm32f4xx_ll_usb.o(i.USB_SetTurnaroundTime)
    USB_WritePacket                          0x0800404d   Thumb Code    40  stm32f4xx_ll_usb.o(i.USB_WritePacket)
    UsageFault_Handler                       0x08004075   Thumb Code     2  stm32f4xx_it.o(i.UsageFault_Handler)
    main                                     0x08004099   Thumb Code   376  main.o(i.main)
    _fp_init                                 0x08004221   Thumb Code    10  fpinit.o(x$fpl$fpinit)
    __fplib_config_fpu_vfp                   0x08004229   Thumb Code     0  fpinit.o(x$fpl$fpinit)
    __fplib_config_pureend_doubles           0x08004229   Thumb Code     0  fpinit.o(x$fpl$fpinit)
    AHBPrescTable                            0x0800422a   Data          16  system_stm32f4xx.o(.constdata)
    Region$$Table$$Base                      0x0800423c   Number         0  anon$$obj.o(Region$$Table)
    Region$$Table$$Limit                     0x0800425c   Number         0  anon$$obj.o(Region$$Table)
    usb_command_received                     0x2000000c   Data           1  main.o(.data)
    motor_enabled                            0x2000000d   Data           4  main.o(.data)
    last_usb_command_tick                    0x20000014   Data           4  main.o(.data)
    uwTickFreq                               0x20000018   Data           1  stm32f4xx_hal.o(.data)
    uwTickPrio                               0x2000001c   Data           4  stm32f4xx_hal.o(.data)
    uwTick                                   0x20000020   Data           4  stm32f4xx_hal.o(.data)
    SystemCoreClock                          0x20000024   Data           4  system_stm32f4xx.o(.data)
    FS_Desc                                  0x20000028   Data          28  usbd_desc.o(.data)
    USBD_LangIDDesc                          0x20000044   Data           4  usbd_desc.o(.data)
    USBD_FS_DeviceDesc                       0x20000048   Data          18  usbd_desc.o(.data)
    USBD_StringSerial                        0x2000005c   Data          26  usbd_desc.o(.data)
    USBD_Interface_fops_FS                   0x20000078   Data          20  usbd_cdc_if.o(.data)
    USBD_CDC                                 0x200000e4   Data          56  usbd_cdc.o(.data)
    d4340p_motors                            0x2000011c   Data          96  dm_d4340p.o(.bss)
    motor_command                            0x20000288   Data         100  main.o(.bss)
    hcan1                                    0x200002ec   Data          40  can.o(.bss)
    hUsbDeviceFS                             0x20000314   Data         732  usb_device.o(.bss)
    USBD_StrDesc                             0x200005f0   Data         512  usbd_desc.o(.bss)
    UserRxBufferFS                           0x200007f0   Data        2048  usbd_cdc_if.o(.bss)
    UserTxBufferFS                           0x20000ff0   Data        2048  usbd_cdc_if.o(.bss)
    hpcd_USB_OTG_FS                          0x20001a10   Data        1252  usbd_conf.o(.bss)
    __libspace_start                         0x20001ef4   Data          96  libspace.o(.bss)
    __temporary_stack_top$libspace           0x20001f54   Data           0  libspace.o(.bss)



==============================================================================

Memory Map of the image

  Image Entry point : 0x08000189

  Load Region LR_IROM1 (Base: 0x08000000, Size: 0x00004378, Max: 0x00100000, ABSOLUTE)

    Execution Region ER_IROM1 (Exec base: 0x08000000, Load base: 0x08000000, Size: 0x0000425c, Max: 0x00100000, ABSOLUTE)

    Exec Addr    Load Addr    Size         Type   Attr      Idx    E Section Name        Object

    0x08000000   0x08000000   0x00000188   Data   RO            3    RESET               startup_stm32f407xx.o
    0x08000188   0x08000188   0x00000008   Code   RO         3329  * !!!main             c_w.l(__main.o)
    0x08000190   0x08000190   0x00000034   Code   RO         3496    !!!scatter          c_w.l(__scatter.o)
    0x080001c4   0x080001c4   0x0000001a   Code   RO         3498    !!handler_copy      c_w.l(__scatter_copy.o)
    0x080001de   0x080001de   0x00000002   PAD
    0x080001e0   0x080001e0   0x0000001c   Code   RO         3500    !!handler_zi        c_w.l(__scatter_zi.o)
    0x080001fc   0x080001fc   0x00000002   Code   RO         3366    .ARM.Collect$$libinit$$00000000  c_w.l(libinit.o)
    0x080001fe   0x080001fe   0x00000004   Code   RO         3378    .ARM.Collect$$libinit$$00000001  c_w.l(libinit2.o)
    0x08000202   0x08000202   0x00000000   Code   RO         3381    .ARM.Collect$$libinit$$00000004  c_w.l(libinit2.o)
    0x08000202   0x08000202   0x00000000   Code   RO         3384    .ARM.Collect$$libinit$$0000000A  c_w.l(libinit2.o)
    0x08000202   0x08000202   0x00000000   Code   RO         3386    .ARM.Collect$$libinit$$0000000C  c_w.l(libinit2.o)
    0x08000202   0x08000202   0x00000000   Code   RO         3388    .ARM.Collect$$libinit$$0000000E  c_w.l(libinit2.o)
    0x08000202   0x08000202   0x00000000   Code   RO         3391    .ARM.Collect$$libinit$$00000011  c_w.l(libinit2.o)
    0x08000202   0x08000202   0x00000000   Code   RO         3393    .ARM.Collect$$libinit$$00000013  c_w.l(libinit2.o)
    0x08000202   0x08000202   0x00000000   Code   RO         3395    .ARM.Collect$$libinit$$00000015  c_w.l(libinit2.o)
    0x08000202   0x08000202   0x00000000   Code   RO         3397    .ARM.Collect$$libinit$$00000017  c_w.l(libinit2.o)
    0x08000202   0x08000202   0x00000000   Code   RO         3399    .ARM.Collect$$libinit$$00000019  c_w.l(libinit2.o)
    0x08000202   0x08000202   0x00000000   Code   RO         3401    .ARM.Collect$$libinit$$0000001B  c_w.l(libinit2.o)
    0x08000202   0x08000202   0x00000000   Code   RO         3403    .ARM.Collect$$libinit$$0000001D  c_w.l(libinit2.o)
    0x08000202   0x08000202   0x00000000   Code   RO         3405    .ARM.Collect$$libinit$$0000001F  c_w.l(libinit2.o)
    0x08000202   0x08000202   0x00000000   Code   RO         3407    .ARM.Collect$$libinit$$00000021  c_w.l(libinit2.o)
    0x08000202   0x08000202   0x00000000   Code   RO         3409    .ARM.Collect$$libinit$$00000023  c_w.l(libinit2.o)
    0x08000202   0x08000202   0x00000000   Code   RO         3411    .ARM.Collect$$libinit$$00000025  c_w.l(libinit2.o)
    0x08000202   0x08000202   0x00000000   Code   RO         3415    .ARM.Collect$$libinit$$0000002C  c_w.l(libinit2.o)
    0x08000202   0x08000202   0x00000000   Code   RO         3417    .ARM.Collect$$libinit$$0000002E  c_w.l(libinit2.o)
    0x08000202   0x08000202   0x00000000   Code   RO         3419    .ARM.Collect$$libinit$$00000030  c_w.l(libinit2.o)
    0x08000202   0x08000202   0x00000000   Code   RO         3421    .ARM.Collect$$libinit$$00000032  c_w.l(libinit2.o)
    0x08000202   0x08000202   0x00000002   Code   RO         3422    .ARM.Collect$$libinit$$00000033  c_w.l(libinit2.o)
    0x08000204   0x08000204   0x00000002   Code   RO         3453    .ARM.Collect$$libshutdown$$00000000  c_w.l(libshutdown.o)
    0x08000206   0x08000206   0x00000000   Code   RO         3479    .ARM.Collect$$libshutdown$$00000002  c_w.l(libshutdown2.o)
    0x08000206   0x08000206   0x00000000   Code   RO         3481    .ARM.Collect$$libshutdown$$00000004  c_w.l(libshutdown2.o)
    0x08000206   0x08000206   0x00000000   Code   RO         3484    .ARM.Collect$$libshutdown$$00000007  c_w.l(libshutdown2.o)
    0x08000206   0x08000206   0x00000000   Code   RO         3487    .ARM.Collect$$libshutdown$$0000000A  c_w.l(libshutdown2.o)
    0x08000206   0x08000206   0x00000000   Code   RO         3489    .ARM.Collect$$libshutdown$$0000000C  c_w.l(libshutdown2.o)
    0x08000206   0x08000206   0x00000000   Code   RO         3492    .ARM.Collect$$libshutdown$$0000000F  c_w.l(libshutdown2.o)
    0x08000206   0x08000206   0x00000002   Code   RO         3493    .ARM.Collect$$libshutdown$$00000010  c_w.l(libshutdown2.o)
    0x08000208   0x08000208   0x00000000   Code   RO         3331    .ARM.Collect$$rtentry$$00000000  c_w.l(__rtentry.o)
    0x08000208   0x08000208   0x00000000   Code   RO         3337    .ARM.Collect$$rtentry$$00000002  c_w.l(__rtentry2.o)
    0x08000208   0x08000208   0x00000006   Code   RO         3349    .ARM.Collect$$rtentry$$00000004  c_w.l(__rtentry4.o)
    0x0800020e   0x0800020e   0x00000000   Code   RO         3339    .ARM.Collect$$rtentry$$00000009  c_w.l(__rtentry2.o)
    0x0800020e   0x0800020e   0x00000004   Code   RO         3340    .ARM.Collect$$rtentry$$0000000A  c_w.l(__rtentry2.o)
    0x08000212   0x08000212   0x00000000   Code   RO         3342    .ARM.Collect$$rtentry$$0000000C  c_w.l(__rtentry2.o)
    0x08000212   0x08000212   0x00000008   Code   RO         3343    .ARM.Collect$$rtentry$$0000000D  c_w.l(__rtentry2.o)
    0x0800021a   0x0800021a   0x00000002   Code   RO         3370    .ARM.Collect$$rtexit$$00000000  c_w.l(rtexit.o)
    0x0800021c   0x0800021c   0x00000000   Code   RO         3426    .ARM.Collect$$rtexit$$00000002  c_w.l(rtexit2.o)
    0x0800021c   0x0800021c   0x00000004   Code   RO         3427    .ARM.Collect$$rtexit$$00000003  c_w.l(rtexit2.o)
    0x08000220   0x08000220   0x00000006   Code   RO         3428    .ARM.Collect$$rtexit$$00000004  c_w.l(rtexit2.o)
    0x08000226   0x08000226   0x00000002   PAD
    0x08000228   0x08000228   0x00000040   Code   RO            4    .text               startup_stm32f407xx.o
    0x08000268   0x08000268   0x000000ee   Code   RO         3321    .text               c_w.l(lludivv7m.o)
    0x08000356   0x08000356   0x00000064   Code   RO         3323    .text               c_w.l(rt_memcpy_w.o)
    0x080003ba   0x080003ba   0x0000004e   Code   RO         3325    .text               c_w.l(rt_memclr_w.o)
    0x08000408   0x08000408   0x00000006   Code   RO         3327    .text               c_w.l(heapauxi.o)
    0x0800040e   0x0800040e   0x0000004a   Code   RO         3353    .text               c_w.l(sys_stackheap_outer.o)
    0x08000458   0x08000458   0x00000012   Code   RO         3355    .text               c_w.l(exit.o)
    0x0800046a   0x0800046a   0x00000002   PAD
    0x0800046c   0x0800046c   0x00000008   Code   RO         3367    .text               c_w.l(libspace.o)
    0x08000474   0x08000474   0x0000000c   Code   RO         3423    .text               c_w.l(sys_exit.o)
    0x08000480   0x08000480   0x00000002   Code   RO         3442    .text               c_w.l(use_no_semi.o)
    0x08000482   0x08000482   0x00000000   Code   RO         3444    .text               c_w.l(indicate_semi.o)
    0x08000482   0x08000482   0x00000002   Code   RO          419    i.BusFault_Handler  stm32f4xx_it.o
    0x08000484   0x08000484   0x0000000c   Code   RO          420    i.CAN1_RX0_IRQHandler  stm32f4xx_it.o
    0x08000490   0x08000490   0x00000004   Code   RO         2655    i.CDC_Control_FS    usbd_cdc_if.o
    0x08000494   0x08000494   0x0000000a   Code   RO         2656    i.CDC_DeInit_FS     usbd_cdc_if.o
    0x0800049e   0x0800049e   0x00000002   PAD
    0x080004a0   0x080004a0   0x00000028   Code   RO         2657    i.CDC_Init_FS       usbd_cdc_if.o
    0x080004c8   0x080004c8   0x00000024   Code   RO         2658    i.CDC_Receive_FS    usbd_cdc_if.o
    0x080004ec   0x080004ec   0x0000000a   Code   RO         2659    i.CDC_TransmitCplt_FS  usbd_cdc_if.o
    0x080004f6   0x080004f6   0x00000002   PAD
    0x080004f8   0x080004f8   0x00000038   Code   RO         2660    i.CDC_Transmit_FS   usbd_cdc_if.o
    0x08000530   0x08000530   0x00000006   Code   RO           13    i.DM_D4340P_ClearError  dm_d4340p.o
    0x08000536   0x08000536   0x00000006   Code   RO           14    i.DM_D4340P_Disable  dm_d4340p.o
    0x0800053c   0x0800053c   0x00000006   Code   RO           15    i.DM_D4340P_Enable  dm_d4340p.o
    0x08000542   0x08000542   0x00000046   Code   RO           16    i.DM_D4340P_FloatToUint  dm_d4340p.o
    0x08000588   0x08000588   0x00000014   Code   RO           17    i.DM_D4340P_Init    dm_d4340p.o
    0x0800059c   0x0800059c   0x000000d4   Code   RO           18    i.DM_D4340P_MitControl  dm_d4340p.o
    0x08000670   0x08000670   0x0000003c   Code   RO           19    i.DM_D4340P_Send    dm_d4340p.o
    0x080006ac   0x080006ac   0x00000024   Code   RO           20    i.DM_D4340P_SendCommand  dm_d4340p.o
    0x080006d0   0x080006d0   0x00000006   Code   RO           21    i.DM_D4340P_SetZero  dm_d4340p.o
    0x080006d6   0x080006d6   0x00000022   Code   RO           22    i.DM_D4340P_UintToFloat  dm_d4340p.o
    0x080006f8   0x080006f8   0x00000002   Code   RO          421    i.DebugMon_Handler  stm32f4xx_it.o
    0x080006fa   0x080006fa   0x00000004   Code   RO          303    i.Error_Handler     main.o
    0x080006fe   0x080006fe   0x00000024   Code   RO         2267    i.HAL_CAN_ActivateNotification  stm32f4xx_hal_can.o
    0x08000722   0x08000722   0x000000bc   Code   RO         2268    i.HAL_CAN_AddTxMessage  stm32f4xx_hal_can.o
    0x080007de   0x080007de   0x00000002   PAD
    0x080007e0   0x080007e0   0x0000010c   Code   RO         2269    i.HAL_CAN_ConfigFilter  stm32f4xx_hal_can.o
    0x080008ec   0x080008ec   0x00000002   Code   RO         2272    i.HAL_CAN_ErrorCallback  stm32f4xx_hal_can.o
    0x080008ee   0x080008ee   0x000000f4   Code   RO         2275    i.HAL_CAN_GetRxMessage  stm32f4xx_hal_can.o
    0x080009e2   0x080009e2   0x0000002c   Code   RO         2277    i.HAL_CAN_GetTxMailboxesFreeLevel  stm32f4xx_hal_can.o
    0x08000a0e   0x08000a0e   0x000001fc   Code   RO         2279    i.HAL_CAN_IRQHandler  stm32f4xx_hal_can.o
    0x08000c0a   0x08000c0a   0x0000011a   Code   RO         2280    i.HAL_CAN_Init      stm32f4xx_hal_can.o
    0x08000d24   0x08000d24   0x00000078   Code   RO          378    i.HAL_CAN_MspInit   can.o
    0x08000d9c   0x08000d9c   0x00000002   Code   RO         2287    i.HAL_CAN_RxFifo0FullCallback  stm32f4xx_hal_can.o
    0x08000d9e   0x08000d9e   0x00000002   PAD
    0x08000da0   0x08000da0   0x000000d8   Code   RO           23    i.HAL_CAN_RxFifo0MsgPendingCallback  dm_d4340p.o
    0x08000e78   0x08000e78   0x00000002   Code   RO         2289    i.HAL_CAN_RxFifo1FullCallback  stm32f4xx_hal_can.o
    0x08000e7a   0x08000e7a   0x00000002   Code   RO         2290    i.HAL_CAN_RxFifo1MsgPendingCallback  stm32f4xx_hal_can.o
    0x08000e7c   0x08000e7c   0x00000002   Code   RO         2291    i.HAL_CAN_SleepCallback  stm32f4xx_hal_can.o
    0x08000e7e   0x08000e7e   0x00000002   PAD
    0x08000e80   0x08000e80   0x00000058   Code   RO         2292    i.HAL_CAN_Start     stm32f4xx_hal_can.o
    0x08000ed8   0x08000ed8   0x00000002   Code   RO         2294    i.HAL_CAN_TxMailbox0AbortCallback  stm32f4xx_hal_can.o
    0x08000eda   0x08000eda   0x00000002   Code   RO         2295    i.HAL_CAN_TxMailbox0CompleteCallback  stm32f4xx_hal_can.o
    0x08000edc   0x08000edc   0x00000002   Code   RO         2296    i.HAL_CAN_TxMailbox1AbortCallback  stm32f4xx_hal_can.o
    0x08000ede   0x08000ede   0x00000002   Code   RO         2297    i.HAL_CAN_TxMailbox1CompleteCallback  stm32f4xx_hal_can.o
    0x08000ee0   0x08000ee0   0x00000002   Code   RO         2298    i.HAL_CAN_TxMailbox2AbortCallback  stm32f4xx_hal_can.o
    0x08000ee2   0x08000ee2   0x00000002   Code   RO         2299    i.HAL_CAN_TxMailbox2CompleteCallback  stm32f4xx_hal_can.o
    0x08000ee4   0x08000ee4   0x00000002   Code   RO         2301    i.HAL_CAN_WakeUpFromRxMsgCallback  stm32f4xx_hal_can.o
    0x08000ee6   0x08000ee6   0x00000002   PAD
    0x08000ee8   0x08000ee8   0x00000024   Code   RO         2015    i.HAL_Delay         stm32f4xx_hal.o
    0x08000f0c   0x08000f0c   0x000001f0   Code   RO         1471    i.HAL_GPIO_Init     stm32f4xx_hal_gpio.o
    0x080010fc   0x080010fc   0x0000000c   Code   RO         2021    i.HAL_GetTick       stm32f4xx_hal.o
    0x08001108   0x08001108   0x00000010   Code   RO         2027    i.HAL_IncTick       stm32f4xx_hal.o
    0x08001118   0x08001118   0x00000034   Code   RO         2028    i.HAL_Init          stm32f4xx_hal.o
    0x0800114c   0x0800114c   0x00000040   Code   RO         2029    i.HAL_InitTick      stm32f4xx_hal.o
    0x0800118c   0x0800118c   0x00000030   Code   RO          507    i.HAL_MspInit       stm32f4xx_hal_msp.o
    0x080011bc   0x080011bc   0x0000001a   Code   RO         1863    i.HAL_NVIC_EnableIRQ  stm32f4xx_hal_cortex.o
    0x080011d6   0x080011d6   0x00000002   PAD
    0x080011d8   0x080011d8   0x00000040   Code   RO         1869    i.HAL_NVIC_SetPriority  stm32f4xx_hal_cortex.o
    0x08001218   0x08001218   0x00000024   Code   RO         1870    i.HAL_NVIC_SetPriorityGrouping  stm32f4xx_hal_cortex.o
    0x0800123c   0x0800123c   0x00000002   Code   RO          770    i.HAL_PCDEx_LPM_Callback  stm32f4xx_hal_pcd_ex.o
    0x0800123e   0x0800123e   0x00000008   Code   RO          771    i.HAL_PCDEx_SetRxFiFo  stm32f4xx_hal_pcd_ex.o
    0x08001246   0x08001246   0x00000044   Code   RO          772    i.HAL_PCDEx_SetTxFiFo  stm32f4xx_hal_pcd_ex.o
    0x0800128a   0x0800128a   0x00000008   Code   RO         2712    i.HAL_PCD_ConnectCallback  usbd_conf.o
    0x08001292   0x08001292   0x00000012   Code   RO         2713    i.HAL_PCD_DataInStageCallback  usbd_conf.o
    0x080012a4   0x080012a4   0x00000014   Code   RO         2714    i.HAL_PCD_DataOutStageCallback  usbd_conf.o
    0x080012b8   0x080012b8   0x00000008   Code   RO         2715    i.HAL_PCD_DisconnectCallback  usbd_conf.o
    0x080012c0   0x080012c0   0x0000001e   Code   RO          540    i.HAL_PCD_EP_Abort  stm32f4xx_hal_pcd.o
    0x080012de   0x080012de   0x0000004a   Code   RO          541    i.HAL_PCD_EP_Close  stm32f4xx_hal_pcd.o
    0x08001328   0x08001328   0x0000005a   Code   RO          542    i.HAL_PCD_EP_ClrStall  stm32f4xx_hal_pcd.o
    0x08001382   0x08001382   0x00000012   Code   RO          544    i.HAL_PCD_EP_GetRxCount  stm32f4xx_hal_pcd.o
    0x08001394   0x08001394   0x00000062   Code   RO          545    i.HAL_PCD_EP_Open   stm32f4xx_hal_pcd.o
    0x080013f6   0x080013f6   0x00000038   Code   RO          546    i.HAL_PCD_EP_Receive  stm32f4xx_hal_pcd.o
    0x0800142e   0x0800142e   0x00000072   Code   RO          547    i.HAL_PCD_EP_SetStall  stm32f4xx_hal_pcd.o
    0x080014a0   0x080014a0   0x00000032   Code   RO          548    i.HAL_PCD_EP_Transmit  stm32f4xx_hal_pcd.o
    0x080014d2   0x080014d2   0x00000002   PAD
    0x080014d4   0x080014d4   0x0000055c   Code   RO          550    i.HAL_PCD_IRQHandler  stm32f4xx_hal_pcd.o
    0x08001a30   0x08001a30   0x00000008   Code   RO         2716    i.HAL_PCD_ISOINIncompleteCallback  usbd_conf.o
    0x08001a38   0x08001a38   0x00000008   Code   RO         2717    i.HAL_PCD_ISOOUTIncompleteCallback  usbd_conf.o
    0x08001a40   0x08001a40   0x000000cc   Code   RO          553    i.HAL_PCD_Init      stm32f4xx_hal_pcd.o
    0x08001b0c   0x08001b0c   0x00000084   Code   RO         2719    i.HAL_PCD_MspInit   usbd_conf.o
    0x08001b90   0x08001b90   0x0000002c   Code   RO         2720    i.HAL_PCD_ResetCallback  usbd_conf.o
    0x08001bbc   0x08001bbc   0x00000008   Code   RO         2721    i.HAL_PCD_ResumeCallback  usbd_conf.o
    0x08001bc4   0x08001bc4   0x00000008   Code   RO         2722    i.HAL_PCD_SOFCallback  usbd_conf.o
    0x08001bcc   0x08001bcc   0x00000026   Code   RO          559    i.HAL_PCD_SetAddress  stm32f4xx_hal_pcd.o
    0x08001bf2   0x08001bf2   0x0000000e   Code   RO         2723    i.HAL_PCD_SetupStageCallback  usbd_conf.o
    0x08001c00   0x08001c00   0x00000042   Code   RO          562    i.HAL_PCD_Start     stm32f4xx_hal_pcd.o
    0x08001c42   0x08001c42   0x00000002   PAD
    0x08001c44   0x08001c44   0x00000030   Code   RO         2724    i.HAL_PCD_SuspendCallback  usbd_conf.o
    0x08001c74   0x08001c74   0x00000134   Code   RO         1117    i.HAL_RCC_ClockConfig  stm32f4xx_hal_rcc.o
    0x08001da8   0x08001da8   0x0000000c   Code   RO         1122    i.HAL_RCC_GetHCLKFreq  stm32f4xx_hal_rcc.o
    0x08001db4   0x08001db4   0x00000060   Code   RO         1126    i.HAL_RCC_GetSysClockFreq  stm32f4xx_hal_rcc.o
    0x08001e14   0x08001e14   0x0000036c   Code   RO         1129    i.HAL_RCC_OscConfig  stm32f4xx_hal_rcc.o
    0x08002180   0x08002180   0x00000028   Code   RO         1874    i.HAL_SYSTICK_Config  stm32f4xx_hal_cortex.o
    0x080021a8   0x080021a8   0x00000002   Code   RO          422    i.HardFault_Handler  stm32f4xx_it.o
    0x080021aa   0x080021aa   0x00000002   PAD
    0x080021ac   0x080021ac   0x00000038   Code   RO         2569    i.IntToUnicode      usbd_desc.o
    0x080021e4   0x080021e4   0x00000048   Code   RO          379    i.MX_CAN1_Init      can.o
    0x0800222c   0x0800222c   0x0000003c   Code   RO          353    i.MX_GPIO_Init      gpio.o
    0x08002268   0x08002268   0x00000054   Code   RO         2538    i.MX_USB_DEVICE_Init  usb_device.o
    0x080022bc   0x080022bc   0x00000002   Code   RO          423    i.MemManage_Handler  stm32f4xx_it.o
    0x080022be   0x080022be   0x00000002   Code   RO          424    i.NMI_Handler       stm32f4xx_it.o
    0x080022c0   0x080022c0   0x0000000c   Code   RO          425    i.OTG_FS_IRQHandler  stm32f4xx_it.o
    0x080022cc   0x080022cc   0x000000cc   Code   RO          566    i.PCD_EP_OutXfrComplete_int  stm32f4xx_hal_pcd.o
    0x08002398   0x08002398   0x000000a2   Code   RO          567    i.PCD_WriteEmptyTxFifo  stm32f4xx_hal_pcd.o
    0x0800243a   0x0800243a   0x00000002   Code   RO          426    i.PendSV_Handler    stm32f4xx_it.o
    0x0800243c   0x0800243c   0x00000002   Code   RO          427    i.SVC_Handler       stm32f4xx_it.o
    0x0800243e   0x0800243e   0x0000000a   Code   RO         3078    i.SWAPBYTE          usbd_ctlreq.o
    0x08002448   0x08002448   0x00000004   Code   RO          428    i.SysTick_Handler   stm32f4xx_it.o
    0x0800244c   0x0800244c   0x00000094   Code   RO          304    i.SystemClock_Config  main.o
    0x080024e0   0x080024e0   0x00000010   Code   RO         2501    i.SystemInit        system_stm32f4xx.o
    0x080024f0   0x080024f0   0x00000076   Code   RO         3216    i.USBD_CDC_DataIn   usbd_cdc.o
    0x08002566   0x08002566   0x0000003c   Code   RO         3217    i.USBD_CDC_DataOut  usbd_cdc.o
    0x080025a2   0x080025a2   0x00000002   PAD
    0x080025a4   0x080025a4   0x00000094   Code   RO         3218    i.USBD_CDC_DeInit   usbd_cdc.o
    0x08002638   0x08002638   0x00000036   Code   RO         3219    i.USBD_CDC_EP0_RxReady  usbd_cdc.o
    0x0800266e   0x0800266e   0x00000002   PAD
    0x08002670   0x08002670   0x0000000c   Code   RO         3220    i.USBD_CDC_GetDeviceQualifierDescriptor  usbd_cdc.o
    0x0800267c   0x0800267c   0x0000003c   Code   RO         3221    i.USBD_CDC_GetFSCfgDesc  usbd_cdc.o
    0x080026b8   0x080026b8   0x00000040   Code   RO         3222    i.USBD_CDC_GetHSCfgDesc  usbd_cdc.o
    0x080026f8   0x080026f8   0x0000003c   Code   RO         3223    i.USBD_CDC_GetOtherSpeedCfgDesc  usbd_cdc.o
    0x08002734   0x08002734   0x00000120   Code   RO         3224    i.USBD_CDC_Init     usbd_cdc.o
    0x08002854   0x08002854   0x00000038   Code   RO         3225    i.USBD_CDC_ReceivePacket  usbd_cdc.o
    0x0800288c   0x0800288c   0x00000016   Code   RO         3226    i.USBD_CDC_RegisterInterface  usbd_cdc.o
    0x080028a2   0x080028a2   0x0000001a   Code   RO         3227    i.USBD_CDC_SetRxBuffer  usbd_cdc.o
    0x080028bc   0x080028bc   0x0000001e   Code   RO         3228    i.USBD_CDC_SetTxBuffer  usbd_cdc.o
    0x080028da   0x080028da   0x000000d4   Code   RO         3229    i.USBD_CDC_Setup    usbd_cdc.o
    0x080029ae   0x080029ae   0x00000002   PAD
    0x080029b0   0x080029b0   0x00000050   Code   RO         3230    i.USBD_CDC_TransmitPacket  usbd_cdc.o
    0x08002a00   0x08002a00   0x00000014   Code   RO         2919    i.USBD_ClrClassConfig  usbd_core.o
    0x08002a14   0x08002a14   0x00000004   Code   RO         2920    i.USBD_CoreFindEP   usbd_core.o
    0x08002a18   0x08002a18   0x00000004   Code   RO         2921    i.USBD_CoreFindIF   usbd_core.o
    0x08002a1c   0x08002a1c   0x00000010   Code   RO         3156    i.USBD_CtlContinueRx  usbd_ioreq.o
    0x08002a2c   0x08002a2c   0x00000010   Code   RO         3157    i.USBD_CtlContinueSendData  usbd_ioreq.o
    0x08002a3c   0x08002a3c   0x00000016   Code   RO         3079    i.USBD_CtlError     usbd_ctlreq.o
    0x08002a52   0x08002a52   0x00000022   Code   RO         3158    i.USBD_CtlPrepareRx  usbd_ioreq.o
    0x08002a74   0x08002a74   0x00000016   Code   RO         3159    i.USBD_CtlReceiveStatus  usbd_ioreq.o
    0x08002a8a   0x08002a8a   0x0000001c   Code   RO         3160    i.USBD_CtlSendData  usbd_ioreq.o
    0x08002aa6   0x08002aa6   0x00000016   Code   RO         3161    i.USBD_CtlSendStatus  usbd_ioreq.o
    0x08002abc   0x08002abc   0x00000020   Code   RO         2570    i.USBD_FS_ConfigStrDescriptor  usbd_desc.o
    0x08002adc   0x08002adc   0x0000000c   Code   RO         2571    i.USBD_FS_DeviceDescriptor  usbd_desc.o
    0x08002ae8   0x08002ae8   0x00000024   Code   RO         2572    i.USBD_FS_InterfaceStrDescriptor  usbd_desc.o
    0x08002b0c   0x08002b0c   0x0000000c   Code   RO         2573    i.USBD_FS_LangIDStrDescriptor  usbd_desc.o
    0x08002b18   0x08002b18   0x00000028   Code   RO         2574    i.USBD_FS_ManufacturerStrDescriptor  usbd_desc.o
    0x08002b40   0x08002b40   0x0000002c   Code   RO         2575    i.USBD_FS_ProductStrDescriptor  usbd_desc.o
    0x08002b6c   0x08002b6c   0x00000038   Code   RO         2576    i.USBD_FS_SerialStrDescriptor  usbd_desc.o
    0x08002ba4   0x08002ba4   0x000000e6   Code   RO         3080    i.USBD_GetDescriptor  usbd_ctlreq.o
    0x08002c8a   0x08002c8a   0x0000003a   Code   RO         2923    i.USBD_GetEpDesc    usbd_core.o
    0x08002cc4   0x08002cc4   0x00000014   Code   RO         3081    i.USBD_GetLen       usbd_ctlreq.o
    0x08002cd8   0x08002cd8   0x0000000e   Code   RO         2924    i.USBD_GetNextDesc  usbd_core.o
    0x08002ce6   0x08002ce6   0x0000004e   Code   RO         3082    i.USBD_GetString    usbd_ctlreq.o
    0x08002d34   0x08002d34   0x00000018   Code   RO         2725    i.USBD_Get_USB_Status  usbd_conf.o
    0x08002d4c   0x08002d4c   0x00000026   Code   RO         2925    i.USBD_Init         usbd_core.o
    0x08002d72   0x08002d72   0x00000012   Code   RO         2726    i.USBD_LL_ClearStallEP  usbd_conf.o
    0x08002d84   0x08002d84   0x00000012   Code   RO         2727    i.USBD_LL_CloseEP   usbd_conf.o
    0x08002d96   0x08002d96   0x000000b8   Code   RO         2926    i.USBD_LL_DataInStage  usbd_core.o
    0x08002e4e   0x08002e4e   0x00000094   Code   RO         2927    i.USBD_LL_DataOutStage  usbd_core.o
    0x08002ee2   0x08002ee2   0x00000004   Code   RO         2928    i.USBD_LL_DevConnected  usbd_core.o
    0x08002ee6   0x08002ee6   0x0000001e   Code   RO         2929    i.USBD_LL_DevDisconnected  usbd_core.o
    0x08002f04   0x08002f04   0x00000008   Code   RO         2731    i.USBD_LL_GetRxDataSize  usbd_conf.o
    0x08002f0c   0x08002f0c   0x00000060   Code   RO         2732    i.USBD_LL_Init      usbd_conf.o
    0x08002f6c   0x08002f6c   0x0000001e   Code   RO         2733    i.USBD_LL_IsStallEP  usbd_conf.o
    0x08002f8a   0x08002f8a   0x00000028   Code   RO         2930    i.USBD_LL_IsoINIncomplete  usbd_core.o
    0x08002fb2   0x08002fb2   0x00000028   Code   RO         2931    i.USBD_LL_IsoOUTIncomplete  usbd_core.o
    0x08002fda   0x08002fda   0x00000018   Code   RO         2734    i.USBD_LL_OpenEP    usbd_conf.o
    0x08002ff2   0x08002ff2   0x00000012   Code   RO         2735    i.USBD_LL_PrepareReceive  usbd_conf.o
    0x08003004   0x08003004   0x0000005e   Code   RO         2932    i.USBD_LL_Reset     usbd_core.o
    0x08003062   0x08003062   0x00000014   Code   RO         2933    i.USBD_LL_Resume    usbd_core.o
    0x08003076   0x08003076   0x0000001a   Code   RO         2934    i.USBD_LL_SOF       usbd_core.o
    0x08003090   0x08003090   0x00000006   Code   RO         2935    i.USBD_LL_SetSpeed  usbd_core.o
    0x08003096   0x08003096   0x00000012   Code   RO         2736    i.USBD_LL_SetUSBAddress  usbd_conf.o
    0x080030a8   0x080030a8   0x00000060   Code   RO         2936    i.USBD_LL_SetupStage  usbd_core.o
    0x08003108   0x08003108   0x00000012   Code   RO         2737    i.USBD_LL_StallEP   usbd_conf.o
    0x0800311a   0x0800311a   0x00000012   Code   RO         2738    i.USBD_LL_Start     usbd_conf.o
    0x0800312c   0x0800312c   0x0000001a   Code   RO         2937    i.USBD_LL_Suspend   usbd_core.o
    0x08003146   0x08003146   0x00000012   Code   RO         2740    i.USBD_LL_Transmit  usbd_conf.o
    0x08003158   0x08003158   0x0000002c   Code   RO         3083    i.USBD_ParseSetupRequest  usbd_ctlreq.o
    0x08003184   0x08003184   0x0000003a   Code   RO         2938    i.USBD_RegisterClass  usbd_core.o
    0x080031be   0x080031be   0x00000014   Code   RO         2940    i.USBD_SetClassConfig  usbd_core.o
    0x080031d2   0x080031d2   0x00000002   PAD
    0x080031d4   0x080031d4   0x000000b8   Code   RO         3084    i.USBD_SetConfig    usbd_ctlreq.o
    0x0800328c   0x0800328c   0x00000004   Code   RO         2941    i.USBD_Start        usbd_core.o
    0x08003290   0x08003290   0x0000012c   Code   RO         3085    i.USBD_StdDevReq    usbd_ctlreq.o
    0x080033bc   0x080033bc   0x00000166   Code   RO         3086    i.USBD_StdEPReq     usbd_ctlreq.o
    0x08003522   0x08003522   0x00000072   Code   RO         3087    i.USBD_StdItfReq    usbd_ctlreq.o
    0x08003594   0x08003594   0x00000002   Code   RO         2741    i.USBD_static_free  usbd_conf.o
    0x08003596   0x08003596   0x00000002   PAD
    0x08003598   0x08003598   0x00000008   Code   RO         2742    i.USBD_static_malloc  usbd_conf.o
    0x080035a0   0x080035a0   0x00000080   Code   RO          812    i.USB_ActivateEndpoint  stm32f4xx_ll_usb.o
    0x08003620   0x08003620   0x0000001c   Code   RO          814    i.USB_ActivateSetup  stm32f4xx_ll_usb.o
    0x0800363c   0x0800363c   0x00000084   Code   RO          816    i.USB_CoreInit      stm32f4xx_ll_usb.o
    0x080036c0   0x080036c0   0x00000044   Code   RO          817    i.USB_CoreReset     stm32f4xx_ll_usb.o
    0x08003704   0x08003704   0x000000cc   Code   RO          820    i.USB_DeactivateEndpoint  stm32f4xx_ll_usb.o
    0x080037d0   0x080037d0   0x0000001c   Code   RO          821    i.USB_DevConnect    stm32f4xx_ll_usb.o
    0x080037ec   0x080037ec   0x0000001c   Code   RO          822    i.USB_DevDisconnect  stm32f4xx_ll_usb.o
    0x08003808   0x08003808   0x0000017c   Code   RO          823    i.USB_DevInit       stm32f4xx_ll_usb.o
    0x08003984   0x08003984   0x0000000c   Code   RO          824    i.USB_DisableGlobalInt  stm32f4xx_ll_usb.o
    0x08003990   0x08003990   0x00000058   Code   RO          827    i.USB_EP0_OutStart  stm32f4xx_ll_usb.o
    0x080039e8   0x080039e8   0x00000058   Code   RO          828    i.USB_EPClearStall  stm32f4xx_ll_usb.o
    0x08003a40   0x08003a40   0x00000058   Code   RO          829    i.USB_EPSetStall    stm32f4xx_ll_usb.o
    0x08003a98   0x08003a98   0x00000238   Code   RO          830    i.USB_EPStartXfer   stm32f4xx_ll_usb.o
    0x08003cd0   0x08003cd0   0x0000009e   Code   RO          831    i.USB_EPStopXfer    stm32f4xx_ll_usb.o
    0x08003d6e   0x08003d6e   0x0000000c   Code   RO          832    i.USB_EnableGlobalInt  stm32f4xx_ll_usb.o
    0x08003d7a   0x08003d7a   0x00000038   Code   RO          833    i.USB_FlushRxFifo   stm32f4xx_ll_usb.o
    0x08003db2   0x08003db2   0x0000003c   Code   RO          834    i.USB_FlushTxFifo   stm32f4xx_ll_usb.o
    0x08003dee   0x08003dee   0x0000001a   Code   RO          836    i.USB_GetDevSpeed   stm32f4xx_ll_usb.o
    0x08003e08   0x08003e08   0x00000008   Code   RO          838    i.USB_GetMode       stm32f4xx_ll_usb.o
    0x08003e10   0x08003e10   0x00000034   Code   RO          201    i.USB_MotorComm_GetCommand  usb_motor_comm.o
    0x08003e44   0x08003e44   0x0000000c   Code   RO          205    i.USB_MotorComm_TransmitComplete  usb_motor_comm.o
    0x08003e50   0x08003e50   0x0000000e   Code   RO          846    i.USB_ReadDevAllInEpInterrupt  stm32f4xx_ll_usb.o
    0x08003e5e   0x08003e5e   0x0000000e   Code   RO          847    i.USB_ReadDevAllOutEpInterrupt  stm32f4xx_ll_usb.o
    0x08003e6c   0x08003e6c   0x00000024   Code   RO          848    i.USB_ReadDevInEPInterrupt  stm32f4xx_ll_usb.o
    0x08003e90   0x08003e90   0x00000010   Code   RO          849    i.USB_ReadDevOutEPInterrupt  stm32f4xx_ll_usb.o
    0x08003ea0   0x08003ea0   0x00000008   Code   RO          850    i.USB_ReadInterrupts  stm32f4xx_ll_usb.o
    0x08003ea8   0x08003ea8   0x0000003e   Code   RO          851    i.USB_ReadPacket    stm32f4xx_ll_usb.o
    0x08003ee6   0x08003ee6   0x0000005c   Code   RO          853    i.USB_SetCurrentMode  stm32f4xx_ll_usb.o
    0x08003f42   0x08003f42   0x00000022   Code   RO          854    i.USB_SetDevAddress  stm32f4xx_ll_usb.o
    0x08003f64   0x08003f64   0x000000e8   Code   RO          856    i.USB_SetTurnaroundTime  stm32f4xx_ll_usb.o
    0x0800404c   0x0800404c   0x00000028   Code   RO          859    i.USB_WritePacket   stm32f4xx_ll_usb.o
    0x08004074   0x08004074   0x00000002   Code   RO          429    i.UsageFault_Handler  stm32f4xx_it.o
    0x08004076   0x08004076   0x00000020   Code   RO         1876    i.__NVIC_SetPriority  stm32f4xx_hal_cortex.o
    0x08004096   0x08004096   0x00000002   PAD
    0x08004098   0x08004098   0x00000188   Code   RO          305    i.main              main.o
    0x08004220   0x08004220   0x0000000a   Code   RO         3438    x$fpl$fpinit        fz_wm.l(fpinit.o)
    0x0800422a   0x0800422a   0x00000010   Data   RO         2502    .constdata          system_stm32f4xx.o
    0x0800423a   0x0800423a   0x00000002   PAD
    0x0800423c   0x0800423c   0x00000020   Data   RO         3494    Region$$Table       anon$$obj.o


    Execution Region RW_IRAM1 (Exec base: 0x20000000, Load base: 0x0800425c, Size: 0x00002558, Max: 0x0001c000, ABSOLUTE)

    Exec Addr    Load Addr    Size         Type   Attr      Idx    E Section Name        Object

    0x20000000   0x0800425c   0x00000004   Data   RW           25    .data               dm_d4340p.o
    0x20000004   0x08004260   0x00000006   Data   RW          208    .data               usb_motor_comm.o
    0x2000000a   0x08004266   0x00000002   PAD
    0x2000000c   0x08004268   0x0000000c   Data   RW          307    .data               main.o
    0x20000018   0x08004274   0x0000000c   Data   RW         2035    .data               stm32f4xx_hal.o
    0x20000024   0x08004280   0x00000004   Data   RW         2504    .data               system_stm32f4xx.o
    0x20000028   0x08004284   0x0000001c   Data   RW         2578    .data               usbd_desc.o
    0x20000044   0x080042a0   0x00000032   Data   RW         2579    .data               usbd_desc.o
    0x20000076   0x080042d2   0x00000002   PAD
    0x20000078   0x080042d4   0x00000014   Data   RW         2662    .data               usbd_cdc_if.o
    0x2000008c   0x080042e8   0x00000001   Data   RW         3088    .data               usbd_ctlreq.o
    0x2000008d   0x080042e9   0x00000003   PAD
    0x20000090   0x080042ec   0x00000053   Data   RW         3231    .data               usbd_cdc.o
    0x200000e3   0x0800433f   0x00000001   PAD
    0x200000e4   0x08004340   0x00000038   Data   RW         3232    .data               usbd_cdc.o
    0x2000011c        -       0x00000060   Zero   RW           24    .bss                dm_d4340p.o
    0x2000017c        -       0x00000109   Zero   RW          207    .bss                usb_motor_comm.o
    0x20000285   0x08004378   0x00000003   PAD
    0x20000288        -       0x00000064   Zero   RW          306    .bss                main.o
    0x200002ec        -       0x00000028   Zero   RW          380    .bss                can.o
    0x20000314        -       0x000002dc   Zero   RW         2539    .bss                usb_device.o
    0x200005f0        -       0x00000200   Zero   RW         2577    .bss                usbd_desc.o
    0x200007f0        -       0x00001000   Zero   RW         2661    .bss                usbd_cdc_if.o
    0x200017f0        -       0x00000704   Zero   RW         2743    .bss                usbd_conf.o
    0x20001ef4        -       0x00000060   Zero   RW         3368    .bss                c_w.l(libspace.o)
    0x20001f54   0x08004378   0x00000004   PAD
    0x20001f58        -       0x00000200   Zero   RW            2    HEAP                startup_stm32f407xx.o
    0x20002158        -       0x00000400   Zero   RW            1    STACK               startup_stm32f407xx.o


    Execution Region RW_IRAM2 (Exec base: 0x2001c000, Load base: 0x08004378, Size: 0x00000000, Max: 0x00004000, ABSOLUTE)

    **** No section assigned to this execution region ****


==============================================================================

Image component sizes


      Code (inc. data)   RO Data    RW Data    ZI Data      Debug   Object Name

       192         24          0          0         40       1733   can.o
       672         32          0          4         96     663610   dm_d4340p.o
        60          6          0          0          0        851   gpio.o
       544         24          0         12        100       3029   main.o
        64         26        392          0       1536        852   startup_stm32f407xx.o
       180         28          0         12          0       9473   stm32f4xx_hal.o
      1682          6          0          0          0      15221   stm32f4xx_hal_can.o
       198         14          0          0          0      33871   stm32f4xx_hal_cortex.o
       496         46          0          0          0       1548   stm32f4xx_hal_gpio.o
        48          6          0          0          0        874   stm32f4xx_hal_msp.o
      2576         12          0          0          0      13672   stm32f4xx_hal_pcd.o
        78          0          0          0          0       2433   stm32f4xx_hal_pcd_ex.o
      1292         54          0          0          0       4590   stm32f4xx_hal_rcc.o
        44         12          0          0          0       5192   stm32f4xx_it.o
      2708        116          0          0          0      23508   stm32f4xx_ll_usb.o
        16          4         16          4          0       1151   system_stm32f4xx.o
        84         18          0          0        732        828   usb_device.o
        64         14          0          6        265      16555   usb_motor_comm.o
      1290         38          0        139          0      14545   usbd_cdc.o
       156         20          0         20       4096       4196   usbd_cdc_if.o
       642         24          0          0       1796      17044   usbd_conf.o
       934          0          0          0          0      15551   usbd_core.o
      1360         28          0          1          0      15428   usbd_ctlreq.o
       288        104          0         78        512       6265   usbd_desc.o
       138          0          0          0          0       4588   usbd_ioreq.o

    ----------------------------------------------------------------------
     15838        656        442        284       9176     876608   Object Totals
         0          0         32          0          0          0   (incl. Generated)
        32          0          2          8          3          0   (incl. Padding)

    ----------------------------------------------------------------------

      Code (inc. data)   RO Data    RW Data    ZI Data      Debug   Library Member Name

         8          0          0          0          0         68   __main.o
         0          0          0          0          0          0   __rtentry.o
        12          0          0          0          0          0   __rtentry2.o
         6          0          0          0          0          0   __rtentry4.o
        52          8          0          0          0          0   __scatter.o
        26          0          0          0          0          0   __scatter_copy.o
        28          0          0          0          0          0   __scatter_zi.o
        18          0          0          0          0         80   exit.o
         6          0          0          0          0        152   heapauxi.o
         0          0          0          0          0          0   indicate_semi.o
         2          0          0          0          0          0   libinit.o
         6          0          0          0          0          0   libinit2.o
         2          0          0          0          0          0   libshutdown.o
         2          0          0          0          0          0   libshutdown2.o
         8          4          0          0         96         68   libspace.o
       238          0          0          0          0        100   lludivv7m.o
        78          0          0          0          0         80   rt_memclr_w.o
       100          0          0          0          0         80   rt_memcpy_w.o
         2          0          0          0          0          0   rtexit.o
        10          0          0          0          0          0   rtexit2.o
        12          4          0          0          0         68   sys_exit.o
        74          0          0          0          0         80   sys_stackheap_outer.o
         2          0          0          0          0         68   use_no_semi.o
        10          0          0          0          0        116   fpinit.o

    ----------------------------------------------------------------------
       708         16          0          0        100        960   Library Totals
         6          0          0          0          4          0   (incl. Padding)

    ----------------------------------------------------------------------

      Code (inc. data)   RO Data    RW Data    ZI Data      Debug   Library Name

       692         16          0          0         96        844   c_w.l
        10          0          0          0          0        116   fz_wm.l

    ----------------------------------------------------------------------
       708         16          0          0        100        960   Library Totals

    ----------------------------------------------------------------------

==============================================================================


      Code (inc. data)   RO Data    RW Data    ZI Data      Debug   

     16546        672        442        284       9276     857456   Grand Totals
     16546        672        442        284       9276     857456   ELF Image Totals
     16546        672        442        284          0          0   ROM Totals

==============================================================================

    Total RO  Size (Code + RO Data)                16988 (  16.59kB)
    Total RW  Size (RW Data + ZI Data)              9560 (   9.34kB)
    Total ROM Size (Code + RO Data + RW Data)      17272 (  16.87kB)

==============================================================================

