Component: ARM Compiler 5.06 update 5 (build 528) Tool: armlink [4d35e2]

==============================================================================

Section Cross References

    startup_stm32g474xx.o(STACK) refers (Special) to heapauxi.o(.text) for __use_two_region_memory
    startup_stm32g474xx.o(HEAP) refers (Special) to heapauxi.o(.text) for __use_two_region_memory
    startup_stm32g474xx.o(RESET) refers (Special) to heapauxi.o(.text) for __use_two_region_memory
    startup_stm32g474xx.o(RESET) refers to startup_stm32g474xx.o(STACK) for __initial_sp
    startup_stm32g474xx.o(RESET) refers to startup_stm32g474xx.o(.text) for Reset_Handler
    startup_stm32g474xx.o(RESET) refers to stm32g4xx_it.o(i.NMI_Handler) for NMI_Handler
    startup_stm32g474xx.o(RESET) refers to stm32g4xx_it.o(i.HardFault_Handler) for HardFault_Handler
    startup_stm32g474xx.o(RESET) refers to stm32g4xx_it.o(i.MemManage_Handler) for MemManage_Handler
    startup_stm32g474xx.o(RESET) refers to stm32g4xx_it.o(i.BusFault_Handler) for BusFault_Handler
    startup_stm32g474xx.o(RESET) refers to stm32g4xx_it.o(i.UsageFault_Handler) for UsageFault_Handler
    startup_stm32g474xx.o(RESET) refers to stm32g4xx_it.o(i.SVC_Handler) for SVC_Handler
    startup_stm32g474xx.o(RESET) refers to stm32g4xx_it.o(i.DebugMon_Handler) for DebugMon_Handler
    startup_stm32g474xx.o(RESET) refers to stm32g4xx_it.o(i.PendSV_Handler) for PendSV_Handler
    startup_stm32g474xx.o(RESET) refers to stm32g4xx_it.o(i.SysTick_Handler) for SysTick_Handler
    startup_stm32g474xx.o(RESET) refers to stm32g4xx_it.o(i.USB_LP_IRQHandler) for USB_LP_IRQHandler
    startup_stm32g474xx.o(RESET) refers to stm32g4xx_it.o(i.FDCAN1_IT0_IRQHandler) for FDCAN1_IT0_IRQHandler
    startup_stm32g474xx.o(RESET) refers to stm32g4xx_it.o(i.TIM6_DAC_IRQHandler) for TIM6_DAC_IRQHandler
    startup_stm32g474xx.o(.text) refers (Special) to heapauxi.o(.text) for __use_two_region_memory
    startup_stm32g474xx.o(.text) refers to system_stm32g4xx.o(i.SystemInit) for SystemInit
    startup_stm32g474xx.o(.text) refers to __main.o(!!!main) for __main
    startup_stm32g474xx.o(.text) refers to startup_stm32g474xx.o(HEAP) for Heap_Mem
    startup_stm32g474xx.o(.text) refers to startup_stm32g474xx.o(STACK) for Stack_Mem
    dm_motor.o(i.DM_Motor_ClearError) refers to dm_motor.o(i.DM_Motor_SendCommand) for DM_Motor_SendCommand
    dm_motor.o(i.DM_Motor_Disable) refers to dm_motor.o(i.DM_Motor_SendCommand) for DM_Motor_SendCommand
    dm_motor.o(i.DM_Motor_Enable) refers to dm_motor.o(i.DM_Motor_SendCommand) for DM_Motor_SendCommand
    dm_motor.o(i.DM_Motor_Init) refers to dm_motor.o(.data) for .data
    dm_motor.o(i.DM_Motor_MitControl) refers to dm_motor.o(i.DM_Motor_FloatToUint) for DM_Motor_FloatToUint
    dm_motor.o(i.DM_Motor_MitControl) refers to dm_motor.o(i.DM_Motor_Send) for DM_Motor_Send
    dm_motor.o(i.DM_Motor_MitControl) refers to dm_motor.o(.constdata) for .constdata
    dm_motor.o(i.DM_Motor_Send) refers to stm32g4xx_hal_fdcan.o(i.HAL_FDCAN_GetTxFifoFreeLevel) for HAL_FDCAN_GetTxFifoFreeLevel
    dm_motor.o(i.DM_Motor_Send) refers to stm32g4xx_hal_fdcan.o(i.HAL_FDCAN_AddMessageToTxFifoQ) for HAL_FDCAN_AddMessageToTxFifoQ
    dm_motor.o(i.DM_Motor_Send) refers to dm_motor.o(.data) for .data
    dm_motor.o(i.DM_Motor_SendCommand) refers to dm_motor.o(i.DM_Motor_Send) for DM_Motor_Send
    dm_motor.o(i.DM_Motor_SetZero) refers to dm_motor.o(i.DM_Motor_SendCommand) for DM_Motor_SendCommand
    dm_motor.o(i.HAL_FDCAN_RxFifo0Callback) refers to stm32g4xx_hal_fdcan.o(i.HAL_FDCAN_GetRxMessage) for HAL_FDCAN_GetRxMessage
    dm_motor.o(i.HAL_FDCAN_RxFifo0Callback) refers to dm_motor.o(i.DM_Motor_UintToFloat) for DM_Motor_UintToFloat
    dm_motor.o(i.HAL_FDCAN_RxFifo0Callback) refers to stm32g4xx_hal_fdcan.o(i.HAL_FDCAN_GetRxFifoFillLevel) for HAL_FDCAN_GetRxFifoFillLevel
    dm_motor.o(i.HAL_FDCAN_RxFifo0Callback) refers to dm_motor.o(.data) for .data
    dm_motor.o(i.HAL_FDCAN_RxFifo0Callback) refers to dm_motor.o(.constdata) for .constdata
    usb_motor_comm.o(i.USB_MotorComm_GetCommand) refers to rt_memcpy_w.o(.text) for __aeabi_memcpy4
    usb_motor_comm.o(i.USB_MotorComm_GetCommand) refers to usb_motor_comm.o(.data) for .data
    usb_motor_comm.o(i.USB_MotorComm_GetCommand) refers to usb_motor_comm.o(.bss) for .bss
    usb_motor_comm.o(i.USB_MotorComm_ParseCommand) refers to rt_memcpy_w.o(.text) for __aeabi_memcpy4
    usb_motor_comm.o(i.USB_MotorComm_ParseCommand) refers to usb_motor_comm.o(.bss) for .bss
    usb_motor_comm.o(i.USB_MotorComm_ParseCommand) refers to usb_motor_comm.o(.data) for .data
    usb_motor_comm.o(i.USB_MotorComm_Receive) refers to usb_motor_comm.o(i.USB_MotorComm_Crc16) for USB_MotorComm_Crc16
    usb_motor_comm.o(i.USB_MotorComm_Receive) refers to usb_motor_comm.o(i.USB_MotorComm_ParseCommand) for USB_MotorComm_ParseCommand
    usb_motor_comm.o(i.USB_MotorComm_Receive) refers to usb_motor_comm.o(.bss) for .bss
[...]
    i.USBD_LL_SetupStage                     0x08003ae6   Section        0  usbd_core.o(i.USBD_LL_SetupStage)
    i.USBD_LL_StallEP                        0x08003b46   Section        0  usbd_conf.o(i.USBD_LL_StallEP)
    i.USBD_LL_Start                          0x08003b58   Section        0  usbd_conf.o(i.USBD_LL_Start)
    i.USBD_LL_Suspend                        0x08003b6a   Section        0  usbd_core.o(i.USBD_LL_Suspend)
    i.USBD_LL_Transmit                       0x08003b7c   Section        0  usbd_conf.o(i.USBD_LL_Transmit)
    i.USBD_ParseSetupRequest                 0x08003b8e   Section        0  usbd_ctlreq.o(i.USBD_ParseSetupRequest)
    i.USBD_RegisterClass                     0x08003bba   Section        0  usbd_core.o(i.USBD_RegisterClass)
    i.USBD_SetClassConfig                    0x08003bde   Section        0  usbd_core.o(i.USBD_SetClassConfig)
    i.USBD_SetConfig                         0x08003bf4   Section        0  usbd_ctlreq.o(i.USBD_SetConfig)
    USBD_SetConfig                           0x08003bf5   Thumb Code   182  usbd_ctlreq.o(i.USBD_SetConfig)
    i.USBD_Start                             0x08003cb0   Section        0  usbd_core.o(i.USBD_Start)
    i.USBD_StdDevReq                         0x08003cb4   Section        0  usbd_ctlreq.o(i.USBD_StdDevReq)
    i.USBD_StdEPReq                          0x08003dca   Section        0  usbd_ctlreq.o(i.USBD_StdEPReq)
    i.USBD_StdItfReq                         0x08003f0a   Section        0  usbd_ctlreq.o(i.USBD_StdItfReq)
    i.USBD_static_free                       0x08003f5c   Section        0  usbd_conf.o(i.USBD_static_free)
    i.USBD_static_malloc                     0x08003f60   Section        0  usbd_conf.o(i.USBD_static_malloc)
    i.USB_ActivateEndpoint                   0x08003f68   Section        0  stm32g4xx_ll_usb.o(i.USB_ActivateEndpoint)
    i.USB_DeactivateEndpoint                 0x080042d2   Section        0  stm32g4xx_ll_usb.o(i.USB_DeactivateEndpoint)
    i.USB_DevConnect                         0x080043e0   Section        0  stm32g4xx_ll_usb.o(i.USB_DevConnect)
    i.USB_DevInit                            0x080043ee   Section        0  stm32g4xx_ll_usb.o(i.USB_DevInit)
    i.USB_DisableGlobalInt                   0x08004400   Section        0  stm32g4xx_ll_usb.o(i.USB_DisableGlobalInt)
    i.USB_EPClearStall                       0x08004410   Section        0  stm32g4xx_ll_usb.o(i.USB_EPClearStall)
    i.USB_EPSetStall                         0x08004480   Section        0  stm32g4xx_ll_usb.o(i.USB_EPSetStall)
    i.USB_EPStartXfer                        0x080044b4   Section        0  stm32g4xx_ll_usb.o(i.USB_EPStartXfer)
    i.USB_EnableGlobalInt                    0x08004822   Section        0  stm32g4xx_ll_usb.o(i.USB_EnableGlobalInt)
    i.USB_LP_IRQHandler                      0x08004834   Section        0  stm32g4xx_it.o(i.USB_LP_IRQHandler)
    i.USB_MotorComm_Crc16                    0x08004840   Section        0  usb_motor_comm.o(i.USB_MotorComm_Crc16)
    USB_MotorComm_Crc16                      0x08004841   Thumb Code    60  usb_motor_comm.o(i.USB_MotorComm_Crc16)
    i.USB_MotorComm_GetCommand               0x0800487c   Section        0  usb_motor_comm.o(i.USB_MotorComm_GetCommand)
    i.USB_MotorComm_ParseCommand             0x080048b0   Section        0  usb_motor_comm.o(i.USB_MotorComm_ParseCommand)
    USB_MotorComm_ParseCommand               0x080048b1   Thumb Code    92  usb_motor_comm.o(i.USB_MotorComm_ParseCommand)
    i.USB_MotorComm_Receive                  0x08004914   Section        0  usb_motor_comm.o(i.USB_MotorComm_Receive)
    i.USB_MotorComm_SendFeedback             0x080049c8   Section        0  usb_motor_comm.o(i.USB_MotorComm_SendFeedback)
    i.USB_MotorComm_TransmitComplete         0x08004ab8   Section        0  usb_motor_comm.o(i.USB_MotorComm_TransmitComplete)
    i.USB_MotorComm_WriteUint16              0x08004ac4   Section        0  usb_motor_comm.o(i.USB_MotorComm_WriteUint16)
    USB_MotorComm_WriteUint16                0x08004ac5   Thumb Code     8  usb_motor_comm.o(i.USB_MotorComm_WriteUint16)
    i.USB_ReadInterrupts                     0x08004acc   Section        0  stm32g4xx_ll_usb.o(i.USB_ReadInterrupts)
    i.USB_ReadPMA                            0x08004ad2   Section        0  stm32g4xx_ll_usb.o(i.USB_ReadPMA)
    i.USB_SetDevAddress                      0x08004afa   Section        0  stm32g4xx_ll_usb.o(i.USB_SetDevAddress)
    i.USB_WritePMA                           0x08004b08   Section        0  stm32g4xx_ll_usb.o(i.USB_WritePMA)
    i.UsageFault_Handler                     0x08004b2e   Section        0  stm32g4xx_it.o(i.UsageFault_Handler)
    i.__NVIC_SetPriority                     0x08004b30   Section        0  stm32g4xx_hal_cortex.o(i.__NVIC_SetPriority)
    __NVIC_SetPriority                       0x08004b31   Thumb Code    32  stm32g4xx_hal_cortex.o(i.__NVIC_SetPriority)
    i.main                                   0x08004b50   Section        0  main.o(i.main)
    x$fpl$fpinit                             0x08004cd8   Section       10  fpinit.o(x$fpl$fpinit)
    $v0                                      0x08004cd8   Number         0  fpinit.o(x$fpl$fpinit)
    .constdata                               0x08004ce4   Section       24  dm_motor.o(.constdata)
    s_motor_limits                           0x08004ce4   Data          24  dm_motor.o(.constdata)
    .constdata                               0x08004cfc   Section       16  stm32g4xx_hal_fdcan.o(.constdata)
    DLCtoBytes                               0x08004cfc   Data          16  stm32g4xx_hal_fdcan.o(.constdata)
    .constdata                               0x08004d0c   Section       16  system_stm32g4xx.o(.constdata)
    .data                                    0x20000000   Section      172  dm_motor.o(.data)
    s_hfdcan                                 0x20000000   Data           4  dm_motor.o(.data)
    .data                                    0x200000ac   Section        6  usb_motor_comm.o(.data)
    s_command_ready                          0x200000ac   Data           1  usb_motor_comm.o(.data)
    s_tx_busy                                0x200000ad   Data           1  usb_motor_comm.o(.data)
    s_rx_count                               0x200000ae   Data           2  usb_motor_comm.o(.data)
    s_feedback_sequence                      0x200000b0   Data           2  usb_motor_comm.o(.data)
    .data                                    0x200000b4   Section       22  main.o(.data)
    motor_action_index                       0x200000b4   Data           1  main.o(.data)
    motor_control_index                      0x200000b5   Data           1  main.o(.data)
    feedback_pending                         0x200000b6   Data           1  main.o(.data)
    usb_command_received                     0x200000b7   Data           1  main.o(.data)
    last_usb_command_tick                    0x200000b8   Data           4  main.o(.data)
    motor_enabled                            0x200000bc   Data           7  main.o(.data)
    motor_action_pending                     0x200000c3   Data           7  main.o(.data)
    .data                                    0x200000cc   Section       12  stm32g4xx_hal.o(.data)
    .data                                    0x200000d8   Section        4  system_stm32g4xx.o(.data)
    .data                                    0x200000dc   Section       28  usbd_desc.o(.data)
    .data                                    0x200000f8   Section       50  usbd_desc.o(.data)
    .data                                    0x2000012c   Section       20  usbd_cdc_if.o(.data)
    .data                                    0x20000140   Section        1  usbd_ctlreq.o(.data)
    cfgidx                                   0x20000140   Data           1  usbd_ctlreq.o(.data)
    .data                                    0x20000144   Section      215  usbd_cdc.o(.data)
    USBD_CDC_DeviceQualifierDesc             0x20000144   Data          10  usbd_cdc.o(.data)
    USBD_CDC_CfgHSDesc                       0x20000150   Data          67  usbd_cdc.o(.data)
    USBD_CDC_CfgFSDesc                       0x20000194   Data          67  usbd_cdc.o(.data)
    USBD_CDC_OtherSpeedCfgDesc               0x200001d8   Data          67  usbd_cdc.o(.data)
    .data                                    0x2000021c   Section       56  usbd_cdc.o(.data)
    .bss                                     0x20000254   Section      442  usb_motor_comm.o(.bss)
    s_rx_frame                               0x20000254   Data         156  usb_motor_comm.o(.bss)
    s_command                                0x200002f0   Data         172  usb_motor_comm.o(.bss)
    s_tx_frame                               0x2000039c   Data         114  usb_motor_comm.o(.bss)
    .bss                                     0x20000410   Section      172  main.o(.bss)
    motor_command                            0x20000410   Data         172  main.o(.bss)
    .bss                                     0x200004bc   Section      100  fdcan.o(.bss)
    .bss                                     0x20000520   Section       76  tim.o(.bss)
    .bss                                     0x2000056c   Section     1276  usbd_conf.o(.bss)
    mem                                      0x2000056c   Data         544  usbd_conf.o(.bss)
    .bss                                     0x20000a68   Section      720  usb_device.o(.bss)
    .bss                                     0x20000d38   Section      512  usbd_desc.o(.bss)
    .bss                                     0x20000f38   Section     4096  usbd_cdc_if.o(.bss)
    .bss                                     0x20001f38   Section       96  libspace.o(.bss)
    HEAP                                     0x20001f98   Section     1024  startup_stm32g474xx.o(HEAP)
    Heap_Mem                                 0x20001f98   Data        1024  startup_stm32g474xx.o(HEAP)
    STACK                                    0x20002398   Section     2048  startup_stm32g474xx.o(STACK)
    Stack_Mem                                0x20002398   Data        2048  startup_stm32g474xx.o(STACK)
    __initial_sp                             0x20002b98   Data           0  startup_stm32g474xx.o(STACK)

    Global Symbols

    Symbol Name                              Value     Ov Type        Size  Object(Section)

    BuildAttributes$$THM_ISAv4$E$P$D$K$B$S$7EM$VFPi3$EXTD16$VFPS$VFMA$PE$A:L22UL41UL21$X:L11$S22US41US21$IEEE1$IW$USESV6$~STKCKD$USESV7$~SHL$OSPACE$ROPI$EBA8$UX$STANDARDLIB$REQ8$PRES8$EABIv2 0x00000000   Number         0  anon$$obj.o ABSOLUTE
    __ARM_use_no_argv                        0x00000000   Number         0  main.o ABSOLUTE
    __ARM_exceptions_init                     - Undefined Weak Reference
    __alloca_initialize                       - Undefined Weak Reference
    __arm_preinit_                            - Undefined Weak Reference
    __cpp_initialize__aeabi_                  - Undefined Weak Reference
    __cxa_finalize                            - Undefined Weak Reference
    __rt_locale                               - Undefined Weak Reference
    __sigvec_lookup                           - Undefined Weak Reference
    _atexit_init                              - Undefined Weak Reference
    _call_atexit_fns                          - Undefined Weak Reference
    _clock_init                               - Undefined Weak Reference
    _fp_trap_init                             - Undefined Weak Reference
    _fp_trap_shutdown                         - Undefined Weak Reference
    _get_lc_collate                           - Undefined Weak Reference
    _get_lc_ctype                             - Undefined Weak Reference
    _get_lc_monetary                          - Undefined Weak Reference
    _get_lc_numeric                           - Undefined Weak Reference
    _get_lc_time                              - Undefined Weak Reference
    _getenv_init                              - Undefined Weak Reference
    _handle_redirection                       - Undefined Weak Reference
    _init_alloc                               - Undefined Weak Reference
    _init_user_alloc                          - Undefined Weak Reference
    _initio                                   - Undefined Weak Reference
    _rand_init                                - Undefined Weak Reference
    _signal_finish                            - Undefined Weak Reference
    _signal_init                              - Undefined Weak Reference
    _terminate_alloc                          - Undefined Weak Reference
    _terminate_user_alloc                     - Undefined Weak Reference
    _terminateio                              - Undefined Weak Reference
    __Vectors_Size                           0x000001d8   Number         0  startup_stm32g474xx.o ABSOLUTE
    __Vectors                                0x08000000   Data           4  startup_stm32g474xx.o(RESET)
    __Vectors_End                            0x080001d8   Data           0  startup_stm32g474xx.o(RESET)
    __main                                   0x080001d9   Thumb Code     8  __main.o(!!!main)
    __scatterload                            0x080001e1   Thumb Code     0  __scatter.o(!!!scatter)
    __scatterload_rt2                        0x080001e1   Thumb Code    44  __scatter.o(!!!scatter)
    __scatterload_rt2_thumb_only             0x080001e1   Thumb Code     0  __scatter.o(!!!scatter)
    __scatterload_null                       0x080001ef   Thumb Code     0  __scatter.o(!!!scatter)
    __decompress                             0x08000215   Thumb Code    90  __dczerorl2.o(!!dczerorl2)
    __decompress1                            0x08000215   Thumb Code     0  __dczerorl2.o(!!dczerorl2)
    __scatterload_zeroinit                   0x08000271   Thumb Code    28  __scatter_zi.o(!!handler_zi)
    __rt_lib_init                            0x0800028d   Thumb Code     0  libinit.o(.ARM.Collect$$libinit$$00000000)
    __rt_lib_init_fp_1                       0x0800028f   Thumb Code     0  libinit2.o(.ARM.Collect$$libinit$$00000001)
    __rt_lib_init_alloca_1                   0x08000293   Thumb Code     0  libinit2.o(.ARM.Collect$$libinit$$0000002E)
    __rt_lib_init_argv_1                     0x08000293   Thumb Code     0  libinit2.o(.ARM.Collect$$libinit$$0000002C)
    __rt_lib_init_atexit_1                   0x08000293   Thumb Code     0  libinit2.o(.ARM.Collect$$libinit$$0000001B)
    __rt_lib_init_clock_1                    0x08000293   Thumb Code     0  libinit2.o(.ARM.Collect$$libinit$$00000021)
    __rt_lib_init_cpp_1                      0x08000293   Thumb Code     0  libinit2.o(.ARM.Collect$$libinit$$00000032)
    __rt_lib_init_exceptions_1               0x08000293   Thumb Code     0  libinit2.o(.ARM.Collect$$libinit$$00000030)
    __rt_lib_init_fp_trap_1                  0x08000293   Thumb Code     0  libinit2.o(.ARM.Collect$$libinit$$0000001F)
    __rt_lib_init_getenv_1                   0x08000293   Thumb Code     0  libinit2.o(.ARM.Collect$$libinit$$00000023)
    __rt_lib_init_heap_1                     0x08000293   Thumb Code     0  libinit2.o(.ARM.Collect$$libinit$$0000000A)
    __rt_lib_init_lc_collate_1               0x08000293   Thumb Code     0  libinit2.o(.ARM.Collect$$libinit$$00000011)
    __rt_lib_init_lc_ctype_1                 0x08000293   Thumb Code     0  libinit2.o(.ARM.Collect$$libinit$$00000013)
    __rt_lib_init_lc_monetary_1              0x08000293   Thumb Code     0  libinit2.o(.ARM.Collect$$libinit$$00000015)
    __rt_lib_init_lc_numeric_1               0x08000293   Thumb Code     0  libinit2.o(.ARM.Collect$$libinit$$00000017)
    __rt_lib_init_lc_time_1                  0x08000293   Thumb Code     0  libinit2.o(.ARM.Collect$$libinit$$00000019)
    __rt_lib_init_preinit_1                  0x08000293   Thumb Code     0  libinit2.o(.ARM.Collect$$libinit$$00000004)
    __rt_lib_init_rand_1                     0x08000293   Thumb Code     0  libinit2.o(.ARM.Collect$$libinit$$0000000E)
    __rt_lib_init_return                     0x08000293   Thumb Code     0  libinit2.o(.ARM.Collect$$libinit$$00000033)
    __rt_lib_init_signal_1                   0x08000293   Thumb Code     0  libinit2.o(.ARM.Collect$$libinit$$0000001D)
    __rt_lib_init_stdio_1                    0x08000293   Thumb Code     0  libinit2.o(.ARM.Collect$$libinit$$00000025)
    __rt_lib_init_user_alloc_1               0x08000293   Thumb Code     0  libinit2.o(.ARM.Collect$$libinit$$0000000C)
    __rt_lib_shutdown                        0x08000295   Thumb Code     0  libshutdown.o(.ARM.Collect$$libshutdown$$00000000)
    __rt_lib_shutdown_cpp_1                  0x08000297   Thumb Code     0  libshutdown2.o(.ARM.Collect$$libshutdown$$00000002)
    __rt_lib_shutdown_fp_trap_1              0x08000297   Thumb Code     0  libshutdown2.o(.ARM.Collect$$libshutdown$$00000007)
    __rt_lib_shutdown_heap_1                 0x08000297   Thumb Code     0  libshutdown2.o(.ARM.Collect$$libshutdown$$0000000F)
    __rt_lib_shutdown_return                 0x08000297   Thumb Code     0  libshutdown2.o(.ARM.Collect$$libshutdown$$00000010)
    __rt_lib_shutdown_signal_1               0x08000297   Thumb Code     0  libshutdown2.o(.ARM.Collect$$libshutdown$$0000000A)
    __rt_lib_shutdown_stdio_1                0x08000297   Thumb Code     0  libshutdown2.o(.ARM.Collect$$libshutdown$$00000004)
    __rt_lib_shutdown_user_alloc_1           0x08000297   Thumb Code     0  libshutdown2.o(.ARM.Collect$$libshutdown$$0000000C)
    __rt_entry                               0x08000299   Thumb Code     0  __rtentry.o(.ARM.Collect$$rtentry$$00000000)
    __rt_entry_presh_1                       0x08000299   Thumb Code     0  __rtentry2.o(.ARM.Collect$$rtentry$$00000002)
    __rt_entry_sh                            0x08000299   Thumb Code     0  __rtentry4.o(.ARM.Collect$$rtentry$$00000004)
    __rt_entry_li                            0x0800029f   Thumb Code     0  __rtentry2.o(.ARM.Collect$$rtentry$$0000000A)
    __rt_entry_postsh_1                      0x0800029f   Thumb Code     0  __rtentry2.o(.ARM.Collect$$rtentry$$00000009)
    __rt_entry_main                          0x080002a3   Thumb Code     0  __rtentry2.o(.ARM.Collect$$rtentry$$0000000D)
    __rt_entry_postli_1                      0x080002a3   Thumb Code     0  __rtentry2.o(.ARM.Collect$$rtentry$$0000000C)
    __rt_exit                                0x080002ab   Thumb Code     0  rtexit.o(.ARM.Collect$$rtexit$$00000000)
    __rt_exit_ls                             0x080002ad   Thumb Code     0  rtexit2.o(.ARM.Collect$$rtexit$$00000003)
    __rt_exit_prels_1                        0x080002ad   Thumb Code     0  rtexit2.o(.ARM.Collect$$rtexit$$00000002)
    __rt_exit_exit                           0x080002b1   Thumb Code     0  rtexit2.o(.ARM.Collect$$rtexit$$00000004)
    Reset_Handler                            0x080002b9   Thumb Code     8  startup_stm32g474xx.o(.text)
    ADC1_2_IRQHandler                        0x080002d3   Thumb Code     0  startup_stm32g474xx.o(.text)
    ADC3_IRQHandler                          0x080002d3   Thumb Code     0  startup_stm32g474xx.o(.text)
    ADC4_IRQHandler                          0x080002d3   Thumb Code     0  startup_stm32g474xx.o(.text)
    ADC5_IRQHandler                          0x080002d3   Thumb Code     0  startup_stm32g474xx.o(.text)
    COMP1_2_3_IRQHandler                     0x080002d3   Thumb Code     0  startup_stm32g474xx.o(.text)
    COMP4_5_6_IRQHandler                     0x080002d3   Thumb Code     0  startup_stm32g474xx.o(.text)
    COMP7_IRQHandler                         0x080002d3   Thumb Code     0  startup_stm32g474xx.o(.text)
    CORDIC_IRQHandler                        0x080002d3   Thumb Code     0  startup_stm32g474xx.o(.text)
    CRS_IRQHandler                           0x080002d3   Thumb Code     0  startup_stm32g474xx.o(.text)
    DMA1_Channel1_IRQHandler                 0x080002d3   Thumb Code     0  startup_stm32g474xx.o(.text)
    DMA1_Channel2_IRQHandler                 0x080002d3   Thumb Code     0  startup_stm32g474xx.o(.text)
    DMA1_Channel3_IRQHandler                 0x080002d3   Thumb Code     0  startup_stm32g474xx.o(.text)
    DMA1_Channel4_IRQHandler                 0x080002d3   Thumb Code     0  startup_stm32g474xx.o(.text)
    DMA1_Channel5_IRQHandler                 0x080002d3   Thumb Code     0  startup_stm32g474xx.o(.text)
    DMA1_Channel6_IRQHandler                 0x080002d3   Thumb Code     0  startup_stm32g474xx.o(.text)
    DMA1_Channel7_IRQHandler                 0x080002d3   Thumb Code     0  startup_stm32g474xx.o(.text)
    DMA1_Channel8_IRQHandler                 0x080002d3   Thumb Code     0  startup_stm32g474xx.o(.text)
    DMA2_Channel1_IRQHandler                 0x080002d3   Thumb Code     0  startup_stm32g474xx.o(.text)
    DMA2_Channel2_IRQHandler                 0x080002d3   Thumb Code     0  startup_stm32g474xx.o(.text)
    DMA2_Channel3_IRQHandler                 0x080002d3   Thumb Code     0  startup_stm32g474xx.o(.text)
    DMA2_Channel4_IRQHandler                 0x080002d3   Thumb Code     0  startup_stm32g474xx.o(.text)
    DMA2_Channel5_IRQHandler                 0x080002d3   Thumb Code     0  startup_stm32g474xx.o(.text)
    DMA2_Channel6_IRQHandler                 0x080002d3   Thumb Code     0  startup_stm32g474xx.o(.text)
    DMA2_Channel7_IRQHandler                 0x080002d3   Thumb Code     0  startup_stm32g474xx.o(.text)
    DMA2_Channel8_IRQHandler                 0x080002d3   Thumb Code     0  startup_stm32g474xx.o(.text)
    DMAMUX_OVR_IRQHandler                    0x080002d3   Thumb Code     0  startup_stm32g474xx.o(.text)
    EXTI0_IRQHandler                         0x080002d3   Thumb Code     0  startup_stm32g474xx.o(.text)
    EXTI15_10_IRQHandler                     0x080002d3   Thumb Code     0  startup_stm32g474xx.o(.text)
    EXTI1_IRQHandler                         0x080002d3   Thumb Code     0  startup_stm32g474xx.o(.text)
    EXTI2_IRQHandler                         0x080002d3   Thumb Code     0  startup_stm32g474xx.o(.text)
    EXTI3_IRQHandler                         0x080002d3   Thumb Code     0  startup_stm32g474xx.o(.text)
    EXTI4_IRQHandler                         0x080002d3   Thumb Code     0  startup_stm32g474xx.o(.text)
    EXTI9_5_IRQHandler                       0x080002d3   Thumb Code     0  startup_stm32g474xx.o(.text)
    FDCAN1_IT1_IRQHandler                    0x080002d3   Thumb Code     0  startup_stm32g474xx.o(.text)
    FDCAN2_IT0_IRQHandler                    0x080002d3   Thumb Code     0  startup_stm32g474xx.o(.text)
    FDCAN2_IT1_IRQHandler                    0x080002d3   Thumb Code     0  startup_stm32g474xx.o(.text)
    FDCAN3_IT0_IRQHandler                    0x080002d3   Thumb Code     0  startup_stm32g474xx.o(.text)
    FDCAN3_IT1_IRQHandler                    0x080002d3   Thumb Code     0  startup_stm32g474xx.o(.text)
    FLASH_IRQHandler                         0x080002d3   Thumb Code     0  startup_stm32g474xx.o(.text)
    FMAC_IRQHandler                          0x080002d3   Thumb Code     0  startup_stm32g474xx.o(.text)
    FMC_IRQHandler                           0x080002d3   Thumb Code     0  startup_stm32g474xx.o(.text)
    FPU_IRQHandler                           0x080002d3   Thumb Code     0  startup_stm32g474xx.o(.text)
    HRTIM1_FLT_IRQHandler                    0x080002d3   Thumb Code     0  startup_stm32g474xx.o(.text)
    HRTIM1_Master_IRQHandler                 0x080002d3   Thumb Code     0  startup_stm32g474xx.o(.text)
    HRTIM1_TIMA_IRQHandler                   0x080002d3   Thumb Code     0  startup_stm32g474xx.o(.text)
    HRTIM1_TIMB_IRQHandler                   0x080002d3   Thumb Code     0  startup_stm32g474xx.o(.text)
    HRTIM1_TIMC_IRQHandler                   0x080002d3   Thumb Code     0  startup_stm32g474xx.o(.text)
    HRTIM1_TIMD_IRQHandler                   0x080002d3   Thumb Code     0  startup_stm32g474xx.o(.text)
    HRTIM1_TIME_IRQHandler                   0x080002d3   Thumb Code     0  startup_stm32g474xx.o(.text)
    HRTIM1_TIMF_IRQHandler                   0x080002d3   Thumb Code     0  startup_stm32g474xx.o(.text)
    I2C1_ER_IRQHandler                       0x080002d3   Thumb Code     0  startup_stm32g474xx.o(.text)
    I2C1_EV_IRQHandler                       0x080002d3   Thumb Code     0  startup_stm32g474xx.o(.text)
    I2C2_ER_IRQHandler                       0x080002d3   Thumb Code     0  startup_stm32g474xx.o(.text)
    I2C2_EV_IRQHandler                       0x080002d3   Thumb Code     0  startup_stm32g474xx.o(.text)
    I2C3_ER_IRQHandler                       0x080002d3   Thumb Code     0  startup_stm32g474xx.o(.text)
    I2C3_EV_IRQHandler                       0x080002d3   Thumb Code     0  startup_stm32g474xx.o(.text)
    I2C4_ER_IRQHandler                       0x080002d3   Thumb Code     0  startup_stm32g474xx.o(.text)
    I2C4_EV_IRQHandler                       0x080002d3   Thumb Code     0  startup_stm32g474xx.o(.text)
    LPTIM1_IRQHandler                        0x080002d3   Thumb Code     0  startup_stm32g474xx.o(.text)
    LPUART1_IRQHandler                       0x080002d3   Thumb Code     0  startup_stm32g474xx.o(.text)
    PVD_PVM_IRQHandler                       0x080002d3   Thumb Code     0  startup_stm32g474xx.o(.text)
    QUADSPI_IRQHandler                       0x080002d3   Thumb Code     0  startup_stm32g474xx.o(.text)
    RCC_IRQHandler                           0x080002d3   Thumb Code     0  startup_stm32g474xx.o(.text)
    RNG_IRQHandler                           0x080002d3   Thumb Code     0  startup_stm32g474xx.o(.text)
    RTC_Alarm_IRQHandler                     0x080002d3   Thumb Code     0  startup_stm32g474xx.o(.text)
    RTC_TAMP_LSECSS_IRQHandler               0x080002d3   Thumb Code     0  startup_stm32g474xx.o(.text)
    RTC_WKUP_IRQHandler                      0x080002d3   Thumb Code     0  startup_stm32g474xx.o(.text)
    SAI1_IRQHandler                          0x080002d3   Thumb Code     0  startup_stm32g474xx.o(.text)
    SPI1_IRQHandler                          0x080002d3   Thumb Code     0  startup_stm32g474xx.o(.text)
    SPI2_IRQHandler                          0x080002d3   Thumb Code     0  startup_stm32g474xx.o(.text)
    SPI3_IRQHandler                          0x080002d3   Thumb Code     0  startup_stm32g474xx.o(.text)
    SPI4_IRQHandler                          0x080002d3   Thumb Code     0  startup_stm32g474xx.o(.text)
    TIM1_BRK_TIM15_IRQHandler                0x080002d3   Thumb Code     0  startup_stm32g474xx.o(.text)
    TIM1_CC_IRQHandler                       0x080002d3   Thumb Code     0  startup_stm32g474xx.o(.text)
    TIM1_TRG_COM_TIM17_IRQHandler            0x080002d3   Thumb Code     0  startup_stm32g474xx.o(.text)
    TIM1_UP_TIM16_IRQHandler                 0x080002d3   Thumb Code     0  startup_stm32g474xx.o(.text)
    TIM20_BRK_IRQHandler                     0x080002d3   Thumb Code     0  startup_stm32g474xx.o(.text)
    TIM20_CC_IRQHandler                      0x080002d3   Thumb Code     0  startup_stm32g474xx.o(.text)
    TIM20_TRG_COM_IRQHandler                 0x080002d3   Thumb Code     0  startup_stm32g474xx.o(.text)
    TIM20_UP_IRQHandler                      0x080002d3   Thumb Code     0  startup_stm32g474xx.o(.text)
    TIM2_IRQHandler                          0x080002d3   Thumb Code     0  startup_stm32g474xx.o(.text)
    TIM3_IRQHandler                          0x080002d3   Thumb Code     0  startup_stm32g474xx.o(.text)
    TIM4_IRQHandler                          0x080002d3   Thumb Code     0  startup_stm32g474xx.o(.text)
    TIM5_IRQHandler                          0x080002d3   Thumb Code     0  startup_stm32g474xx.o(.text)
    TIM7_DAC_IRQHandler                      0x080002d3   Thumb Code     0  startup_stm32g474xx.o(.text)
    TIM8_BRK_IRQHandler                      0x080002d3   Thumb Code     0  startup_stm32g474xx.o(.text)
    TIM8_CC_IRQHandler                       0x080002d3   Thumb Code     0  startup_stm32g474xx.o(.text)
    TIM8_TRG_COM_IRQHandler                  0x080002d3   Thumb Code     0  startup_stm32g474xx.o(.text)
    TIM8_UP_IRQHandler                       0x080002d3   Thumb Code     0  startup_stm32g474xx.o(.text)
    UART4_IRQHandler                         0x080002d3   Thumb Code     0  startup_stm32g474xx.o(.text)
    UART5_IRQHandler                         0x080002d3   Thumb Code     0  startup_stm32g474xx.o(.text)
    UCPD1_IRQHandler                         0x080002d3   Thumb Code     0  startup_stm32g474xx.o(.text)
    USART1_IRQHandler                        0x080002d3   Thumb Code     0  startup_stm32g474xx.o(.text)
    USART2_IRQHandler                        0x080002d3   Thumb Code     0  startup_stm32g474xx.o(.text)
    USART3_IRQHandler                        0x080002d3   Thumb Code     0  startup_stm32g474xx.o(.text)
    USBWakeUp_IRQHandler                     0x080002d3   Thumb Code     0  startup_stm32g474xx.o(.text)
    USB_HP_IRQHandler                        0x080002d3   Thumb Code     0  startup_stm32g474xx.o(.text)
    WWDG_IRQHandler                          0x080002d3   Thumb Code     0  startup_stm32g474xx.o(.text)
    __user_initial_stackheap                 0x080002d5   Thumb Code     0  startup_stm32g474xx.o(.text)
    __aeabi_memcpy4                          0x080002f9   Thumb Code     0  rt_memcpy_w.o(.text)
    __aeabi_memcpy8                          0x080002f9   Thumb Code     0  rt_memcpy_w.o(.text)
    __rt_memcpy_w                            0x080002f9   Thumb Code   100  rt_memcpy_w.o(.text)
    _memcpy_lastbytes_aligned                0x08000341   Thumb Code     0  rt_memcpy_w.o(.text)
    __aeabi_memclr4                          0x0800035d   Thumb Code     0  rt_memclr_w.o(.text)
    __aeabi_memclr8                          0x0800035d   Thumb Code     0  rt_memclr_w.o(.text)
    __rt_memclr_w                            0x0800035d   Thumb Code    78  rt_memclr_w.o(.text)
    _memset_w                                0x08000361   Thumb Code     0  rt_memclr_w.o(.text)
    __use_two_region_memory                  0x080003ab   Thumb Code     2  heapauxi.o(.text)
    __rt_heap_escrow$2region                 0x080003ad   Thumb Code     2  heapauxi.o(.text)
    __rt_heap_expand$2region                 0x080003af   Thumb Code     2  heapauxi.o(.text)
    __user_setup_stackheap                   0x080003b1   Thumb Code    74  sys_stackheap_outer.o(.text)
    exit                                     0x080003fb   Thumb Code    18  exit.o(.text)
    __user_libspace                          0x0800040d   Thumb Code     8  libspace.o(.text)
    __user_perproc_libspace                  0x0800040d   Thumb Code     0  libspace.o(.text)
    __user_perthread_libspace                0x0800040d   Thumb Code     0  libspace.o(.text)
    _sys_exit                                0x08000415   Thumb Code     8  sys_exit.o(.text)
    __I$use$semihosting                      0x08000421   Thumb Code     0  use_no_semi.o(.text)
    __use_no_semihosting_swi                 0x08000421   Thumb Code     2  use_no_semi.o(.text)
    BusFault_Handler                         0x08000423   Thumb Code     2  stm32g4xx_it.o(i.BusFault_Handler)
    __semihosting_library_function           0x08000423   Thumb Code     0  indicate_semi.o(.text)
    CDC_Transmit_FS                          0x0800047d   Thumb Code    40  usbd_cdc_if.o(i.CDC_Transmit_FS)
    DM_Motor_ClearError                      0x080004a9   Thumb Code     6  dm_motor.o(i.DM_Motor_ClearError)
    DM_Motor_Disable                         0x080004af   Thumb Code     6  dm_motor.o(i.DM_Motor_Disable)
    DM_Motor_Enable                          0x080004b5   Thumb Code     6  dm_motor.o(i.DM_Motor_Enable)
    DM_Motor_Init                            0x08000501   Thumb Code    14  dm_motor.o(i.DM_Motor_Init)
    DM_Motor_MitControl                      0x08000515   Thumb Code   220  dm_motor.o(i.DM_Motor_MitControl)
    DM_Motor_SetZero                         0x08000665   Thumb Code     6  dm_motor.o(i.DM_Motor_SetZero)
    DebugMon_Handler                         0x0800068d   Thumb Code     2  stm32g4xx_it.o(i.DebugMon_Handler)
    Error_Handler                            0x0800068f   Thumb Code     4  main.o(i.Error_Handler)
    FDCAN1_IT0_IRQHandler                    0x08000695   Thumb Code     6  stm32g4xx_it.o(i.FDCAN1_IT0_IRQHandler)
    HAL_FDCAN_ActivateNotification           0x08000705   Thumb Code   224  stm32g4xx_hal_fdcan.o(i.HAL_FDCAN_ActivateNotification)
    HAL_FDCAN_AddMessageToTxFifoQ            0x080007e5   Thumb Code    74  stm32g4xx_hal_fdcan.o(i.HAL_FDCAN_AddMessageToTxFifoQ)
    HAL_FDCAN_ConfigFilter                   0x0800082f   Thumb Code    92  stm32g4xx_hal_fdcan.o(i.HAL_FDCAN_ConfigFilter)
    HAL_FDCAN_ConfigGlobalFilter             0x0800088b   Thumb Code    54  stm32g4xx_hal_fdcan.o(i.HAL_FDCAN_ConfigGlobalFilter)
    HAL_FDCAN_ConfigTxDelayCompensation      0x080008c1   Thumb Code    32  stm32g4xx_hal_fdcan.o(i.HAL_FDCAN_ConfigTxDelayCompensation)
    HAL_FDCAN_EnableTxDelayCompensation      0x080008e1   Thumb Code    34  stm32g4xx_hal_fdcan.o(i.HAL_FDCAN_EnableTxDelayCompensation)
    HAL_FDCAN_ErrorCallback                  0x08000903   Thumb Code     2  stm32g4xx_hal_fdcan.o(i.HAL_FDCAN_ErrorCallback)
    HAL_FDCAN_ErrorStatusCallback            0x08000905   Thumb Code     2  stm32g4xx_hal_fdcan.o(i.HAL_FDCAN_ErrorStatusCallback)
    HAL_FDCAN_GetRxFifoFillLevel             0x08000909   Thumb Code    24  stm32g4xx_hal_fdcan.o(i.HAL_FDCAN_GetRxFifoFillLevel)
    HAL_FDCAN_GetRxMessage                   0x08000921   Thumb Code   270  stm32g4xx_hal_fdcan.o(i.HAL_FDCAN_GetRxMessage)
    HAL_FDCAN_GetTxFifoFreeLevel             0x08000a35   Thumb Code    12  stm32g4xx_hal_fdcan.o(i.HAL_FDCAN_GetTxFifoFreeLevel)
    HAL_FDCAN_HighPriorityMessageCallback    0x08000a41   Thumb Code     2  stm32g4xx_hal_fdcan.o(i.HAL_FDCAN_HighPriorityMessageCallback)
    HAL_FDCAN_IRQHandler                     0x08000a43   Thumb Code   356  stm32g4xx_hal_fdcan.o(i.HAL_FDCAN_IRQHandler)
    HAL_FDCAN_Init                           0x08000ba9   Thumb Code   512  stm32g4xx_hal_fdcan.o(i.HAL_FDCAN_Init)
    HAL_FDCAN_MspInit                        0x08000dc1   Thumb Code   130  fdcan.o(i.HAL_FDCAN_MspInit)
    HAL_FDCAN_RxFifo0Callback                0x08000e51   Thumb Code   246  dm_motor.o(i.HAL_FDCAN_RxFifo0Callback)
    HAL_FDCAN_RxFifo1Callback                0x08000f51   Thumb Code     2  stm32g4xx_hal_fdcan.o(i.HAL_FDCAN_RxFifo1Callback)
    HAL_FDCAN_Start                          0x08000f53   Thumb Code    44  stm32g4xx_hal_fdcan.o(i.HAL_FDCAN_Start)
    HAL_FDCAN_TimeoutOccurredCallback        0x08000f7f   Thumb Code     2  stm32g4xx_hal_fdcan.o(i.HAL_FDCAN_TimeoutOccurredCallback)
    HAL_FDCAN_TimestampWraparoundCallback    0x08000f81   Thumb Code     2  stm32g4xx_hal_fdcan.o(i.HAL_FDCAN_TimestampWraparoundCallback)
    HAL_FDCAN_TxBufferAbortCallback          0x08000f83   Thumb Code     2  stm32g4xx_hal_fdcan.o(i.HAL_FDCAN_TxBufferAbortCallback)
    HAL_FDCAN_TxBufferCompleteCallback       0x08000f85   Thumb Code     2  stm32g4xx_hal_fdcan.o(i.HAL_FDCAN_TxBufferCompleteCallback)
    HAL_FDCAN_TxEventFifoCallback            0x08000f87   Thumb Code     2  stm32g4xx_hal_fdcan.o(i.HAL_FDCAN_TxEventFifoCallback)
    HAL_FDCAN_TxFifoEmptyCallback            0x08000f89   Thumb Code     2  stm32g4xx_hal_fdcan.o(i.HAL_FDCAN_TxFifoEmptyCallback)
    HAL_GPIO_Init                            0x08000f8d   Thumb Code   532  stm32g4xx_hal_gpio.o(i.HAL_GPIO_Init)
    HAL_GetTick                              0x080011c1   Thumb Code     6  stm32g4xx_hal.o(i.HAL_GetTick)
    HAL_IncTick                              0x080011cd   Thumb Code    12  stm32g4xx_hal.o(i.HAL_IncTick)
    HAL_Init                                 0x080011dd   Thumb Code    30  stm32g4xx_hal.o(i.HAL_Init)
    HAL_InitTick                             0x080011fd   Thumb Code    58  stm32g4xx_hal.o(i.HAL_InitTick)
    HAL_MspInit                              0x08001241   Thumb Code    42  stm32g4xx_hal_msp.o(i.HAL_MspInit)
    HAL_NVIC_EnableIRQ                       0x08001271   Thumb Code    26  stm32g4xx_hal_cortex.o(i.HAL_NVIC_EnableIRQ)
    HAL_NVIC_SetPriority                     0x0800128d   Thumb Code    60  stm32g4xx_hal_cortex.o(i.HAL_NVIC_SetPriority)
    HAL_NVIC_SetPriorityGrouping             0x080012cd   Thumb Code    26  stm32g4xx_hal_cortex.o(i.HAL_NVIC_SetPriorityGrouping)
    HAL_PCDEx_ActivateLPM                    0x080012f1   Thumb Code    36  stm32g4xx_hal_pcd_ex.o(i.HAL_PCDEx_ActivateLPM)
    HAL_PCDEx_LPM_Callback                   0x08001315   Thumb Code     2  stm32g4xx_hal_pcd_ex.o(i.HAL_PCDEx_LPM_Callback)
    HAL_PCDEx_PMAConfig                      0x08001317   Thumb Code    60  stm32g4xx_hal_pcd_ex.o(i.HAL_PCDEx_PMAConfig)
    HAL_PCD_DataInStageCallback              0x08001353   Thumb Code    18  usbd_conf.o(i.HAL_PCD_DataInStageCallback)
    HAL_PCD_DataOutStageCallback             0x08001365   Thumb Code    20  usbd_conf.o(i.HAL_PCD_DataOutStageCallback)
    HAL_PCD_EP_Close                         0x08001379   Thumb Code    74  stm32g4xx_hal_pcd.o(i.HAL_PCD_EP_Close)
    HAL_PCD_EP_ClrStall                      0x080013c3   Thumb Code    90  stm32g4xx_hal_pcd.o(i.HAL_PCD_EP_ClrStall)
    HAL_PCD_EP_GetRxCount                    0x08001879   Thumb Code    18  stm32g4xx_hal_pcd.o(i.HAL_PCD_EP_GetRxCount)
    HAL_PCD_EP_Open                          0x0800188b   Thumb Code    92  stm32g4xx_hal_pcd.o(i.HAL_PCD_EP_Open)
    HAL_PCD_EP_Receive                       0x080018e7   Thumb Code    46  stm32g4xx_hal_pcd.o(i.HAL_PCD_EP_Receive)
    HAL_PCD_EP_SetStall                      0x08001915   Thumb Code    94  stm32g4xx_hal_pcd.o(i.HAL_PCD_EP_SetStall)
    HAL_PCD_EP_Transmit                      0x08001973   Thumb Code    46  stm32g4xx_hal_pcd.o(i.HAL_PCD_EP_Transmit)
    HAL_PCD_IRQHandler                       0x080019a1   Thumb Code   330  stm32g4xx_hal_pcd.o(i.HAL_PCD_IRQHandler)
    HAL_PCD_Init                             0x08001aed   Thumb Code   156  stm32g4xx_hal_pcd.o(i.HAL_PCD_Init)
    HAL_PCD_MspInit                          0x08001b89   Thumb Code    80  usbd_conf.o(i.HAL_PCD_MspInit)
    HAL_PCD_ResetCallback                    0x08001be1   Thumb Code    38  usbd_conf.o(i.HAL_PCD_ResetCallback)
    HAL_PCD_ResumeCallback                   0x08001c09   Thumb Code    34  usbd_conf.o(i.HAL_PCD_ResumeCallback)
    HAL_PCD_SOFCallback                      0x08001c31   Thumb Code     8  usbd_conf.o(i.HAL_PCD_SOFCallback)
    HAL_PCD_SetAddress                       0x08001c39   Thumb Code    38  stm32g4xx_hal_pcd.o(i.HAL_PCD_SetAddress)
    HAL_PCD_SetupStageCallback               0x08001c5f   Thumb Code    14  usbd_conf.o(i.HAL_PCD_SetupStageCallback)
    HAL_PCD_Start                            0x08001c6d   Thumb Code    42  stm32g4xx_hal_pcd.o(i.HAL_PCD_Start)
    HAL_PCD_SuspendCallback                  0x08001c99   Thumb Code    30  usbd_conf.o(i.HAL_PCD_SuspendCallback)
    HAL_PWREx_ControlVoltageScaling          0x08001cbd   Thumb Code   174  stm32g4xx_hal_pwr_ex.o(i.HAL_PWREx_ControlVoltageScaling)
    HAL_PWREx_DisableUCPDDeadBattery         0x08001d79   Thumb Code    12  stm32g4xx_hal_pwr_ex.o(i.HAL_PWREx_DisableUCPDDeadBattery)
    HAL_RCCEx_PeriphCLKConfig                0x08001d89   Thumb Code   758  stm32g4xx_hal_rcc_ex.o(i.HAL_RCCEx_PeriphCLKConfig)
    HAL_RCC_ClockConfig                      0x08002089   Thumb Code   444  stm32g4xx_hal_rcc.o(i.HAL_RCC_ClockConfig)
    HAL_RCC_GetSysClockFreq                  0x08002265   Thumb Code    98  stm32g4xx_hal_rcc.o(i.HAL_RCC_GetSysClockFreq)
    HAL_RCC_OscConfig                        0x080022d1   Thumb Code  1028  stm32g4xx_hal_rcc.o(i.HAL_RCC_OscConfig)
    HAL_SYSTICK_Config                       0x080026d5   Thumb Code    40  stm32g4xx_hal_cortex.o(i.HAL_SYSTICK_Config)
    HAL_TIMEx_Break2Callback                 0x080026fd   Thumb Code     2  stm32g4xx_hal_tim_ex.o(i.HAL_TIMEx_Break2Callback)
    HAL_TIMEx_BreakCallback                  0x080026ff   Thumb Code     2  stm32g4xx_hal_tim_ex.o(i.HAL_TIMEx_BreakCallback)
    HAL_TIMEx_CommutCallback                 0x08002701   Thumb Code     2  stm32g4xx_hal_tim_ex.o(i.HAL_TIMEx_CommutCallback)
    HAL_TIMEx_DirectionChangeCallback        0x08002703   Thumb Code     2  stm32g4xx_hal_tim_ex.o(i.HAL_TIMEx_DirectionChangeCallback)
    HAL_TIMEx_EncoderIndexCallback           0x08002705   Thumb Code     2  stm32g4xx_hal_tim_ex.o(i.HAL_TIMEx_EncoderIndexCallback)
    HAL_TIMEx_IndexErrorCallback             0x08002707   Thumb Code     2  stm32g4xx_hal_tim_ex.o(i.HAL_TIMEx_IndexErrorCallback)
    HAL_TIMEx_MasterConfigSynchronization    0x08002709   Thumb Code   150  stm32g4xx_hal_tim_ex.o(i.HAL_TIMEx_MasterConfigSynchronization)
    HAL_TIMEx_TransitionErrorCallback        0x080027c1   Thumb Code     2  stm32g4xx_hal_tim_ex.o(i.HAL_TIMEx_TransitionErrorCallback)
    HAL_TIM_Base_Init                        0x080027c3   Thumb Code    98  stm32g4xx_hal_tim.o(i.HAL_TIM_Base_Init)
    HAL_TIM_Base_MspInit                     0x08002825   Thumb Code    50  tim.o(i.HAL_TIM_Base_MspInit)
    HAL_TIM_Base_Start_IT                    0x08002861   Thumb Code   106  stm32g4xx_hal_tim.o(i.HAL_TIM_Base_Start_IT)
    HAL_TIM_IC_CaptureCallback               0x080028ed   Thumb Code     2  stm32g4xx_hal_tim.o(i.HAL_TIM_IC_CaptureCallback)
    HAL_TIM_IRQHandler                       0x080028ef   Thumb Code   418  stm32g4xx_hal_tim.o(i.HAL_TIM_IRQHandler)
    HAL_TIM_OC_DelayElapsedCallback          0x08002a91   Thumb Code     2  stm32g4xx_hal_tim.o(i.HAL_TIM_OC_DelayElapsedCallback)
    HAL_TIM_PWM_PulseFinishedCallback        0x08002a93   Thumb Code     2  stm32g4xx_hal_tim.o(i.HAL_TIM_PWM_PulseFinishedCallback)
    HAL_TIM_PeriodElapsedCallback            0x08002a95   Thumb Code    70  main.o(i.HAL_TIM_PeriodElapsedCallback)
    HAL_TIM_TriggerCallback                  0x08002aed   Thumb Code     2  stm32g4xx_hal_tim.o(i.HAL_TIM_TriggerCallback)
    HardFault_Handler                        0x08002aef   Thumb Code     2  stm32g4xx_it.o(i.HardFault_Handler)
    MX_FDCAN1_Init                           0x08002b29   Thumb Code    80  fdcan.o(i.MX_FDCAN1_Init)
    MX_GPIO_Init                             0x08002b81   Thumb Code    54  gpio.o(i.MX_GPIO_Init)
    MX_TIM6_Init                             0x08002bbd   Thumb Code    60  tim.o(i.MX_TIM6_Init)
    MX_USB_Device_Init                       0x08002c01   Thumb Code    66  usb_device.o(i.MX_USB_Device_Init)
    MemManage_Handler                        0x08002c55   Thumb Code     2  stm32g4xx_it.o(i.MemManage_Handler)
    NMI_Handler                              0x08002d01   Thumb Code     2  stm32g4xx_it.o(i.NMI_Handler)
    PendSV_Handler                           0x08003097   Thumb Code     2  stm32g4xx_it.o(i.PendSV_Handler)
    SVC_Handler                              0x08003099   Thumb Code     2  stm32g4xx_it.o(i.SVC_Handler)
    SysTick_Handler                          0x080030a5   Thumb Code     4  stm32g4xx_it.o(i.SysTick_Handler)
    SystemClock_Config                       0x080030a9   Thumb Code   108  main.o(i.SystemClock_Config)
    SystemInit                               0x08003115   Thumb Code    12  system_stm32g4xx.o(i.SystemInit)
    TIM6_DAC_IRQHandler                      0x08003125   Thumb Code     6  stm32g4xx_it.o(i.TIM6_DAC_IRQHandler)
    TIM_Base_SetConfig                       0x08003131   Thumb Code   184  stm32g4xx_hal_tim.o(i.TIM_Base_SetConfig)
    USBD_CDC_ConfigStrDescriptor             0x0800320d   Thumb Code    16  usbd_desc.o(i.USBD_CDC_ConfigStrDescriptor)
    USBD_CDC_DeviceDescriptor                0x080032fd   Thumb Code     8  usbd_desc.o(i.USBD_CDC_DeviceDescriptor)
    USBD_CDC_GetDeviceQualifierDescriptor    0x08003339   Thumb Code     8  usbd_cdc.o(i.USBD_CDC_GetDeviceQualifierDescriptor)
    USBD_CDC_InterfaceStrDescriptor          0x0800340d   Thumb Code    16  usbd_desc.o(i.USBD_CDC_InterfaceStrDescriptor)
    USBD_CDC_LangIDStrDescriptor             0x08003431   Thumb Code     8  usbd_desc.o(i.USBD_CDC_LangIDStrDescriptor)
    USBD_CDC_ManufacturerStrDescriptor       0x0800343d   Thumb Code    16  usbd_desc.o(i.USBD_CDC_ManufacturerStrDescriptor)
    USBD_CDC_ProductStrDescriptor            0x08003465   Thumb Code    16  usbd_desc.o(i.USBD_CDC_ProductStrDescriptor)
    USBD_CDC_ReceivePacket                   0x08003491   Thumb Code    40  usbd_cdc.o(i.USBD_CDC_ReceivePacket)
    USBD_CDC_RegisterInterface               0x080034b9   Thumb Code    14  usbd_cdc.o(i.USBD_CDC_RegisterInterface)
    USBD_CDC_SerialStrDescriptor             0x080034c9   Thumb Code    48  usbd_desc.o(i.USBD_CDC_SerialStrDescriptor)
    USBD_CDC_SetRxBuffer                     0x08003501   Thumb Code    18  usbd_cdc.o(i.USBD_CDC_SetRxBuffer)
    USBD_CDC_SetTxBuffer                     0x08003513   Thumb Code    22  usbd_cdc.o(i.USBD_CDC_SetTxBuffer)
    USBD_CDC_TransmitPacket                  0x080035e7   Thumb Code    54  usbd_cdc.o(i.USBD_CDC_TransmitPacket)
    USBD_ClrClassConfig                      0x0800361d   Thumb Code    16  usbd_core.o(i.USBD_ClrClassConfig)
    USBD_CtlContinueRx                       0x0800362d   Thumb Code    16  usbd_ioreq.o(i.USBD_CtlContinueRx)
    USBD_CtlContinueSendData                 0x0800363d   Thumb Code    16  usbd_ioreq.o(i.USBD_CtlContinueSendData)
    USBD_CtlError                            0x0800364d   Thumb Code    22  usbd_ctlreq.o(i.USBD_CtlError)
    USBD_CtlPrepareRx                        0x08003663   Thumb Code    30  usbd_ioreq.o(i.USBD_CtlPrepareRx)
    USBD_CtlReceiveStatus                    0x08003681   Thumb Code    22  usbd_ioreq.o(i.USBD_CtlReceiveStatus)
    USBD_CtlSendData                         0x08003697   Thumb Code    26  usbd_ioreq.o(i.USBD_CtlSendData)
    USBD_CtlSendStatus                       0x080036b1   Thumb Code    22  usbd_ioreq.o(i.USBD_CtlSendStatus)
    USBD_GetString                           0x080037ad   Thumb Code    72  usbd_ctlreq.o(i.USBD_GetString)
    USBD_Init                                0x0800380d   Thumb Code    38  usbd_core.o(i.USBD_Init)
    USBD_LL_ClearStallEP                     0x08003833   Thumb Code    18  usbd_conf.o(i.USBD_LL_ClearStallEP)
    USBD_LL_CloseEP                          0x08003845   Thumb Code    18  usbd_conf.o(i.USBD_LL_CloseEP)
    USBD_LL_DataInStage                      0x08003857   Thumb Code   168  usbd_core.o(i.USBD_LL_DataInStage)
    USBD_LL_DataOutStage                     0x080038ff   Thumb Code   108  usbd_core.o(i.USBD_LL_DataOutStage)
    USBD_LL_GetRxDataSize                    0x0800396b   Thumb Code     8  usbd_conf.o(i.USBD_LL_GetRxDataSize)
    USBD_LL_Init                             0x08003975   Thumb Code   124  usbd_conf.o(i.USBD_LL_Init)
    USBD_LL_IsStallEP                        0x080039f9   Thumb Code    30  usbd_conf.o(i.USBD_LL_IsStallEP)
    USBD_LL_OpenEP                           0x08003a17   Thumb Code    24  usbd_conf.o(i.USBD_LL_OpenEP)
    USBD_LL_PrepareReceive                   0x08003a2f   Thumb Code    18  usbd_conf.o(i.USBD_LL_PrepareReceive)
    USBD_LL_Reset                            0x08003a41   Thumb Code    90  usbd_core.o(i.USBD_LL_Reset)
    USBD_LL_Resume                           0x08003a9b   Thumb Code    20  usbd_core.o(i.USBD_LL_Resume)
    USBD_LL_SOF                              0x08003aaf   Thumb Code    32  usbd_core.o(i.USBD_LL_SOF)
    USBD_LL_SetSpeed                         0x08003acf   Thumb Code     6  usbd_core.o(i.USBD_LL_SetSpeed)
    USBD_LL_SetUSBAddress                    0x08003ad5   Thumb Code    18  usbd_conf.o(i.USBD_LL_SetUSBAddress)
    USBD_LL_SetupStage                       0x08003ae7   Thumb Code    96  usbd_core.o(i.USBD_LL_SetupStage)
    USBD_LL_StallEP                          0x08003b47   Thumb Code    18  usbd_conf.o(i.USBD_LL_StallEP)
    USBD_LL_Start                            0x08003b59   Thumb Code    18  usbd_conf.o(i.USBD_LL_Start)
    USBD_LL_Suspend                          0x08003b6b   Thumb Code    18  usbd_core.o(i.USBD_LL_Suspend)
    USBD_LL_Transmit                         0x08003b7d   Thumb Code    18  usbd_conf.o(i.USBD_LL_Transmit)
    USBD_ParseSetupRequest                   0x08003b8f   Thumb Code    44  usbd_ctlreq.o(i.USBD_ParseSetupRequest)
    USBD_RegisterClass                       0x08003bbb   Thumb Code    36  usbd_core.o(i.USBD_RegisterClass)
    USBD_SetClassConfig                      0x08003bdf   Thumb Code    20  usbd_core.o(i.USBD_SetClassConfig)
    USBD_Start                               0x08003cb1   Thumb Code     4  usbd_core.o(i.USBD_Start)
    USBD_StdDevReq                           0x08003cb5   Thumb Code   278  usbd_ctlreq.o(i.USBD_StdDevReq)
    USBD_StdEPReq                            0x08003dcb   Thumb Code   320  usbd_ctlreq.o(i.USBD_StdEPReq)
    USBD_StdItfReq                           0x08003f0b   Thumb Code    82  usbd_ctlreq.o(i.USBD_StdItfReq)
    USBD_static_free                         0x08003f5d   Thumb Code     2  usbd_conf.o(i.USBD_static_free)
    USBD_static_malloc                       0x08003f61   Thumb Code     4  usbd_conf.o(i.USBD_static_malloc)
    USB_ActivateEndpoint                     0x08003f69   Thumb Code   874  stm32g4xx_ll_usb.o(i.USB_ActivateEndpoint)
    USB_DeactivateEndpoint                   0x080042d3   Thumb Code   270  stm32g4xx_ll_usb.o(i.USB_DeactivateEndpoint)
    USB_DevConnect                           0x080043e1   Thumb Code    14  stm32g4xx_ll_usb.o(i.USB_DevConnect)
    USB_DevInit                              0x080043ef   Thumb Code    18  stm32g4xx_ll_usb.o(i.USB_DevInit)
    USB_DisableGlobalInt                     0x08004401   Thumb Code    16  stm32g4xx_ll_usb.o(i.USB_DisableGlobalInt)
    USB_EPClearStall                         0x08004411   Thumb Code   112  stm32g4xx_ll_usb.o(i.USB_EPClearStall)
    USB_EPSetStall                           0x08004481   Thumb Code    50  stm32g4xx_ll_usb.o(i.USB_EPSetStall)
    USB_EPStartXfer                          0x080044b5   Thumb Code   878  stm32g4xx_ll_usb.o(i.USB_EPStartXfer)
    USB_EnableGlobalInt                      0x08004823   Thumb Code    18  stm32g4xx_ll_usb.o(i.USB_EnableGlobalInt)
    USB_LP_IRQHandler                        0x08004835   Thumb Code     6  stm32g4xx_it.o(i.USB_LP_IRQHandler)
    USB_MotorComm_GetCommand                 0x0800487d   Thumb Code    42  usb_motor_comm.o(i.USB_MotorComm_GetCommand)
    USB_MotorComm_Receive                    0x08004915   Thumb Code   170  usb_motor_comm.o(i.USB_MotorComm_Receive)
    USB_MotorComm_SendFeedback               0x080049c9   Thumb Code   226  usb_motor_comm.o(i.USB_MotorComm_SendFeedback)
    USB_MotorComm_TransmitComplete           0x08004ab9   Thumb Code     8  usb_motor_comm.o(i.USB_MotorComm_TransmitComplete)
    USB_ReadInterrupts                       0x08004acd   Thumb Code     6  stm32g4xx_ll_usb.o(i.USB_ReadInterrupts)
    USB_ReadPMA                              0x08004ad3   Thumb Code    40  stm32g4xx_ll_usb.o(i.USB_ReadPMA)
    USB_SetDevAddress                        0x08004afb   Thumb Code    12  stm32g4xx_ll_usb.o(i.USB_SetDevAddress)
    USB_WritePMA                             0x08004b09   Thumb Code    38  stm32g4xx_ll_usb.o(i.USB_WritePMA)
    UsageFault_Handler                       0x08004b2f   Thumb Code     2  stm32g4xx_it.o(i.UsageFault_Handler)
    main                                     0x08004b51   Thumb Code   374  main.o(i.main)
    _fp_init                                 0x08004cd9   Thumb Code    10  fpinit.o(x$fpl$fpinit)
    __fplib_config_fpu_vfp                   0x08004ce1   Thumb Code     0  fpinit.o(x$fpl$fpinit)
    __fplib_config_pureend_doubles           0x08004ce1   Thumb Code     0  fpinit.o(x$fpl$fpinit)
    AHBPrescTable                            0x08004d0c   Data          16  system_stm32g4xx.o(.constdata)
    Region$$Table$$Base                      0x08004d1c   Number         0  anon$$obj.o(Region$$Table)
    Region$$Table$$Limit                     0x08004d3c   Number         0  anon$$obj.o(Region$$Table)
    dm_motors                                0x20000004   Data         168  dm_motor.o(.data)
    uwTickPrio                               0x200000cc   Data           4  stm32g4xx_hal.o(.data)
    uwTickFreq                               0x200000d0   Data           4  stm32g4xx_hal.o(.data)
    uwTick                                   0x200000d4   Data           4  stm32g4xx_hal.o(.data)
    SystemCoreClock                          0x200000d8   Data           4  system_stm32g4xx.o(.data)
    CDC_Desc                                 0x200000dc   Data          28  usbd_desc.o(.data)
    USBD_LangIDDesc                          0x200000f8   Data           4  usbd_desc.o(.data)
    USBD_CDC_DeviceDesc                      0x200000fc   Data          18  usbd_desc.o(.data)
    USBD_StringSerial                        0x20000110   Data          26  usbd_desc.o(.data)
    USBD_Interface_fops_FS                   0x2000012c   Data          20  usbd_cdc_if.o(.data)
    USBD_CDC                                 0x2000021c   Data          56  usbd_cdc.o(.data)
    hfdcan1                                  0x200004bc   Data         100  fdcan.o(.bss)
    htim6                                    0x20000520   Data          76  tim.o(.bss)
    hpcd_USB_FS                              0x2000078c   Data         732  usbd_conf.o(.bss)
    hUsbDeviceFS                             0x20000a68   Data         720  usb_device.o(.bss)
    USBD_StrDesc                             0x20000d38   Data         512  usbd_desc.o(.bss)
    UserRxBufferFS                           0x20000f38   Data        2048  usbd_cdc_if.o(.bss)
    UserTxBufferFS                           0x20001738   Data        2048  usbd_cdc_if.o(.bss)
    __libspace_start                         0x20001f38   Data          96  libspace.o(.bss)
    __temporary_stack_top$libspace           0x20001f98   Data           0  libspace.o(.bss)



==============================================================================

Memory Map of the image

  Image Entry point : 0x080001d9

  Load Region LR_IROM1 (Base: 0x08000000, Size: 0x00004f90, Max: 0x00080000, ABSOLUTE, COMPRESSED[0x00004e18])

    Execution Region ER_IROM1 (Exec base: 0x08000000, Load base: 0x08000000, Size: 0x00004d3c, Max: 0x00080000, ABSOLUTE)

    Exec Addr    Load Addr    Size         Type   Attr      Idx    E Section Name        Object

    0x08000000   0x08000000   0x000001d8   Data   RO            3    RESET               startup_stm32g474xx.o
    0x080001d8   0x080001d8   0x00000008   Code   RO         4898  * !!!main             c_w.l(__main.o)
    0x080001e0   0x080001e0   0x00000034   Code   RO         5057    !!!scatter          c_w.l(__scatter.o)
    0x08000214   0x08000214   0x0000005a   Code   RO         5055    !!dczerorl2         c_w.l(__dczerorl2.o)
    0x0800026e   0x0800026e   0x00000002   PAD
    0x08000270   0x08000270   0x0000001c   Code   RO         5059    !!handler_zi        c_w.l(__scatter_zi.o)
    0x0800028c   0x0800028c   0x00000002   Code   RO         4925    .ARM.Collect$$libinit$$00000000  c_w.l(libinit.o)
    0x0800028e   0x0800028e   0x00000004   Code   RO         4931    .ARM.Collect$$libinit$$00000001  c_w.l(libinit2.o)
    0x08000292   0x08000292   0x00000000   Code   RO         4934    .ARM.Collect$$libinit$$00000004  c_w.l(libinit2.o)
    0x08000292   0x08000292   0x00000000   Code   RO         4937    .ARM.Collect$$libinit$$0000000A  c_w.l(libinit2.o)
    0x08000292   0x08000292   0x00000000   Code   RO         4939    .ARM.Collect$$libinit$$0000000C  c_w.l(libinit2.o)
    0x08000292   0x08000292   0x00000000   Code   RO         4941    .ARM.Collect$$libinit$$0000000E  c_w.l(libinit2.o)
    0x08000292   0x08000292   0x00000000   Code   RO         4944    .ARM.Collect$$libinit$$00000011  c_w.l(libinit2.o)
    0x08000292   0x08000292   0x00000000   Code   RO         4946    .ARM.Collect$$libinit$$00000013  c_w.l(libinit2.o)
    0x08000292   0x08000292   0x00000000   Code   RO         4948    .ARM.Collect$$libinit$$00000015  c_w.l(libinit2.o)
    0x08000292   0x08000292   0x00000000   Code   RO         4950    .ARM.Collect$$libinit$$00000017  c_w.l(libinit2.o)
    0x08000292   0x08000292   0x00000000   Code   RO         4952    .ARM.Collect$$libinit$$00000019  c_w.l(libinit2.o)
    0x08000292   0x08000292   0x00000000   Code   RO         4954    .ARM.Collect$$libinit$$0000001B  c_w.l(libinit2.o)
    0x08000292   0x08000292   0x00000000   Code   RO         4956    .ARM.Collect$$libinit$$0000001D  c_w.l(libinit2.o)
    0x08000292   0x08000292   0x00000000   Code   RO         4958    .ARM.Collect$$libinit$$0000001F  c_w.l(libinit2.o)
    0x08000292   0x08000292   0x00000000   Code   RO         4960    .ARM.Collect$$libinit$$00000021  c_w.l(libinit2.o)
    0x08000292   0x08000292   0x00000000   Code   RO         4962    .ARM.Collect$$libinit$$00000023  c_w.l(libinit2.o)
    0x08000292   0x08000292   0x00000000   Code   RO         4964    .ARM.Collect$$libinit$$00000025  c_w.l(libinit2.o)
    0x08000292   0x08000292   0x00000000   Code   RO         4968    .ARM.Collect$$libinit$$0000002C  c_w.l(libinit2.o)
    0x08000292   0x08000292   0x00000000   Code   RO         4970    .ARM.Collect$$libinit$$0000002E  c_w.l(libinit2.o)
    0x08000292   0x08000292   0x00000000   Code   RO         4972    .ARM.Collect$$libinit$$00000030  c_w.l(libinit2.o)
    0x08000292   0x08000292   0x00000000   Code   RO         4974    .ARM.Collect$$libinit$$00000032  c_w.l(libinit2.o)
    0x08000292   0x08000292   0x00000002   Code   RO         4975    .ARM.Collect$$libinit$$00000033  c_w.l(libinit2.o)
    0x08000294   0x08000294   0x00000002   Code   RO         4995    .ARM.Collect$$libshutdown$$00000000  c_w.l(libshutdown.o)
    0x08000296   0x08000296   0x00000000   Code   RO         5008    .ARM.Collect$$libshutdown$$00000002  c_w.l(libshutdown2.o)
    0x08000296   0x08000296   0x00000000   Code   RO         5010    .ARM.Collect$$libshutdown$$00000004  c_w.l(libshutdown2.o)
    0x08000296   0x08000296   0x00000000   Code   RO         5013    .ARM.Collect$$libshutdown$$00000007  c_w.l(libshutdown2.o)
    0x08000296   0x08000296   0x00000000   Code   RO         5016    .ARM.Collect$$libshutdown$$0000000A  c_w.l(libshutdown2.o)
    0x08000296   0x08000296   0x00000000   Code   RO         5018    .ARM.Collect$$libshutdown$$0000000C  c_w.l(libshutdown2.o)
    0x08000296   0x08000296   0x00000000   Code   RO         5021    .ARM.Collect$$libshutdown$$0000000F  c_w.l(libshutdown2.o)
    0x08000296   0x08000296   0x00000002   Code   RO         5022    .ARM.Collect$$libshutdown$$00000010  c_w.l(libshutdown2.o)
    0x08000298   0x08000298   0x00000000   Code   RO         4900    .ARM.Collect$$rtentry$$00000000  c_w.l(__rtentry.o)
    0x08000298   0x08000298   0x00000000   Code   RO         4902    .ARM.Collect$$rtentry$$00000002  c_w.l(__rtentry2.o)
    0x08000298   0x08000298   0x00000006   Code   RO         4914    .ARM.Collect$$rtentry$$00000004  c_w.l(__rtentry4.o)
    0x0800029e   0x0800029e   0x00000000   Code   RO         4904    .ARM.Collect$$rtentry$$00000009  c_w.l(__rtentry2.o)
    0x0800029e   0x0800029e   0x00000004   Code   RO         4905    .ARM.Collect$$rtentry$$0000000A  c_w.l(__rtentry2.o)
    0x080002a2   0x080002a2   0x00000000   Code   RO         4907    .ARM.Collect$$rtentry$$0000000C  c_w.l(__rtentry2.o)
    0x080002a2   0x080002a2   0x00000008   Code   RO         4908    .ARM.Collect$$rtentry$$0000000D  c_w.l(__rtentry2.o)
    0x080002aa   0x080002aa   0x00000002   Code   RO         4929    .ARM.Collect$$rtexit$$00000000  c_w.l(rtexit.o)
    0x080002ac   0x080002ac   0x00000000   Code   RO         4977    .ARM.Collect$$rtexit$$00000002  c_w.l(rtexit2.o)
    0x080002ac   0x080002ac   0x00000004   Code   RO         4978    .ARM.Collect$$rtexit$$00000003  c_w.l(rtexit2.o)
    0x080002b0   0x080002b0   0x00000006   Code   RO         4979    .ARM.Collect$$rtexit$$00000004  c_w.l(rtexit2.o)
    0x080002b6   0x080002b6   0x00000002   PAD
    0x080002b8   0x080002b8   0x00000040   Code   RO            4    .text               startup_stm32g474xx.o
    0x080002f8   0x080002f8   0x00000064   Code   RO         4892    .text               c_w.l(rt_memcpy_w.o)
    0x0800035c   0x0800035c   0x0000004e   Code   RO         4894    .text               c_w.l(rt_memclr_w.o)
    0x080003aa   0x080003aa   0x00000006   Code   RO         4896    .text               c_w.l(heapauxi.o)
    0x080003b0   0x080003b0   0x0000004a   Code   RO         4916    .text               c_w.l(sys_stackheap_outer.o)
    0x080003fa   0x080003fa   0x00000012   Code   RO         4918    .text               c_w.l(exit.o)
    0x0800040c   0x0800040c   0x00000008   Code   RO         4926    .text               c_w.l(libspace.o)
    0x08000414   0x08000414   0x0000000c   Code   RO         4987    .text               c_w.l(sys_exit.o)
    0x08000420   0x08000420   0x00000002   Code   RO         4998    .text               c_w.l(use_no_semi.o)
    0x08000422   0x08000422   0x00000000   Code   RO         5000    .text               c_w.l(indicate_semi.o)
    0x08000422   0x08000422   0x00000002   Code   RO          482    i.BusFault_Handler  stm32g4xx_it.o
    0x08000424   0x08000424   0x00000004   Code   RO         4459    i.CDC_Control_FS    usbd_cdc_if.o
    0x08000428   0x08000428   0x00000004   Code   RO         4460    i.CDC_DeInit_FS     usbd_cdc_if.o
    0x0800042c   0x0800042c   0x00000024   Code   RO         4461    i.CDC_Init_FS       usbd_cdc_if.o
    0x08000450   0x08000450   0x00000020   Code   RO         4462    i.CDC_Receive_FS    usbd_cdc_if.o
    0x08000470   0x08000470   0x0000000a   Code   RO         4463    i.CDC_TransmitCplt_FS  usbd_cdc_if.o
    0x0800047a   0x0800047a   0x00000002   PAD
    0x0800047c   0x0800047c   0x0000002c   Code   RO         4464    i.CDC_Transmit_FS   usbd_cdc_if.o
    0x080004a8   0x080004a8   0x00000006   Code   RO           13    i.DM_Motor_ClearError  dm_motor.o
    0x080004ae   0x080004ae   0x00000006   Code   RO           14    i.DM_Motor_Disable  dm_motor.o
    0x080004b4   0x080004b4   0x00000006   Code   RO           15    i.DM_Motor_Enable   dm_motor.o
    0x080004ba   0x080004ba   0x00000046   Code   RO           16    i.DM_Motor_FloatToUint  dm_motor.o
    0x08000500   0x08000500   0x00000014   Code   RO           17    i.DM_Motor_Init     dm_motor.o
    0x08000514   0x08000514   0x000000e8   Code   RO           18    i.DM_Motor_MitControl  dm_motor.o
    0x080005fc   0x080005fc   0x00000044   Code   RO           19    i.DM_Motor_Send     dm_motor.o
    0x08000640   0x08000640   0x00000024   Code   RO           20    i.DM_Motor_SendCommand  dm_motor.o
    0x08000664   0x08000664   0x00000006   Code   RO           21    i.DM_Motor_SetZero  dm_motor.o
    0x0800066a   0x0800066a   0x00000022   Code   RO           22    i.DM_Motor_UintToFloat  dm_motor.o
    0x0800068c   0x0800068c   0x00000002   Code   RO          483    i.DebugMon_Handler  stm32g4xx_it.o
    0x0800068e   0x0800068e   0x00000004   Code   RO          310    i.Error_Handler     main.o
    0x08000692   0x08000692   0x00000002   PAD
    0x08000694   0x08000694   0x0000000c   Code   RO          484    i.FDCAN1_IT0_IRQHandler  stm32g4xx_it.o
    0x080006a0   0x080006a0   0x00000064   Code   RO         2568    i.FDCAN_CopyMessageToRAM  stm32g4xx_hal_fdcan.o
    0x08000704   0x08000704   0x000000e0   Code   RO         2570    i.HAL_FDCAN_ActivateNotification  stm32g4xx_hal_fdcan.o
    0x080007e4   0x080007e4   0x0000004a   Code   RO         2571    i.HAL_FDCAN_AddMessageToTxFifoQ  stm32g4xx_hal_fdcan.o
    0x0800082e   0x0800082e   0x0000005c   Code   RO         2573    i.HAL_FDCAN_ConfigFilter  stm32g4xx_hal_fdcan.o
    0x0800088a   0x0800088a   0x00000036   Code   RO         2574    i.HAL_FDCAN_ConfigGlobalFilter  stm32g4xx_hal_fdcan.o
    0x080008c0   0x080008c0   0x00000020   Code   RO         2580    i.HAL_FDCAN_ConfigTxDelayCompensation  stm32g4xx_hal_fdcan.o
    0x080008e0   0x080008e0   0x00000022   Code   RO         2592    i.HAL_FDCAN_EnableTxDelayCompensation  stm32g4xx_hal_fdcan.o
    0x08000902   0x08000902   0x00000002   Code   RO         2594    i.HAL_FDCAN_ErrorCallback  stm32g4xx_hal_fdcan.o
    0x08000904   0x08000904   0x00000002   Code   RO         2595    i.HAL_FDCAN_ErrorStatusCallback  stm32g4xx_hal_fdcan.o
    0x08000906   0x08000906   0x00000002   PAD
    0x08000908   0x08000908   0x00000018   Code   RO         2603    i.HAL_FDCAN_GetRxFifoFillLevel  stm32g4xx_hal_fdcan.o
    0x08000920   0x08000920   0x00000114   Code   RO         2604    i.HAL_FDCAN_GetRxMessage  stm32g4xx_hal_fdcan.o
    0x08000a34   0x08000a34   0x0000000c   Code   RO         2609    i.HAL_FDCAN_GetTxFifoFreeLevel  stm32g4xx_hal_fdcan.o
    0x08000a40   0x08000a40   0x00000002   Code   RO         2610    i.HAL_FDCAN_HighPriorityMessageCallback  stm32g4xx_hal_fdcan.o
    0x08000a42   0x08000a42   0x00000164   Code   RO         2611    i.HAL_FDCAN_IRQHandler  stm32g4xx_hal_fdcan.o
    0x08000ba6   0x08000ba6   0x00000002   PAD
    0x08000ba8   0x08000ba8   0x00000218   Code   RO         2612    i.HAL_FDCAN_Init    stm32g4xx_hal_fdcan.o
    0x08000dc0   0x08000dc0   0x00000090   Code   RO          399    i.HAL_FDCAN_MspInit  fdcan.o
    0x08000e50   0x08000e50   0x00000100   Code   RO           23    i.HAL_FDCAN_RxFifo0Callback  dm_motor.o
    0x08000f50   0x08000f50   0x00000002   Code   RO         2620    i.HAL_FDCAN_RxFifo1Callback  stm32g4xx_hal_fdcan.o
    0x08000f52   0x08000f52   0x0000002c   Code   RO         2621    i.HAL_FDCAN_Start   stm32g4xx_hal_fdcan.o
    0x08000f7e   0x08000f7e   0x00000002   Code   RO         2623    i.HAL_FDCAN_TimeoutOccurredCallback  stm32g4xx_hal_fdcan.o
    0x08000f80   0x08000f80   0x00000002   Code   RO         2624    i.HAL_FDCAN_TimestampWraparoundCallback  stm32g4xx_hal_fdcan.o
    0x08000f82   0x08000f82   0x00000002   Code   RO         2625    i.HAL_FDCAN_TxBufferAbortCallback  stm32g4xx_hal_fdcan.o
    0x08000f84   0x08000f84   0x00000002   Code   RO         2626    i.HAL_FDCAN_TxBufferCompleteCallback  stm32g4xx_hal_fdcan.o
    0x08000f86   0x08000f86   0x00000002   Code   RO         2627    i.HAL_FDCAN_TxEventFifoCallback  stm32g4xx_hal_fdcan.o
    0x08000f88   0x08000f88   0x00000002   Code   RO         2628    i.HAL_FDCAN_TxFifoEmptyCallback  stm32g4xx_hal_fdcan.o
    0x08000f8a   0x08000f8a   0x00000002   PAD
    0x08000f8c   0x08000f8c   0x00000234   Code   RO         1779    i.HAL_GPIO_Init     stm32g4xx_hal_gpio.o
    0x080011c0   0x080011c0   0x0000000c   Code   RO         1058    i.HAL_GetTick       stm32g4xx_hal.o
    0x080011cc   0x080011cc   0x00000010   Code   RO         1064    i.HAL_IncTick       stm32g4xx_hal.o
    0x080011dc   0x080011dc   0x0000001e   Code   RO         1065    i.HAL_Init          stm32g4xx_hal.o
    0x080011fa   0x080011fa   0x00000002   PAD
    0x080011fc   0x080011fc   0x00000044   Code   RO         1066    i.HAL_InitTick      stm32g4xx_hal.o
    0x08001240   0x08001240   0x00000030   Code   RO          576    i.HAL_MspInit       stm32g4xx_hal_msp.o
    0x08001270   0x08001270   0x0000001a   Code   RO         2428    i.HAL_NVIC_EnableIRQ  stm32g4xx_hal_cortex.o
    0x0800128a   0x0800128a   0x00000002   PAD
    0x0800128c   0x0800128c   0x00000040   Code   RO         2434    i.HAL_NVIC_SetPriority  stm32g4xx_hal_cortex.o
    0x080012cc   0x080012cc   0x00000024   Code   RO         2435    i.HAL_NVIC_SetPriorityGrouping  stm32g4xx_hal_cortex.o
    0x080012f0   0x080012f0   0x00000024   Code   RO          832    i.HAL_PCDEx_ActivateLPM  stm32g4xx_hal_pcd_ex.o
    0x08001314   0x08001314   0x00000002   Code   RO          837    i.HAL_PCDEx_LPM_Callback  stm32g4xx_hal_pcd_ex.o
    0x08001316   0x08001316   0x0000003c   Code   RO          838    i.HAL_PCDEx_PMAConfig  stm32g4xx_hal_pcd_ex.o
    0x08001352   0x08001352   0x00000012   Code   RO         4137    i.HAL_PCD_DataInStageCallback  usbd_conf.o
    0x08001364   0x08001364   0x00000014   Code   RO         4138    i.HAL_PCD_DataOutStageCallback  usbd_conf.o
    0x08001378   0x08001378   0x0000004a   Code   RO          610    i.HAL_PCD_EP_Close  stm32g4xx_hal_pcd.o
    0x080013c2   0x080013c2   0x0000005a   Code   RO          611    i.HAL_PCD_EP_ClrStall  stm32g4xx_hal_pcd.o
    0x0800141c   0x0800141c   0x000000dc   Code   RO          612    i.HAL_PCD_EP_DB_Receive  stm32g4xx_hal_pcd.o
    0x080014f8   0x080014f8   0x00000380   Code   RO          613    i.HAL_PCD_EP_DB_Transmit  stm32g4xx_hal_pcd.o
    0x08001878   0x08001878   0x00000012   Code   RO          615    i.HAL_PCD_EP_GetRxCount  stm32g4xx_hal_pcd.o
    0x0800188a   0x0800188a   0x0000005c   Code   RO          616    i.HAL_PCD_EP_Open   stm32g4xx_hal_pcd.o
    0x080018e6   0x080018e6   0x0000002e   Code   RO          617    i.HAL_PCD_EP_Receive  stm32g4xx_hal_pcd.o
    0x08001914   0x08001914   0x0000005e   Code   RO          618    i.HAL_PCD_EP_SetStall  stm32g4xx_hal_pcd.o
    0x08001972   0x08001972   0x0000002e   Code   RO          619    i.HAL_PCD_EP_Transmit  stm32g4xx_hal_pcd.o
    0x080019a0   0x080019a0   0x0000014a   Code   RO          621    i.HAL_PCD_IRQHandler  stm32g4xx_hal_pcd.o
    0x08001aea   0x08001aea   0x00000002   PAD
    0x08001aec   0x08001aec   0x0000009c   Code   RO          624    i.HAL_PCD_Init      stm32g4xx_hal_pcd.o
    0x08001b88   0x08001b88   0x00000058   Code   RO         4143    i.HAL_PCD_MspInit   usbd_conf.o
    0x08001be0   0x08001be0   0x00000026   Code   RO         4144    i.HAL_PCD_ResetCallback  usbd_conf.o
    0x08001c06   0x08001c06   0x00000002   PAD
    0x08001c08   0x08001c08   0x00000028   Code   RO         4145    i.HAL_PCD_ResumeCallback  usbd_conf.o
    0x08001c30   0x08001c30   0x00000008   Code   RO         4146    i.HAL_PCD_SOFCallback  usbd_conf.o
    0x08001c38   0x08001c38   0x00000026   Code   RO          630    i.HAL_PCD_SetAddress  stm32g4xx_hal_pcd.o
    0x08001c5e   0x08001c5e   0x0000000e   Code   RO         4147    i.HAL_PCD_SetupStageCallback  usbd_conf.o
    0x08001c6c   0x08001c6c   0x0000002a   Code   RO          632    i.HAL_PCD_Start     stm32g4xx_hal_pcd.o
    0x08001c96   0x08001c96   0x00000002   PAD
    0x08001c98   0x08001c98   0x00000024   Code   RO         4148    i.HAL_PCD_SuspendCallback  usbd_conf.o
    0x08001cbc   0x08001cbc   0x000000bc   Code   RO         2182    i.HAL_PWREx_ControlVoltageScaling  stm32g4xx_hal_pwr_ex.o
    0x08001d78   0x08001d78   0x00000010   Code   RO         2194    i.HAL_PWREx_DisableUCPDDeadBattery  stm32g4xx_hal_pwr_ex.o
    0x08001d88   0x08001d88   0x00000300   Code   RO         1425    i.HAL_RCCEx_PeriphCLKConfig  stm32g4xx_hal_rcc_ex.o
    0x08002088   0x08002088   0x000001dc   Code   RO         1300    i.HAL_RCC_ClockConfig  stm32g4xx_hal_rcc.o
    0x08002264   0x08002264   0x0000006c   Code   RO         1310    i.HAL_RCC_GetSysClockFreq  stm32g4xx_hal_rcc.o
    0x080022d0   0x080022d0   0x00000404   Code   RO         1313    i.HAL_RCC_OscConfig  stm32g4xx_hal_rcc.o
    0x080026d4   0x080026d4   0x00000028   Code   RO         2439    i.HAL_SYSTICK_Config  stm32g4xx_hal_cortex.o
    0x080026fc   0x080026fc   0x00000002   Code   RO         3669    i.HAL_TIMEx_Break2Callback  stm32g4xx_hal_tim_ex.o
    0x080026fe   0x080026fe   0x00000002   Code   RO         3670    i.HAL_TIMEx_BreakCallback  stm32g4xx_hal_tim_ex.o
    0x08002700   0x08002700   0x00000002   Code   RO         3671    i.HAL_TIMEx_CommutCallback  stm32g4xx_hal_tim_ex.o
    0x08002702   0x08002702   0x00000002   Code   RO         3682    i.HAL_TIMEx_DirectionChangeCallback  stm32g4xx_hal_tim_ex.o
    0x08002704   0x08002704   0x00000002   Code   RO         3696    i.HAL_TIMEx_EncoderIndexCallback  stm32g4xx_hal_tim_ex.o
    0x08002706   0x08002706   0x00000002   Code   RO         3710    i.HAL_TIMEx_IndexErrorCallback  stm32g4xx_hal_tim_ex.o
    0x08002708   0x08002708   0x000000b8   Code   RO         3711    i.HAL_TIMEx_MasterConfigSynchronization  stm32g4xx_hal_tim_ex.o
    0x080027c0   0x080027c0   0x00000002   Code   RO         3732    i.HAL_TIMEx_TransitionErrorCallback  stm32g4xx_hal_tim_ex.o
    0x080027c2   0x080027c2   0x00000062   Code   RO         2955    i.HAL_TIM_Base_Init  stm32g4xx_hal_tim.o
    0x08002824   0x08002824   0x0000003c   Code   RO          441    i.HAL_TIM_Base_MspInit  tim.o
    0x08002860   0x08002860   0x0000008c   Code   RO         2960    i.HAL_TIM_Base_Start_IT  stm32g4xx_hal_tim.o
    0x080028ec   0x080028ec   0x00000002   Code   RO         2989    i.HAL_TIM_IC_CaptureCallback  stm32g4xx_hal_tim.o
    0x080028ee   0x080028ee   0x000001a2   Code   RO         3003    i.HAL_TIM_IRQHandler  stm32g4xx_hal_tim.o
    0x08002a90   0x08002a90   0x00000002   Code   RO         3006    i.HAL_TIM_OC_DelayElapsedCallback  stm32g4xx_hal_tim.o
    0x08002a92   0x08002a92   0x00000002   Code   RO         3033    i.HAL_TIM_PWM_PulseFinishedCallback  stm32g4xx_hal_tim.o
    0x08002a94   0x08002a94   0x00000058   Code   RO          311    i.HAL_TIM_PeriodElapsedCallback  main.o
    0x08002aec   0x08002aec   0x00000002   Code   RO         3046    i.HAL_TIM_TriggerCallback  stm32g4xx_hal_tim.o
    0x08002aee   0x08002aee   0x00000002   Code   RO          485    i.HardFault_Handler  stm32g4xx_it.o
    0x08002af0   0x08002af0   0x00000038   Code   RO         4373    i.IntToUnicode      usbd_desc.o
    0x08002b28   0x08002b28   0x00000058   Code   RO          400    i.MX_FDCAN1_Init    fdcan.o
    0x08002b80   0x08002b80   0x0000003c   Code   RO          374    i.MX_GPIO_Init      gpio.o
    0x08002bbc   0x08002bbc   0x00000044   Code   RO          442    i.MX_TIM6_Init      tim.o
    0x08002c00   0x08002c00   0x00000054   Code   RO         4342    i.MX_USB_Device_Init  usb_device.o
    0x08002c54   0x08002c54   0x00000002   Code   RO          486    i.MemManage_Handler  stm32g4xx_it.o
    0x08002c56   0x08002c56   0x00000002   PAD
    0x08002c58   0x08002c58   0x000000a8   Code   RO          312    i.Motor_ProcessPendingAction  main.o
    0x08002d00   0x08002d00   0x00000002   Code   RO          487    i.NMI_Handler       stm32g4xx_it.o
    0x08002d02   0x08002d02   0x00000394   Code   RO          635    i.PCD_EP_ISR_Handler  stm32g4xx_hal_pcd.o
    0x08003096   0x08003096   0x00000002   Code   RO          488    i.PendSV_Handler    stm32g4xx_it.o
    0x08003098   0x08003098   0x00000002   Code   RO          489    i.SVC_Handler       stm32g4xx_it.o
    0x0800309a   0x0800309a   0x0000000a   Code   RO         4654    i.SWAPBYTE          usbd_ctlreq.o
    0x080030a4   0x080030a4   0x00000004   Code   RO          490    i.SysTick_Handler   stm32g4xx_it.o
    0x080030a8   0x080030a8   0x0000006c   Code   RO          313    i.SystemClock_Config  main.o
    0x08003114   0x08003114   0x00000010   Code   RO         4099    i.SystemInit        system_stm32g4xx.o
    0x08003124   0x08003124   0x0000000c   Code   RO          491    i.TIM6_DAC_IRQHandler  stm32g4xx_it.o
    0x08003130   0x08003130   0x000000dc   Code   RO         3048    i.TIM_Base_SetConfig  stm32g4xx_hal_tim.o
    0x0800320c   0x0800320c   0x00000020   Code   RO         4374    i.USBD_CDC_ConfigStrDescriptor  usbd_desc.o
    0x0800322c   0x0800322c   0x0000005e   Code   RO         4787    i.USBD_CDC_DataIn   usbd_cdc.o
    0x0800328a   0x0800328a   0x0000002a   Code   RO         4788    i.USBD_CDC_DataOut  usbd_cdc.o
    0x080032b4   0x080032b4   0x00000048   Code   RO         4789    i.USBD_CDC_DeInit   usbd_cdc.o
    0x080032fc   0x080032fc   0x0000000c   Code   RO         4375    i.USBD_CDC_DeviceDescriptor  usbd_desc.o
    0x08003308   0x08003308   0x0000002e   Code   RO         4790    i.USBD_CDC_EP0_RxReady  usbd_cdc.o
    0x08003336   0x08003336   0x00000002   PAD
    0x08003338   0x08003338   0x0000000c   Code   RO         4791    i.USBD_CDC_GetDeviceQualifierDescriptor  usbd_cdc.o
    0x08003344   0x08003344   0x0000000c   Code   RO         4792    i.USBD_CDC_GetFSCfgDesc  usbd_cdc.o
    0x08003350   0x08003350   0x0000000c   Code   RO         4793    i.USBD_CDC_GetHSCfgDesc  usbd_cdc.o
    0x0800335c   0x0800335c   0x0000000c   Code   RO         4794    i.USBD_CDC_GetOtherSpeedCfgDesc  usbd_cdc.o
    0x08003368   0x08003368   0x000000a2   Code   RO         4795    i.USBD_CDC_Init     usbd_cdc.o
    0x0800340a   0x0800340a   0x00000002   PAD
    0x0800340c   0x0800340c   0x00000024   Code   RO         4376    i.USBD_CDC_InterfaceStrDescriptor  usbd_desc.o
    0x08003430   0x08003430   0x0000000c   Code   RO         4377    i.USBD_CDC_LangIDStrDescriptor  usbd_desc.o
    0x0800343c   0x0800343c   0x00000028   Code   RO         4378    i.USBD_CDC_ManufacturerStrDescriptor  usbd_desc.o
    0x08003464   0x08003464   0x0000002c   Code   RO         4379    i.USBD_CDC_ProductStrDescriptor  usbd_desc.o
    0x08003490   0x08003490   0x00000028   Code   RO         4796    i.USBD_CDC_ReceivePacket  usbd_cdc.o
    0x080034b8   0x080034b8   0x0000000e   Code   RO         4797    i.USBD_CDC_RegisterInterface  usbd_cdc.o
    0x080034c6   0x080034c6   0x00000002   PAD
    0x080034c8   0x080034c8   0x00000038   Code   RO         4380    i.USBD_CDC_SerialStrDescriptor  usbd_desc.o
    0x08003500   0x08003500   0x00000012   Code   RO         4798    i.USBD_CDC_SetRxBuffer  usbd_cdc.o
    0x08003512   0x08003512   0x00000016   Code   RO         4799    i.USBD_CDC_SetTxBuffer  usbd_cdc.o
    0x08003528   0x08003528   0x000000be   Code   RO         4800    i.USBD_CDC_Setup    usbd_cdc.o
    0x080035e6   0x080035e6   0x00000036   Code   RO         4801    i.USBD_CDC_TransmitPacket  usbd_cdc.o
    0x0800361c   0x0800361c   0x00000010   Code   RO         4516    i.USBD_ClrClassConfig  usbd_core.o
    0x0800362c   0x0800362c   0x00000010   Code   RO         4727    i.USBD_CtlContinueRx  usbd_ioreq.o
    0x0800363c   0x0800363c   0x00000010   Code   RO         4728    i.USBD_CtlContinueSendData  usbd_ioreq.o
    0x0800364c   0x0800364c   0x00000016   Code   RO         4655    i.USBD_CtlError     usbd_ctlreq.o
    0x08003662   0x08003662   0x0000001e   Code   RO         4729    i.USBD_CtlPrepareRx  usbd_ioreq.o
    0x08003680   0x08003680   0x00000016   Code   RO         4730    i.USBD_CtlReceiveStatus  usbd_ioreq.o
    0x08003696   0x08003696   0x0000001a   Code   RO         4731    i.USBD_CtlSendData  usbd_ioreq.o
    0x080036b0   0x080036b0   0x00000016   Code   RO         4732    i.USBD_CtlSendStatus  usbd_ioreq.o
    0x080036c6   0x080036c6   0x000000e6   Code   RO         4656    i.USBD_GetDescriptor  usbd_ctlreq.o
    0x080037ac   0x080037ac   0x00000048   Code   RO         4657    i.USBD_GetString    usbd_ctlreq.o
    0x080037f4   0x080037f4   0x00000018   Code   RO         4149    i.USBD_Get_USB_Status  usbd_conf.o
    0x0800380c   0x0800380c   0x00000026   Code   RO         4518    i.USBD_Init         usbd_core.o
    0x08003832   0x08003832   0x00000012   Code   RO         4150    i.USBD_LL_ClearStallEP  usbd_conf.o
    0x08003844   0x08003844   0x00000012   Code   RO         4151    i.USBD_LL_CloseEP   usbd_conf.o
    0x08003856   0x08003856   0x000000a8   Code   RO         4519    i.USBD_LL_DataInStage  usbd_core.o
    0x080038fe   0x080038fe   0x0000006c   Code   RO         4520    i.USBD_LL_DataOutStage  usbd_core.o
    0x0800396a   0x0800396a   0x00000008   Code   RO         4155    i.USBD_LL_GetRxDataSize  usbd_conf.o
    0x08003972   0x08003972   0x00000002   PAD
    0x08003974   0x08003974   0x00000084   Code   RO         4156    i.USBD_LL_Init      usbd_conf.o
    0x080039f8   0x080039f8   0x0000001e   Code   RO         4157    i.USBD_LL_IsStallEP  usbd_conf.o
    0x08003a16   0x08003a16   0x00000018   Code   RO         4158    i.USBD_LL_OpenEP    usbd_conf.o
    0x08003a2e   0x08003a2e   0x00000012   Code   RO         4159    i.USBD_LL_PrepareReceive  usbd_conf.o
    0x08003a40   0x08003a40   0x0000005a   Code   RO         4525    i.USBD_LL_Reset     usbd_core.o
    0x08003a9a   0x08003a9a   0x00000014   Code   RO         4526    i.USBD_LL_Resume    usbd_core.o
    0x08003aae   0x08003aae   0x00000020   Code   RO         4527    i.USBD_LL_SOF       usbd_core.o
    0x08003ace   0x08003ace   0x00000006   Code   RO         4528    i.USBD_LL_SetSpeed  usbd_core.o
    0x08003ad4   0x08003ad4   0x00000012   Code   RO         4160    i.USBD_LL_SetUSBAddress  usbd_conf.o
    0x08003ae6   0x08003ae6   0x00000060   Code   RO         4529    i.USBD_LL_SetupStage  usbd_core.o
    0x08003b46   0x08003b46   0x00000012   Code   RO         4161    i.USBD_LL_StallEP   usbd_conf.o
    0x08003b58   0x08003b58   0x00000012   Code   RO         4162    i.USBD_LL_Start     usbd_conf.o
    0x08003b6a   0x08003b6a   0x00000012   Code   RO         4530    i.USBD_LL_Suspend   usbd_core.o
    0x08003b7c   0x08003b7c   0x00000012   Code   RO         4164    i.USBD_LL_Transmit  usbd_conf.o
    0x08003b8e   0x08003b8e   0x0000002c   Code   RO         4658    i.USBD_ParseSetupRequest  usbd_ctlreq.o
    0x08003bba   0x08003bba   0x00000024   Code   RO         4531    i.USBD_RegisterClass  usbd_core.o
    0x08003bde   0x08003bde   0x00000014   Code   RO         4533    i.USBD_SetClassConfig  usbd_core.o
    0x08003bf2   0x08003bf2   0x00000002   PAD
    0x08003bf4   0x08003bf4   0x000000bc   Code   RO         4659    i.USBD_SetConfig    usbd_ctlreq.o
    0x08003cb0   0x08003cb0   0x00000004   Code   RO         4534    i.USBD_Start        usbd_core.o
    0x08003cb4   0x08003cb4   0x00000116   Code   RO         4660    i.USBD_StdDevReq    usbd_ctlreq.o
    0x08003dca   0x08003dca   0x00000140   Code   RO         4661    i.USBD_StdEPReq     usbd_ctlreq.o
    0x08003f0a   0x08003f0a   0x00000052   Code   RO         4662    i.USBD_StdItfReq    usbd_ctlreq.o
    0x08003f5c   0x08003f5c   0x00000002   Code   RO         4165    i.USBD_static_free  usbd_conf.o
    0x08003f5e   0x08003f5e   0x00000002   PAD
    0x08003f60   0x08003f60   0x00000008   Code   RO         4166    i.USBD_static_malloc  usbd_conf.o
    0x08003f68   0x08003f68   0x0000036a   Code   RO          897    i.USB_ActivateEndpoint  stm32g4xx_ll_usb.o
    0x080042d2   0x080042d2   0x0000010e   Code   RO          901    i.USB_DeactivateEndpoint  stm32g4xx_ll_usb.o
    0x080043e0   0x080043e0   0x0000000e   Code   RO          902    i.USB_DevConnect    stm32g4xx_ll_usb.o
    0x080043ee   0x080043ee   0x00000012   Code   RO          904    i.USB_DevInit       stm32g4xx_ll_usb.o
    0x08004400   0x08004400   0x00000010   Code   RO          905    i.USB_DisableGlobalInt  stm32g4xx_ll_usb.o
    0x08004410   0x08004410   0x00000070   Code   RO          906    i.USB_EPClearStall  stm32g4xx_ll_usb.o
    0x08004480   0x08004480   0x00000032   Code   RO          907    i.USB_EPSetStall    stm32g4xx_ll_usb.o
    0x080044b2   0x080044b2   0x00000002   PAD
    0x080044b4   0x080044b4   0x0000036e   Code   RO          908    i.USB_EPStartXfer   stm32g4xx_ll_usb.o
    0x08004822   0x08004822   0x00000012   Code   RO          910    i.USB_EnableGlobalInt  stm32g4xx_ll_usb.o
    0x08004834   0x08004834   0x0000000c   Code   RO          492    i.USB_LP_IRQHandler  stm32g4xx_it.o
    0x08004840   0x08004840   0x0000003c   Code   RO          207    i.USB_MotorComm_Crc16  usb_motor_comm.o
    0x0800487c   0x0800487c   0x00000034   Code   RO          208    i.USB_MotorComm_GetCommand  usb_motor_comm.o
    0x080048b0   0x080048b0   0x00000064   Code   RO          209    i.USB_MotorComm_ParseCommand  usb_motor_comm.o
    0x08004914   0x08004914   0x000000b4   Code   RO          210    i.USB_MotorComm_Receive  usb_motor_comm.o
    0x080049c8   0x080049c8   0x000000f0   Code   RO          211    i.USB_MotorComm_SendFeedback  usb_motor_comm.o
    0x08004ab8   0x08004ab8   0x0000000c   Code   RO          212    i.USB_MotorComm_TransmitComplete  usb_motor_comm.o
    0x08004ac4   0x08004ac4   0x00000008   Code   RO          213    i.USB_MotorComm_WriteUint16  usb_motor_comm.o
    0x08004acc   0x08004acc   0x00000006   Code   RO          913    i.USB_ReadInterrupts  stm32g4xx_ll_usb.o
    0x08004ad2   0x08004ad2   0x00000028   Code   RO          914    i.USB_ReadPMA       stm32g4xx_ll_usb.o
    0x08004afa   0x08004afa   0x0000000c   Code   RO          916    i.USB_SetDevAddress  stm32g4xx_ll_usb.o
    0x08004b06   0x08004b06   0x00000002   PAD
    0x08004b08   0x08004b08   0x00000026   Code   RO          918    i.USB_WritePMA      stm32g4xx_ll_usb.o
    0x08004b2e   0x08004b2e   0x00000002   Code   RO          493    i.UsageFault_Handler  stm32g4xx_it.o
    0x08004b30   0x08004b30   0x00000020   Code   RO         2441    i.__NVIC_SetPriority  stm32g4xx_hal_cortex.o
    0x08004b50   0x08004b50   0x00000188   Code   RO          314    i.main              main.o
    0x08004cd8   0x08004cd8   0x0000000a   Code   RO         4985    x$fpl$fpinit        fz_wm.l(fpinit.o)
    0x08004ce2   0x08004ce2   0x00000002   PAD
    0x08004ce4   0x08004ce4   0x00000018   Data   RO           24    .constdata          dm_motor.o
    0x08004cfc   0x08004cfc   0x00000010   Data   RO         2629    .constdata          stm32g4xx_hal_fdcan.o
    0x08004d0c   0x08004d0c   0x00000010   Data   RO         4100    .constdata          system_stm32g4xx.o
    0x08004d1c   0x08004d1c   0x00000020   Data   RO         5053    Region$$Table       anon$$obj.o


    Execution Region RW_IRAM1 (Exec base: 0x20000000, Load base: 0x08004d3c, Size: 0x00002b98, Max: 0x00020000, ABSOLUTE, COMPRESSED[0x000000dc])

    Exec Addr    Load Addr    Size         Type   Attr      Idx    E Section Name        Object

    0x20000000   COMPRESSED   0x000000ac   Data   RW           25    .data               dm_motor.o
    0x200000ac   COMPRESSED   0x00000006   Data   RW          215    .data               usb_motor_comm.o
    0x200000b2   COMPRESSED   0x00000002   PAD
    0x200000b4   COMPRESSED   0x00000016   Data   RW          316    .data               main.o
    0x200000ca   COMPRESSED   0x00000002   PAD
    0x200000cc   COMPRESSED   0x0000000c   Data   RW         1085    .data               stm32g4xx_hal.o
    0x200000d8   COMPRESSED   0x00000004   Data   RW         4102    .data               system_stm32g4xx.o
    0x200000dc   COMPRESSED   0x0000001c   Data   RW         4382    .data               usbd_desc.o
    0x200000f8   COMPRESSED   0x00000032   Data   RW         4383    .data               usbd_desc.o
    0x2000012a   COMPRESSED   0x00000002   PAD
    0x2000012c   COMPRESSED   0x00000014   Data   RW         4466    .data               usbd_cdc_if.o
    0x20000140   COMPRESSED   0x00000001   Data   RW         4663    .data               usbd_ctlreq.o
    0x20000141   COMPRESSED   0x00000003   PAD
    0x20000144   COMPRESSED   0x000000d7   Data   RW         4802    .data               usbd_cdc.o
    0x2000021b   COMPRESSED   0x00000001   PAD
    0x2000021c   COMPRESSED   0x00000038   Data   RW         4803    .data               usbd_cdc.o
    0x20000254        -       0x000001ba   Zero   RW          214    .bss                usb_motor_comm.o
    0x2000040e   COMPRESSED   0x00000002   PAD
    0x20000410        -       0x000000ac   Zero   RW          315    .bss                main.o
    0x200004bc        -       0x00000064   Zero   RW          401    .bss                fdcan.o
    0x20000520        -       0x0000004c   Zero   RW          443    .bss                tim.o
    0x2000056c        -       0x000004fc   Zero   RW         4167    .bss                usbd_conf.o
    0x20000a68        -       0x000002d0   Zero   RW         4343    .bss                usb_device.o
    0x20000d38        -       0x00000200   Zero   RW         4381    .bss                usbd_desc.o
    0x20000f38        -       0x00001000   Zero   RW         4465    .bss                usbd_cdc_if.o
    0x20001f38        -       0x00000060   Zero   RW         4927    .bss                c_w.l(libspace.o)
    0x20001f98        -       0x00000400   Zero   RW            2    HEAP                startup_stm32g474xx.o
    0x20002398        -       0x00000800   Zero   RW            1    STACK               startup_stm32g474xx.o


==============================================================================

Image component sizes


      Code (inc. data)   RO Data    RW Data    ZI Data      Debug   Object Name

       740         44         24        172          0     892268   dm_motor.o
       232         22          0          0        100       1819   fdcan.o
        60          6          0          0          0        847   gpio.o
       760         46          0         22        172       4748   main.o
        64         26        472          0       3072        852   startup_stm32g474xx.o
       126         20          0         12          0       3725   stm32g4xx_hal.o
       198         14          0          0          0      33871   stm32g4xx_hal_cortex.o
      1878         34         16          0          0      20487   stm32g4xx_hal_fdcan.o
       564         32          0          0          0       1664   stm32g4xx_hal_gpio.o
        48          6          0          0          0        882   stm32g4xx_hal_msp.o
      3058          0          0          0          0      14909   stm32g4xx_hal_pcd.o
        98          0          0          0          0       2541   stm32g4xx_hal_pcd_ex.o
       204         18          0          0          0       1417   stm32g4xx_hal_pwr_ex.o
      1612         64          0          0          0       5126   stm32g4xx_hal_rcc.o
       768         10          0          0          0       1996   stm32g4xx_hal_rcc_ex.o
       884         70          0          0          0       6881   stm32g4xx_hal_tim.o
       198         34          0          0          0       5492   stm32g4xx_hal_tim_ex.o
        56         18          0          0          0       5664   stm32g4xx_it.o
      2346          0          0          0          0      14092   stm32g4xx_ll_usb.o
        16          4         16          4          0       1151   system_stm32g4xx.o
       128         18          0          0         76       1634   tim.o
        84         18          0          0        720        820   usb_device.o
       652         46          0          6        442      21660   usb_motor_comm.o
       802         16          0        271          0      13885   usbd_cdc.o
       130         20          0         20       4096       4112   usbd_cdc_if.o
       616         32          0          0       1276      14794   usbd_conf.o
       652          0          0          0          0       9995   usbd_core.o
      1246         30          0          1          0      14412   usbd_ctlreq.o
       288        104          0         78        512       6238   usbd_desc.o
       132          0          0          0          0       4576   usbd_ioreq.o

    ----------------------------------------------------------------------
     18678        752        560        596      10468    1112558   Object Totals
         0          0         32          0          0          0   (incl. Generated)
        38          0          0         10          2          0   (incl. Padding)

    ----------------------------------------------------------------------

      Code (inc. data)   RO Data    RW Data    ZI Data      Debug   Library Member Name

        90          0          0          0          0          0   __dczerorl2.o
         8          0          0          0          0         68   __main.o
         0          0          0          0          0          0   __rtentry.o
        12          0          0          0          0          0   __rtentry2.o
         6          0          0          0          0          0   __rtentry4.o
        52          8          0          0          0          0   __scatter.o
        28          0          0          0          0          0   __scatter_zi.o
        18          0          0          0          0         80   exit.o
         6          0          0          0          0        152   heapauxi.o
         0          0          0          0          0          0   indicate_semi.o
         2          0          0          0          0          0   libinit.o
         6          0          0          0          0          0   libinit2.o
         2          0          0          0          0          0   libshutdown.o
         2          0          0          0          0          0   libshutdown2.o
         8          4          0          0         96         68   libspace.o
        78          0          0          0          0         80   rt_memclr_w.o
       100          0          0          0          0         80   rt_memcpy_w.o
         2          0          0          0          0          0   rtexit.o
        10          0          0          0          0          0   rtexit2.o
        12          4          0          0          0         68   sys_exit.o
        74          0          0          0          0         80   sys_stackheap_outer.o
         2          0          0          0          0         68   use_no_semi.o
        10          0          0          0          0        116   fpinit.o

    ----------------------------------------------------------------------
       534         16          0          0         96        860   Library Totals
         6          0          0          0          0          0   (incl. Padding)

    ----------------------------------------------------------------------

      Code (inc. data)   RO Data    RW Data    ZI Data      Debug   Library Name

       518         16          0          0         96        744   c_w.l
        10          0          0          0          0        116   fz_wm.l

    ----------------------------------------------------------------------
       534         16          0          0         96        860   Library Totals

    ----------------------------------------------------------------------

==============================================================================


      Code (inc. data)   RO Data    RW Data    ZI Data      Debug   

     19212        768        560        596      10564    1093258   Grand Totals
     19212        768        560        220      10564    1093258   ELF Image Totals (compressed)
     19212        768        560        220          0          0   ROM Totals

==============================================================================

    Total RO  Size (Code + RO Data)                19772 (  19.31kB)
    Total RW  Size (RW Data + ZI Data)             11160 (  10.90kB)
    Total ROM Size (Code + RO Data + RW Data)      19992 (  19.52kB)

==============================================================================

