<html>
<body>
<pre>
<h1>µVision Build Log</h1>
<h2>Tool Versions:</h2>
IDE-Version: ¦ÌVision V5.39.0.0
Copyright (C) 2023 ARM Ltd and ARM Germany GmbH. All rights reserved.
License Information: 1 a, 1, LIC=8VRJ7-EHA0U-749S0-B6VUD-RX7RB-NKUER
 
Tool Versions:
Toolchain:       MDK-ARM Plus  Version: 5.39.0.0
Toolchain Path:  D:\Keil5\ARM\ARMCC\Bin
C Compiler:      Armcc.exe V5.06 update 5 (build 528)
Assembler:       Armasm.exe V5.06 update 5 (build 528)
Linker/Locator:  ArmLink.exe V5.06 update 5 (build 528)
Library Manager: ArmAr.exe V5.06 update 5 (build 528)
Hex Converter:   FromElf.exe V5.06 update 5 (build 528)
CPU DLL:         SARMCM3.DLL V5.39.0.0
Dialog DLL:      DCM.DLL V1.17.5.0
Target DLL:      STLink\ST-LINKIII-KEIL_SWO.dll V3.2.0.0
Dialog DLL:      TCM.DLL V1.56.4.0
 
<h2>Project:</h2>
E:\ZJU\EXO\stm32\stm32_project\EXO2_DM_G474\MDK-ARM\EXO2_DM_G474.uvprojx
Project File Date:  07/27/2026

<h2>Output:</h2>
*** Using Compiler 'V5.06 update 5 (build 528)', folder: 'D:\Keil5\ARM\ARMCC\Bin'
Build target 'EXO2_DM_G474'
assembling startup_stm32g474xx.s...
compiling stm32g4xx_it.c...
compiling fdcan.c...
compiling gpio.c...
compiling dm_motor.c...
compiling stm32g4xx_hal.c...
compiling tim.c...
compiling stm32g4xx_hal_msp.c...
compiling stm32g4xx_hal_pcd_ex.c...
compiling stm32g4xx_ll_usb.c...
compiling usb_motor_comm.c...
compiling stm32g4xx_hal_rcc.c...
compiling main.c...
compiling stm32g4xx_hal_pcd.c...
compiling stm32g4xx_hal_cortex.c...
compiling stm32g4xx_hal_exti.c...
compiling stm32g4xx_hal_gpio.c...
compiling stm32g4xx_hal_dma_ex.c...
compiling stm32g4xx_hal_flash.c...
compiling stm32g4xx_hal_dma.c...
compiling stm32g4xx_hal_pwr.c...
compiling stm32g4xx_hal_flash_ex.c...
compiling stm32g4xx_hal_fdcan.c...
compiling stm32g4xx_hal_pwr_ex.c...
compiling stm32g4xx_hal_flash_ramfunc.c...
compiling stm32g4xx_hal_rcc_ex.c...
compiling stm32g4xx_hal_tim.c...
compiling usbd_ioreq.c...
compiling usbd_cdc_if.c...
compiling usbd_desc.c...
compiling system_stm32g4xx.c...
compiling usbd_ctlreq.c...
compiling usbd_conf.c...
compiling usb_device.c...
compiling usbd_core.c...
compiling usbd_cdc.c...
compiling stm32g4xx_hal_tim_ex.c...
linking...
Program Size: Code=19212 RO-data=560 RW-data=596 ZI-data=10564  
FromELF: creating hex file...
"EXO2_DM_G474\EXO2_DM_G474.axf" - 0 Error(s), 0 Warning(s).

<h2>Software Packages used:</h2>

Package Vendor: ARM
                http://www.keil.com/pack/ARM.CMSIS.5.9.0.pack
                ARM::CMSIS@5.9.0
                CMSIS (Common Microcontroller Software Interface Standard)
   * Component: CORE Version: 5.6.0

Package Vendor: Keil
                https://www.keil.com/pack/Keil.STM32G4xx_DFP.1.5.0.pack
                Keil::STM32G4xx_DFP@1.5.0
                STMicroelectronics STM32G4 Series Device Support, Drivers and Examples

<h2>Collection of Component include folders:</h2>
  ./RTE/_EXO2_DM_G474
  D:/Keil5/ARM/PACK/ARM/CMSIS/5.9.0/CMSIS/Core/Include
  D:/Keil5/ARM/PACK/Keil/STM32G4xx_DFP/1.5.0/Drivers/CMSIS/Device/ST/STM32G4xx/Include

<h2>Collection of Component Files used:</h2>

   * Component: ARM::CMSIS:CORE@5.6.0
      Include file:  CMSIS/Core/Include/tz_context.h
Build Time Elapsed:  00:00:19
</pre>
</body>
</html>
